[0.130s] Invoking command in '/home/student36/RoboticsDesignProject/elephant_arm_ws/build/mycobot_description': CMAKE_PREFIX_PATH=${CMAKE_PREFIX_PATH}:/home/student36/ros2_tutorial_workspace/install/the_simplest_python_package:/home/student36/ros2_tutorial_workspace/install/python_package_with_a_node:/home/student36/ros2_tutorial_workspace/install/python_package_that_uses_the_library:/home/student36/ros2_tutorial_workspace/install/python_package_with_a_library:/home/student36/ros2_tutorial_workspace/install/python_package_that_uses_the_services:/home/student36/ros2_tutorial_workspace/install/python_package_that_uses_the_actions:/home/student36/ros2_tutorial_workspace/install/python_package_that_uses_tf2:/home/student36/ros2_tutorial_workspace/install/python_package_that_uses_parameters_and_launch_files:/home/student36/ros2_tutorial_workspace/install/python_package_that_uses_nottf2:/home/student36/ros2_tutorial_workspace/install/python_package_that_uses_nav2:/home/student36/ros2_tutorial_workspace/install/python_package_that_uses_messages:/home/student36/ros2_tutorial_workspace/install/python_package_that_uses_geometry_msgs:/home/student36/ros2_tutorial_workspace/install/python_package_that_uses_gazebo:/home/student36/ws_moveit/install/moveit_configs_utils:/home/student36/elephant_arm_ws/install/mycobot_description:/opt/ros/jazzy DEBUGINFOD_URLS=https://debuginfod.ubuntu.com /usr/bin/cmake /home/student36/RoboticsDesignProject/elephant_arm_ws/src/mycobot_ros2/mycobot_description -DCMAKE_INSTALL_PREFIX=/home/student36/RoboticsDesignProject/elephant_arm_ws/install/mycobot_description
[0.336s] -- The C compiler identification is GNU 13.3.0
[0.514s] -- The CXX compiler identification is GNU 13.3.0
[0.575s] -- Detecting C compiler ABI info
[0.864s] -- Detecting C compiler ABI info - done
[0.901s] -- Check for working C compiler: /usr/bin/cc - skipped
[0.901s] -- Detecting C compile features
[0.903s] -- Detecting C compile features - done
[0.933s] -- Detecting CXX compiler ABI info
[1.276s] -- Detecting CXX compiler ABI info - done
[1.309s] -- Check for working CXX compiler: /usr/bin/c++ - skipped
[1.309s] -- Detecting CXX compile features
[1.311s] -- Detecting CXX compile features - done
[1.346s] -- Found ament_cmake: 2.5.4 (/opt/ros/jazzy/share/ament_cmake/cmake)
[2.115s] -- Found Python3: /usr/bin/python3 (found version "3.12.3") found components: Interpreter 
[2.811s] -- Found urdf_tutorial: 1.1.0 (/opt/ros/jazzy/share/urdf_tutorial/cmake)
[2.831s] -- Found ament_lint_auto: 0.17.3 (/opt/ros/jazzy/share/ament_lint_auto/cmake)
[3.286s] -- Added test 'flake8' to check Python code syntax and style conventions
[3.286s] -- Configured 'flake8' exclude dirs and/or files: 
[3.292s] -- Added test 'lint_cmake' to check CMake code style
[3.298s] -- Added test 'pep257' to check Python code against some of the docstring style conventions in PEP 257
[3.306s] -- Added test 'xmllint' to check XML markup files
[3.316s] -- Configuring done (3.2s)
[3.323s] -- Generating done (0.0s)
[3.327s] -- Build files have been written to: /home/student36/RoboticsDesignProject/elephant_arm_ws/build/mycobot_description
[3.339s] Invoked command in '/home/student36/RoboticsDesignProject/elephant_arm_ws/build/mycobot_description' returned '0': CMAKE_PREFIX_PATH=${CMAKE_PREFIX_PATH}:/home/student36/ros2_tutorial_workspace/install/the_simplest_python_package:/home/student36/ros2_tutorial_workspace/install/python_package_with_a_node:/home/student36/ros2_tutorial_workspace/install/python_package_that_uses_the_library:/home/student36/ros2_tutorial_workspace/install/python_package_with_a_library:/home/student36/ros2_tutorial_workspace/install/python_package_that_uses_the_services:/home/student36/ros2_tutorial_workspace/install/python_package_that_uses_the_actions:/home/student36/ros2_tutorial_workspace/install/python_package_that_uses_tf2:/home/student36/ros2_tutorial_workspace/install/python_package_that_uses_parameters_and_launch_files:/home/student36/ros2_tutorial_workspace/install/python_package_that_uses_nottf2:/home/student36/ros2_tutorial_workspace/install/python_package_that_uses_nav2:/home/student36/ros2_tutorial_workspace/install/python_package_that_uses_messages:/home/student36/ros2_tutorial_workspace/install/python_package_that_uses_geometry_msgs:/home/student36/ros2_tutorial_workspace/install/python_package_that_uses_gazebo:/home/student36/ws_moveit/install/moveit_configs_utils:/home/student36/elephant_arm_ws/install/mycobot_description:/opt/ros/jazzy DEBUGINFOD_URLS=https://debuginfod.ubuntu.com /usr/bin/cmake /home/student36/RoboticsDesignProject/elephant_arm_ws/src/mycobot_ros2/mycobot_description -DCMAKE_INSTALL_PREFIX=/home/student36/RoboticsDesignProject/elephant_arm_ws/install/mycobot_description
[3.343s] Invoking command in '/home/student36/RoboticsDesignProject/elephant_arm_ws/build/mycobot_description': CMAKE_PREFIX_PATH=${CMAKE_PREFIX_PATH}:/home/student36/ros2_tutorial_workspace/install/the_simplest_python_package:/home/student36/ros2_tutorial_workspace/install/python_package_with_a_node:/home/student36/ros2_tutorial_workspace/install/python_package_that_uses_the_library:/home/student36/ros2_tutorial_workspace/install/python_package_with_a_library:/home/student36/ros2_tutorial_workspace/install/python_package_that_uses_the_services:/home/student36/ros2_tutorial_workspace/install/python_package_that_uses_the_actions:/home/student36/ros2_tutorial_workspace/install/python_package_that_uses_tf2:/home/student36/ros2_tutorial_workspace/install/python_package_that_uses_parameters_and_launch_files:/home/student36/ros2_tutorial_workspace/install/python_package_that_uses_nottf2:/home/student36/ros2_tutorial_workspace/install/python_package_that_uses_nav2:/home/student36/ros2_tutorial_workspace/install/python_package_that_uses_messages:/home/student36/ros2_tutorial_workspace/install/python_package_that_uses_geometry_msgs:/home/student36/ros2_tutorial_workspace/install/python_package_that_uses_gazebo:/home/student36/ws_moveit/install/moveit_configs_utils:/home/student36/elephant_arm_ws/install/mycobot_description:/opt/ros/jazzy DEBUGINFOD_URLS=https://debuginfod.ubuntu.com /usr/bin/cmake --build /home/student36/RoboticsDesignProject/elephant_arm_ws/build/mycobot_description -- -j12 -l12
[3.501s] Invoked command in '/home/student36/RoboticsDesignProject/elephant_arm_ws/build/mycobot_description' returned '0': CMAKE_PREFIX_PATH=${CMAKE_PREFIX_PATH}:/home/student36/ros2_tutorial_workspace/install/the_simplest_python_package:/home/student36/ros2_tutorial_workspace/install/python_package_with_a_node:/home/student36/ros2_tutorial_workspace/install/python_package_that_uses_the_library:/home/student36/ros2_tutorial_workspace/install/python_package_with_a_library:/home/student36/ros2_tutorial_workspace/install/python_package_that_uses_the_services:/home/student36/ros2_tutorial_workspace/install/python_package_that_uses_the_actions:/home/student36/ros2_tutorial_workspace/install/python_package_that_uses_tf2:/home/student36/ros2_tutorial_workspace/install/python_package_that_uses_parameters_and_launch_files:/home/student36/ros2_tutorial_workspace/install/python_package_that_uses_nottf2:/home/student36/ros2_tutorial_workspace/install/python_package_that_uses_nav2:/home/student36/ros2_tutorial_workspace/install/python_package_that_uses_messages:/home/student36/ros2_tutorial_workspace/install/python_package_that_uses_geometry_msgs:/home/student36/ros2_tutorial_workspace/install/python_package_that_uses_gazebo:/home/student36/ws_moveit/install/moveit_configs_utils:/home/student36/elephant_arm_ws/install/mycobot_description:/opt/ros/jazzy DEBUGINFOD_URLS=https://debuginfod.ubuntu.com /usr/bin/cmake --build /home/student36/RoboticsDesignProject/elephant_arm_ws/build/mycobot_description -- -j12 -l12
[3.536s] Invoking command in '/home/student36/RoboticsDesignProject/elephant_arm_ws/build/mycobot_description': CMAKE_PREFIX_PATH=${CMAKE_PREFIX_PATH}:/home/student36/ros2_tutorial_workspace/install/the_simplest_python_package:/home/student36/ros2_tutorial_workspace/install/python_package_with_a_node:/home/student36/ros2_tutorial_workspace/install/python_package_that_uses_the_library:/home/student36/ros2_tutorial_workspace/install/python_package_with_a_library:/home/student36/ros2_tutorial_workspace/install/python_package_that_uses_the_services:/home/student36/ros2_tutorial_workspace/install/python_package_that_uses_the_actions:/home/student36/ros2_tutorial_workspace/install/python_package_that_uses_tf2:/home/student36/ros2_tutorial_workspace/install/python_package_that_uses_parameters_and_launch_files:/home/student36/ros2_tutorial_workspace/install/python_package_that_uses_nottf2:/home/student36/ros2_tutorial_workspace/install/python_package_that_uses_nav2:/home/student36/ros2_tutorial_workspace/install/python_package_that_uses_messages:/home/student36/ros2_tutorial_workspace/install/python_package_that_uses_geometry_msgs:/home/student36/ros2_tutorial_workspace/install/python_package_that_uses_gazebo:/home/student36/ws_moveit/install/moveit_configs_utils:/home/student36/elephant_arm_ws/install/mycobot_description:/opt/ros/jazzy DEBUGINFOD_URLS=https://debuginfod.ubuntu.com /usr/bin/cmake --install /home/student36/RoboticsDesignProject/elephant_arm_ws/build/mycobot_description
[3.569s] -- Install configuration: ""
[3.570s] -- Installing: /home/student36/RoboticsDesignProject/elephant_arm_ws/install/mycobot_description/share/mycobot_description/meshes
[3.570s] -- Installing: /home/student36/RoboticsDesignProject/elephant_arm_ws/install/mycobot_description/share/mycobot_description/meshes/adaptive_gripper
[3.581s] -- Installing: /home/student36/RoboticsDesignProject/elephant_arm_ws/install/mycobot_description/share/mycobot_description/meshes/adaptive_gripper/visual
[3.582s] -- Installing: /home/student36/RoboticsDesignProject/elephant_arm_ws/install/mycobot_description/share/mycobot_description/meshes/adaptive_gripper/visual/gripper_right1.dae
[3.582s] -- Installing: /home/student36/RoboticsDesignProject/elephant_arm_ws/install/mycobot_description/share/mycobot_description/meshes/adaptive_gripper/visual/gripper_base.dae
[3.589s] -- Installing: /home/student36/RoboticsDesignProject/elephant_arm_ws/install/mycobot_description/share/mycobot_description/meshes/adaptive_gripper/visual/gripper_left3.dae
[3.594s] -- Installing: /home/student36/RoboticsDesignProject/elephant_arm_ws/install/mycobot_description/share/mycobot_description/meshes/adaptive_gripper/visual/gripper_right3.dae
[3.610s] -- Installing: /home/student36/RoboticsDesignProject/elephant_arm_ws/install/mycobot_description/share/mycobot_description/meshes/adaptive_gripper/visual/gripper_left2.dae
[3.615s] -- Installing: /home/student36/RoboticsDesignProject/elephant_arm_ws/install/mycobot_description/share/mycobot_description/meshes/adaptive_gripper/visual/gripper_left1.dae
[3.615s] -- Installing: /home/student36/RoboticsDesignProject/elephant_arm_ws/install/mycobot_description/share/mycobot_description/meshes/adaptive_gripper/visual/gripper_right2.dae
[3.618s] -- Installing: /home/student36/RoboticsDesignProject/elephant_arm_ws/install/mycobot_description/share/mycobot_description/meshes/mycobot_280
[3.619s] -- Installing: /home/student36/RoboticsDesignProject/elephant_arm_ws/install/mycobot_description/share/mycobot_description/meshes/mycobot_280/visual
[3.619s] -- Installing: /home/student36/RoboticsDesignProject/elephant_arm_ws/install/mycobot_description/share/mycobot_description/meshes/mycobot_280/visual/joint6.png
[3.619s] -- Installing: /home/student36/RoboticsDesignProject/elephant_arm_ws/install/mycobot_description/share/mycobot_description/meshes/mycobot_280/visual/joint4.dae
[3.639s] -- Installing: /home/student36/RoboticsDesignProject/elephant_arm_ws/install/mycobot_description/share/mycobot_description/meshes/mycobot_280/visual/joint7.dae
[3.646s] -- Installing: /home/student36/RoboticsDesignProject/elephant_arm_ws/install/mycobot_description/share/mycobot_description/meshes/mycobot_280/visual/pump_head.dae
[3.662s] -- Installing: /home/student36/RoboticsDesignProject/elephant_arm_ws/install/mycobot_description/share/mycobot_description/meshes/mycobot_280/visual/joint3.dae
[3.684s] -- Installing: /home/student36/RoboticsDesignProject/elephant_arm_ws/install/mycobot_description/share/mycobot_description/meshes/mycobot_280/visual/G_base.dae
[3.709s] -- Installing: /home/student36/RoboticsDesignProject/elephant_arm_ws/install/mycobot_description/share/mycobot_description/meshes/mycobot_280/visual/joint2.png
[3.709s] -- Installing: /home/student36/RoboticsDesignProject/elephant_arm_ws/install/mycobot_description/share/mycobot_description/meshes/mycobot_280/visual/pump_box.dae
[3.716s] -- Installing: /home/student36/RoboticsDesignProject/elephant_arm_ws/install/mycobot_description/share/mycobot_description/meshes/mycobot_280/visual/joint2.dae
[3.726s] -- Installing: /home/student36/RoboticsDesignProject/elephant_arm_ws/install/mycobot_description/share/mycobot_description/meshes/mycobot_280/visual/joint1.png
[3.732s] -- Installing: /home/student36/RoboticsDesignProject/elephant_arm_ws/install/mycobot_description/share/mycobot_description/meshes/mycobot_280/visual/joint1_pi.dae
[3.802s] -- Installing: /home/student36/RoboticsDesignProject/elephant_arm_ws/install/mycobot_description/share/mycobot_description/meshes/mycobot_280/visual/camera_flange.dae
[3.811s] -- Installing: /home/student36/RoboticsDesignProject/elephant_arm_ws/install/mycobot_description/share/mycobot_description/meshes/mycobot_280/visual/joint7.png
[3.812s] -- Installing: /home/student36/RoboticsDesignProject/elephant_arm_ws/install/mycobot_description/share/mycobot_description/meshes/mycobot_280/visual/joint5.dae
[3.826s] -- Installing: /home/student36/RoboticsDesignProject/elephant_arm_ws/install/mycobot_description/share/mycobot_description/meshes/mycobot_280/visual/joint5.png
[3.826s] -- Installing: /home/student36/RoboticsDesignProject/elephant_arm_ws/install/mycobot_description/share/mycobot_description/meshes/mycobot_280/visual/joint6.dae
[3.833s] -- Installing: /home/student36/RoboticsDesignProject/elephant_arm_ws/install/mycobot_description/share/mycobot_description/meshes/mycobot_280/visual/joint1.dae
[3.843s] -- Installing: /home/student36/RoboticsDesignProject/elephant_arm_ws/install/mycobot_description/share/mycobot_description/meshes/mycobot_280/visual/joint4.png
[3.844s] -- Installing: /home/student36/RoboticsDesignProject/elephant_arm_ws/install/mycobot_description/share/mycobot_description/meshes/mycobot_280/visual/joint3.png
[3.845s] -- Installing: /home/student36/RoboticsDesignProject/elephant_arm_ws/install/mycobot_description/share/mycobot_description/urdf
[3.845s] -- Installing: /home/student36/RoboticsDesignProject/elephant_arm_ws/install/mycobot_description/share/mycobot_description/urdf/mech
[3.845s] -- Installing: /home/student36/RoboticsDesignProject/elephant_arm_ws/install/mycobot_description/share/mycobot_description/urdf/mech/g_shape_base_v2_0.urdf.xacro
[3.846s] -- Installing: /home/student36/RoboticsDesignProject/elephant_arm_ws/install/mycobot_description/share/mycobot_description/urdf/mech/mycobot_280_arm.urdf.xacro
[3.846s] -- Installing: /home/student36/RoboticsDesignProject/elephant_arm_ws/install/mycobot_description/share/mycobot_description/urdf/mech/adaptive_gripper.urdf.xacro
[3.847s] -- Installing: /home/student36/RoboticsDesignProject/elephant_arm_ws/install/mycobot_description/share/mycobot_description/urdf/sensors
[3.847s] -- Installing: /home/student36/RoboticsDesignProject/elephant_arm_ws/install/mycobot_description/share/mycobot_description/urdf/robots
[3.847s] -- Installing: /home/student36/RoboticsDesignProject/elephant_arm_ws/install/mycobot_description/share/mycobot_description/urdf/robots/mycobot_280.urdf.xacro
[3.848s] -- Installing: /home/student36/RoboticsDesignProject/elephant_arm_ws/install/mycobot_description/share/mycobot_description/urdf/control
[3.848s] -- Installing: /home/student36/RoboticsDesignProject/elephant_arm_ws/install/mycobot_description/share/mycobot_description/urdf/control/gazebo_sim_ros2_control.urdf.xacro
[3.848s] -- Installing: /home/student36/RoboticsDesignProject/elephant_arm_ws/install/mycobot_description/share/mycobot_description/launch
[3.848s] -- Installing: /home/student36/RoboticsDesignProject/elephant_arm_ws/install/mycobot_description/share/mycobot_description/launch/robot_state_publisher.launch.py
[3.849s] -- Installing: /home/student36/RoboticsDesignProject/elephant_arm_ws/install/mycobot_description/share/ament_index/resource_index/package_run_dependencies/mycobot_description
[3.849s] -- Installing: /home/student36/RoboticsDesignProject/elephant_arm_ws/install/mycobot_description/share/ament_index/resource_index/parent_prefix_path/mycobot_description
[3.850s] -- Installing: /home/student36/RoboticsDesignProject/elephant_arm_ws/install/mycobot_description/share/mycobot_description/environment/ament_prefix_path.sh
[3.850s] -- Installing: /home/student36/RoboticsDesignProject/elephant_arm_ws/install/mycobot_description/share/mycobot_description/environment/ament_prefix_path.dsv
[3.850s] -- Installing: /home/student36/RoboticsDesignProject/elephant_arm_ws/install/mycobot_description/share/mycobot_description/environment/path.sh
[3.851s] -- Installing: /home/student36/RoboticsDesignProject/elephant_arm_ws/install/mycobot_description/share/mycobot_description/environment/path.dsv
[3.851s] -- Installing: /home/student36/RoboticsDesignProject/elephant_arm_ws/install/mycobot_description/share/mycobot_description/local_setup.bash
[3.851s] -- Installing: /home/student36/RoboticsDesignProject/elephant_arm_ws/install/mycobot_description/share/mycobot_description/local_setup.sh
[3.851s] -- Installing: /home/student36/RoboticsDesignProject/elephant_arm_ws/install/mycobot_description/share/mycobot_description/local_setup.zsh
[3.852s] -- Installing: /home/student36/RoboticsDesignProject/elephant_arm_ws/install/mycobot_description/share/mycobot_description/local_setup.dsv
[3.852s] -- Installing: /home/student36/RoboticsDesignProject/elephant_arm_ws/install/mycobot_description/share/mycobot_description/package.dsv
[3.852s] -- Installing: /home/student36/RoboticsDesignProject/elephant_arm_ws/install/mycobot_description/share/ament_index/resource_index/packages/mycobot_description
[3.853s] -- Installing: /home/student36/RoboticsDesignProject/elephant_arm_ws/install/mycobot_description/share/mycobot_description/cmake/mycobot_descriptionConfig.cmake
[3.853s] -- Installing: /home/student36/RoboticsDesignProject/elephant_arm_ws/install/mycobot_description/share/mycobot_description/cmake/mycobot_descriptionConfig-version.cmake
[3.853s] -- Installing: /home/student36/RoboticsDesignProject/elephant_arm_ws/install/mycobot_description/share/mycobot_description/package.xml
[3.866s] Invoked command in '/home/student36/RoboticsDesignProject/elephant_arm_ws/build/mycobot_description' returned '0': CMAKE_PREFIX_PATH=${CMAKE_PREFIX_PATH}:/home/student36/ros2_tutorial_workspace/install/the_simplest_python_package:/home/student36/ros2_tutorial_workspace/install/python_package_with_a_node:/home/student36/ros2_tutorial_workspace/install/python_package_that_uses_the_library:/home/student36/ros2_tutorial_workspace/install/python_package_with_a_library:/home/student36/ros2_tutorial_workspace/install/python_package_that_uses_the_services:/home/student36/ros2_tutorial_workspace/install/python_package_that_uses_the_actions:/home/student36/ros2_tutorial_workspace/install/python_package_that_uses_tf2:/home/student36/ros2_tutorial_workspace/install/python_package_that_uses_parameters_and_launch_files:/home/student36/ros2_tutorial_workspace/install/python_package_that_uses_nottf2:/home/student36/ros2_tutorial_workspace/install/python_package_that_uses_nav2:/home/student36/ros2_tutorial_workspace/install/python_package_that_uses_messages:/home/student36/ros2_tutorial_workspace/install/python_package_that_uses_geometry_msgs:/home/student36/ros2_tutorial_workspace/install/python_package_that_uses_gazebo:/home/student36/ws_moveit/install/moveit_configs_utils:/home/student36/elephant_arm_ws/install/mycobot_description:/opt/ros/jazzy DEBUGINFOD_URLS=https://debuginfod.ubuntu.com /usr/bin/cmake --install /home/student36/RoboticsDesignProject/elephant_arm_ws/build/mycobot_description
