[0.120s] Invoking command in '/home/student36/RoboticsDesignProject/elephant_arm_ws/build/hello_moveit': CMAKE_PREFIX_PATH=${CMAKE_PREFIX_PATH}:/home/student36/ros2_tutorial_workspace/install/the_simplest_python_package:/home/student36/ros2_tutorial_workspace/install/python_package_with_a_node:/home/student36/ros2_tutorial_workspace/install/python_package_that_uses_the_library:/home/student36/ros2_tutorial_workspace/install/python_package_with_a_library:/home/student36/ros2_tutorial_workspace/install/python_package_that_uses_the_services:/home/student36/ros2_tutorial_workspace/install/python_package_that_uses_the_actions:/home/student36/ros2_tutorial_workspace/install/python_package_that_uses_tf2:/home/student36/ros2_tutorial_workspace/install/python_package_that_uses_parameters_and_launch_files:/home/student36/ros2_tutorial_workspace/install/python_package_that_uses_nottf2:/home/student36/ros2_tutorial_workspace/install/python_package_that_uses_nav2:/home/student36/ros2_tutorial_workspace/install/python_package_that_uses_messages:/home/student36/ros2_tutorial_workspace/install/python_package_that_uses_geometry_msgs:/home/student36/ros2_tutorial_workspace/install/python_package_that_uses_gazebo:/home/student36/ws_moveit/install/moveit_configs_utils:/home/student36/elephant_arm_ws/install/mycobot_description:/opt/ros/jazzy DEBUGINFOD_URLS=https://debuginfod.ubuntu.com /usr/bin/cmake /home/student36/RoboticsDesignProject/elephant_arm_ws/src/mycobot_ros2/hello_moveit -DCMAKE_INSTALL_PREFIX=/home/student36/RoboticsDesignProject/elephant_arm_ws/install/hello_moveit
[0.316s] -- The C compiler identification is GNU 13.3.0
[0.508s] -- The CXX compiler identification is GNU 13.3.0
[0.562s] -- Detecting C compiler ABI info
[0.863s] -- Detecting C compiler ABI info - done
[0.885s] -- Check for working C compiler: /usr/bin/cc - skipped
[0.886s] -- Detecting C compile features
[0.887s] -- Detecting C compile features - done
[0.915s] -- Detecting CXX compiler ABI info
[1.260s] -- Detecting CXX compiler ABI info - done
[1.295s] -- Check for working CXX compiler: /usr/bin/c++ - skipped
[1.296s] -- Detecting CXX compile features
[1.297s] -- Detecting CXX compile features - done
[1.319s] -- Found ament_cmake: 2.5.4 (/opt/ros/jazzy/share/ament_cmake/cmake)
[2.054s] -- Found Python3: /usr/bin/python3 (found version "3.12.3") found components: Interpreter 
[2.824s] -- Found rclcpp: 28.1.13 (/opt/ros/jazzy/share/rclcpp/cmake)
[3.226s] -- Found rosidl_generator_c: 4.6.6 (/opt/ros/jazzy/share/rosidl_generator_c/cmake)
[3.358s] -- Found rosidl_generator_cpp: 4.6.6 (/opt/ros/jazzy/share/rosidl_generator_cpp/cmake)
[3.510s] -- Using all available rosidl_typesupport_c: rosidl_typesupport_fastrtps_c;rosidl_typesupport_introspection_c
[3.670s] -- Using all available rosidl_typesupport_cpp: rosidl_typesupport_fastrtps_cpp;rosidl_typesupport_introspection_cpp
[4.222s] -- Found rmw_implementation_cmake: 7.3.2 (/opt/ros/jazzy/share/rmw_implementation_cmake/cmake)
[4.279s] -- Found rmw_fastrtps_cpp: 8.4.3 (/opt/ros/jazzy/share/rmw_fastrtps_cpp/cmake)
[4.720s] -- Found OpenSSL: /usr/lib/x86_64-linux-gnu/libcrypto.so (found version "3.0.13")  
[4.821s] -- Found FastRTPS: /opt/ros/jazzy/include (Required is at least version "2.13") 
[4.928s] -- Using RMW implementation 'rmw_fastrtps_cpp' as default
[5.376s] -- Found moveit_ros_planning_interface: 2.14.1 (/home/student36/ws_moveit/install/moveit_ros_planning_interface/share/moveit_ros_planning_interface/cmake)
[5.939s] -- Found Boost: /usr/lib/x86_64-linux-gnu/cmake/Boost-1.83.0/BoostConfig.cmake (found version "1.83.0") found components: date_time filesystem program_options system thread 
[7.095s] -- Found Boost: /usr/lib/x86_64-linux-gnu/cmake/Boost-1.83.0/BoostConfig.cmake (found version "1.83.0") found components: chrono date_time filesystem iostreams program_options regex serialization system thread 
[7.473s] -- Found parameter_traits: 0.5.0 (/opt/ros/jazzy/share/parameter_traits/cmake)
[7.555s] -- Found rclcpp_lifecycle: 28.1.13 (/opt/ros/jazzy/share/rclcpp_lifecycle/cmake)
[7.687s] -- Found Boost: /usr/lib/x86_64-linux-gnu/cmake/Boost-1.83.0/BoostConfig.cmake (found version "1.83.0") found components: filesystem 
[7.964s] -- Found Eigen3: TRUE (found version "3.4.0") 
[7.964s] -- Ensuring Eigen3 include directory is part of orocos-kdl CMake target
[8.728s] -- Found Boost: /usr/lib/x86_64-linux-gnu/cmake/Boost-1.83.0/BoostConfig.cmake (found version "1.83.0") found components: system filesystem date_time program_options thread chrono 
[8.899s] -- Found Boost: /usr/lib/x86_64-linux-gnu/cmake/Boost-1.83.0/BoostConfig.cmake (found version "1.83.0") found components: thread system filesystem regex date_time program_options 
[9.032s] -- Found Boost: /usr/lib/x86_64-linux-gnu/cmake/Boost-1.83.0/BoostConfig.cmake (found version "1.83.0") found components: system filesystem date_time program_options thread 
[9.221s] -- Found ament_lint_auto: 0.17.3 (/opt/ros/jazzy/share/ament_lint_auto/cmake)
[9.629s] -- Added test 'cppcheck' to perform static code analysis on C / C++ code
[9.629s] -- Configured cppcheck include dirs: 
[9.629s] -- Configured cppcheck exclude dirs and/or files: 
[9.633s] -- Added test 'lint_cmake' to check CMake code style
[9.641s] -- Added test 'uncrustify' to check C / C++ code style
[9.641s] -- Configured uncrustify additional arguments: 
[9.651s] -- Added test 'xmllint' to check XML markup files
[9.664s] -- Configuring done (9.5s)
[9.727s] -- Generating done (0.0s)
[9.742s] -- Build files have been written to: /home/student36/RoboticsDesignProject/elephant_arm_ws/build/hello_moveit
[9.784s] Invoked command in '/home/student36/RoboticsDesignProject/elephant_arm_ws/build/hello_moveit' returned '0': CMAKE_PREFIX_PATH=${CMAKE_PREFIX_PATH}:/home/student36/ros2_tutorial_workspace/install/the_simplest_python_package:/home/student36/ros2_tutorial_workspace/install/python_package_with_a_node:/home/student36/ros2_tutorial_workspace/install/python_package_that_uses_the_library:/home/student36/ros2_tutorial_workspace/install/python_package_with_a_library:/home/student36/ros2_tutorial_workspace/install/python_package_that_uses_the_services:/home/student36/ros2_tutorial_workspace/install/python_package_that_uses_the_actions:/home/student36/ros2_tutorial_workspace/install/python_package_that_uses_tf2:/home/student36/ros2_tutorial_workspace/install/python_package_that_uses_parameters_and_launch_files:/home/student36/ros2_tutorial_workspace/install/python_package_that_uses_nottf2:/home/student36/ros2_tutorial_workspace/install/python_package_that_uses_nav2:/home/student36/ros2_tutorial_workspace/install/python_package_that_uses_messages:/home/student36/ros2_tutorial_workspace/install/python_package_that_uses_geometry_msgs:/home/student36/ros2_tutorial_workspace/install/python_package_that_uses_gazebo:/home/student36/ws_moveit/install/moveit_configs_utils:/home/student36/elephant_arm_ws/install/mycobot_description:/opt/ros/jazzy DEBUGINFOD_URLS=https://debuginfod.ubuntu.com /usr/bin/cmake /home/student36/RoboticsDesignProject/elephant_arm_ws/src/mycobot_ros2/hello_moveit -DCMAKE_INSTALL_PREFIX=/home/student36/RoboticsDesignProject/elephant_arm_ws/install/hello_moveit
[9.788s] Invoking command in '/home/student36/RoboticsDesignProject/elephant_arm_ws/build/hello_moveit': CMAKE_PREFIX_PATH=${CMAKE_PREFIX_PATH}:/home/student36/ros2_tutorial_workspace/install/the_simplest_python_package:/home/student36/ros2_tutorial_workspace/install/python_package_with_a_node:/home/student36/ros2_tutorial_workspace/install/python_package_that_uses_the_library:/home/student36/ros2_tutorial_workspace/install/python_package_with_a_library:/home/student36/ros2_tutorial_workspace/install/python_package_that_uses_the_services:/home/student36/ros2_tutorial_workspace/install/python_package_that_uses_the_actions:/home/student36/ros2_tutorial_workspace/install/python_package_that_uses_tf2:/home/student36/ros2_tutorial_workspace/install/python_package_that_uses_parameters_and_launch_files:/home/student36/ros2_tutorial_workspace/install/python_package_that_uses_nottf2:/home/student36/ros2_tutorial_workspace/install/python_package_that_uses_nav2:/home/student36/ros2_tutorial_workspace/install/python_package_that_uses_messages:/home/student36/ros2_tutorial_workspace/install/python_package_that_uses_geometry_msgs:/home/student36/ros2_tutorial_workspace/install/python_package_that_uses_gazebo:/home/student36/ws_moveit/install/moveit_configs_utils:/home/student36/elephant_arm_ws/install/mycobot_description:/opt/ros/jazzy DEBUGINFOD_URLS=https://debuginfod.ubuntu.com /usr/bin/cmake --build /home/student36/RoboticsDesignProject/elephant_arm_ws/build/hello_moveit -- -j12 -l12
[9.964s] [ 50%] [32mBuilding CXX object CMakeFiles/hello_moveit.dir/src/hello_moveit.cpp.o[0m
[20.686s] [100%] [32m[1mLinking CXX executable hello_moveit[0m
[21.969s] [100%] Built target hello_moveit
[21.996s] Invoked command in '/home/student36/RoboticsDesignProject/elephant_arm_ws/build/hello_moveit' returned '0': CMAKE_PREFIX_PATH=${CMAKE_PREFIX_PATH}:/home/student36/ros2_tutorial_workspace/install/the_simplest_python_package:/home/student36/ros2_tutorial_workspace/install/python_package_with_a_node:/home/student36/ros2_tutorial_workspace/install/python_package_that_uses_the_library:/home/student36/ros2_tutorial_workspace/install/python_package_with_a_library:/home/student36/ros2_tutorial_workspace/install/python_package_that_uses_the_services:/home/student36/ros2_tutorial_workspace/install/python_package_that_uses_the_actions:/home/student36/ros2_tutorial_workspace/install/python_package_that_uses_tf2:/home/student36/ros2_tutorial_workspace/install/python_package_that_uses_parameters_and_launch_files:/home/student36/ros2_tutorial_workspace/install/python_package_that_uses_nottf2:/home/student36/ros2_tutorial_workspace/install/python_package_that_uses_nav2:/home/student36/ros2_tutorial_workspace/install/python_package_that_uses_messages:/home/student36/ros2_tutorial_workspace/install/python_package_that_uses_geometry_msgs:/home/student36/ros2_tutorial_workspace/install/python_package_that_uses_gazebo:/home/student36/ws_moveit/install/moveit_configs_utils:/home/student36/elephant_arm_ws/install/mycobot_description:/opt/ros/jazzy DEBUGINFOD_URLS=https://debuginfod.ubuntu.com /usr/bin/cmake --build /home/student36/RoboticsDesignProject/elephant_arm_ws/build/hello_moveit -- -j12 -l12
[21.998s] Invoking command in '/home/student36/RoboticsDesignProject/elephant_arm_ws/build/hello_moveit': CMAKE_PREFIX_PATH=${CMAKE_PREFIX_PATH}:/home/student36/ros2_tutorial_workspace/install/the_simplest_python_package:/home/student36/ros2_tutorial_workspace/install/python_package_with_a_node:/home/student36/ros2_tutorial_workspace/install/python_package_that_uses_the_library:/home/student36/ros2_tutorial_workspace/install/python_package_with_a_library:/home/student36/ros2_tutorial_workspace/install/python_package_that_uses_the_services:/home/student36/ros2_tutorial_workspace/install/python_package_that_uses_the_actions:/home/student36/ros2_tutorial_workspace/install/python_package_that_uses_tf2:/home/student36/ros2_tutorial_workspace/install/python_package_that_uses_parameters_and_launch_files:/home/student36/ros2_tutorial_workspace/install/python_package_that_uses_nottf2:/home/student36/ros2_tutorial_workspace/install/python_package_that_uses_nav2:/home/student36/ros2_tutorial_workspace/install/python_package_that_uses_messages:/home/student36/ros2_tutorial_workspace/install/python_package_that_uses_geometry_msgs:/home/student36/ros2_tutorial_workspace/install/python_package_that_uses_gazebo:/home/student36/ws_moveit/install/moveit_configs_utils:/home/student36/elephant_arm_ws/install/mycobot_description:/opt/ros/jazzy DEBUGINFOD_URLS=https://debuginfod.ubuntu.com /usr/bin/cmake --install /home/student36/RoboticsDesignProject/elephant_arm_ws/build/hello_moveit
[22.016s] -- Install configuration: ""
[22.017s] -- Installing: /home/student36/RoboticsDesignProject/elephant_arm_ws/install/hello_moveit/share/ament_index/resource_index/package_run_dependencies/hello_moveit
[22.017s] -- Installing: /home/student36/RoboticsDesignProject/elephant_arm_ws/install/hello_moveit/share/ament_index/resource_index/parent_prefix_path/hello_moveit
[22.017s] -- Installing: /home/student36/RoboticsDesignProject/elephant_arm_ws/install/hello_moveit/share/hello_moveit/environment/ament_prefix_path.sh
[22.017s] -- Installing: /home/student36/RoboticsDesignProject/elephant_arm_ws/install/hello_moveit/share/hello_moveit/environment/ament_prefix_path.dsv
[22.017s] -- Installing: /home/student36/RoboticsDesignProject/elephant_arm_ws/install/hello_moveit/share/hello_moveit/environment/path.sh
[22.018s] -- Installing: /home/student36/RoboticsDesignProject/elephant_arm_ws/install/hello_moveit/share/hello_moveit/environment/path.dsv
[22.018s] -- Installing: /home/student36/RoboticsDesignProject/elephant_arm_ws/install/hello_moveit/share/hello_moveit/local_setup.bash
[22.018s] -- Installing: /home/student36/RoboticsDesignProject/elephant_arm_ws/install/hello_moveit/share/hello_moveit/local_setup.sh
[22.018s] -- Installing: /home/student36/RoboticsDesignProject/elephant_arm_ws/install/hello_moveit/share/hello_moveit/local_setup.zsh
[22.018s] -- Installing: /home/student36/RoboticsDesignProject/elephant_arm_ws/install/hello_moveit/share/hello_moveit/local_setup.dsv
[22.018s] -- Installing: /home/student36/RoboticsDesignProject/elephant_arm_ws/install/hello_moveit/share/hello_moveit/package.dsv
[22.018s] -- Installing: /home/student36/RoboticsDesignProject/elephant_arm_ws/install/hello_moveit/share/ament_index/resource_index/packages/hello_moveit
[22.018s] -- Installing: /home/student36/RoboticsDesignProject/elephant_arm_ws/install/hello_moveit/share/hello_moveit/cmake/hello_moveitConfig.cmake
[22.018s] -- Installing: /home/student36/RoboticsDesignProject/elephant_arm_ws/install/hello_moveit/share/hello_moveit/cmake/hello_moveitConfig-version.cmake
[22.018s] -- Installing: /home/student36/RoboticsDesignProject/elephant_arm_ws/install/hello_moveit/share/hello_moveit/package.xml
[22.021s] Invoked command in '/home/student36/RoboticsDesignProject/elephant_arm_ws/build/hello_moveit' returned '0': CMAKE_PREFIX_PATH=${CMAKE_PREFIX_PATH}:/home/student36/ros2_tutorial_workspace/install/the_simplest_python_package:/home/student36/ros2_tutorial_workspace/install/python_package_with_a_node:/home/student36/ros2_tutorial_workspace/install/python_package_that_uses_the_library:/home/student36/ros2_tutorial_workspace/install/python_package_with_a_library:/home/student36/ros2_tutorial_workspace/install/python_package_that_uses_the_services:/home/student36/ros2_tutorial_workspace/install/python_package_that_uses_the_actions:/home/student36/ros2_tutorial_workspace/install/python_package_that_uses_tf2:/home/student36/ros2_tutorial_workspace/install/python_package_that_uses_parameters_and_launch_files:/home/student36/ros2_tutorial_workspace/install/python_package_that_uses_nottf2:/home/student36/ros2_tutorial_workspace/install/python_package_that_uses_nav2:/home/student36/ros2_tutorial_workspace/install/python_package_that_uses_messages:/home/student36/ros2_tutorial_workspace/install/python_package_that_uses_geometry_msgs:/home/student36/ros2_tutorial_workspace/install/python_package_that_uses_gazebo:/home/student36/ws_moveit/install/moveit_configs_utils:/home/student36/elephant_arm_ws/install/mycobot_description:/opt/ros/jazzy DEBUGINFOD_URLS=https://debuginfod.ubuntu.com /usr/bin/cmake --install /home/student36/RoboticsDesignProject/elephant_arm_ws/build/hello_moveit
