[0.065s] Invoking command in '/home/student36/RoboticsDesignProject/elephant_arm_ws/build/mycobot_moveit_config': CMAKE_PREFIX_PATH=${CMAKE_PREFIX_PATH}:/home/student36/ros2_tutorial_workspace/install/the_simplest_python_package:/home/student36/ros2_tutorial_workspace/install/python_package_with_a_node:/home/student36/ros2_tutorial_workspace/install/python_package_that_uses_the_library:/home/student36/ros2_tutorial_workspace/install/python_package_with_a_library:/home/student36/ros2_tutorial_workspace/install/python_package_that_uses_the_services:/home/student36/ros2_tutorial_workspace/install/python_package_that_uses_the_actions:/home/student36/ros2_tutorial_workspace/install/python_package_that_uses_tf2:/home/student36/ros2_tutorial_workspace/install/python_package_that_uses_parameters_and_launch_files:/home/student36/ros2_tutorial_workspace/install/python_package_that_uses_nottf2:/home/student36/ros2_tutorial_workspace/install/python_package_that_uses_nav2:/home/student36/ros2_tutorial_workspace/install/python_package_that_uses_messages:/home/student36/ros2_tutorial_workspace/install/python_package_that_uses_geometry_msgs:/home/student36/ros2_tutorial_workspace/install/python_package_that_uses_gazebo:/home/student36/ws_moveit/install/moveit_configs_utils:/home/student36/elephant_arm_ws/install/mycobot_description:/opt/ros/jazzy DEBUGINFOD_URLS=https://debuginfod.ubuntu.com /usr/bin/cmake /home/student36/RoboticsDesignProject/elephant_arm_ws/src/mycobot_ros2/mycobot_moveit_config -DCMAKE_INSTALL_PREFIX=/home/student36/RoboticsDesignProject/elephant_arm_ws/install/mycobot_moveit_config
[0.249s] -- The C compiler identification is GNU 13.3.0
[0.439s] -- The CXX compiler identification is GNU 13.3.0
[0.506s] -- Detecting C compiler ABI info
[0.829s] -- Detecting C compiler ABI info - done
[0.860s] -- Check for working C compiler: /usr/bin/cc - skipped
[0.860s] -- Detecting C compile features
[0.866s] -- Detecting C compile features - done
[0.903s] -- Detecting CXX compiler ABI info
[1.223s] -- Detecting CXX compiler ABI info - done
[1.247s] -- Check for working CXX compiler: /usr/bin/c++ - skipped
[1.247s] -- Detecting CXX compile features
[1.248s] -- Detecting CXX compile features - done
[1.285s] -- Found ament_cmake: 2.5.4 (/opt/ros/jazzy/share/ament_cmake/cmake)
[2.032s] -- Found Python3: /usr/bin/python3 (found version "3.12.3") found components: Interpreter 
[2.645s] -- Found moveit_ros_planning_interface: 2.14.1 (/home/student36/ws_moveit/install/moveit_ros_planning_interface/share/moveit_ros_planning_interface/cmake)
[3.219s] -- Found Boost: /usr/lib/x86_64-linux-gnu/cmake/Boost-1.83.0/BoostConfig.cmake (found version "1.83.0") found components: date_time filesystem program_options system thread 
[3.550s] -- Found rosidl_generator_c: 4.6.6 (/opt/ros/jazzy/share/rosidl_generator_c/cmake)
[3.637s] -- Found rosidl_generator_cpp: 4.6.6 (/opt/ros/jazzy/share/rosidl_generator_cpp/cmake)
[3.742s] -- Using all available rosidl_typesupport_c: rosidl_typesupport_fastrtps_c;rosidl_typesupport_introspection_c
[3.851s] -- Using all available rosidl_typesupport_cpp: rosidl_typesupport_fastrtps_cpp;rosidl_typesupport_introspection_cpp
[4.955s] -- Found Boost: /usr/lib/x86_64-linux-gnu/cmake/Boost-1.83.0/BoostConfig.cmake (found version "1.83.0") found components: chrono date_time filesystem iostreams program_options regex serialization system thread 
[5.336s] -- Found parameter_traits: 0.5.0 (/opt/ros/jazzy/share/parameter_traits/cmake)
[5.594s] -- Found rmw_implementation_cmake: 7.3.2 (/opt/ros/jazzy/share/rmw_implementation_cmake/cmake)
[5.628s] -- Found rmw_fastrtps_cpp: 8.4.3 (/opt/ros/jazzy/share/rmw_fastrtps_cpp/cmake)
[6.030s] -- Found OpenSSL: /usr/lib/x86_64-linux-gnu/libcrypto.so (found version "3.0.13")  
[6.101s] -- Found FastRTPS: /opt/ros/jazzy/include (Required is at least version "2.13") 
[6.191s] -- Using RMW implementation 'rmw_fastrtps_cpp' as default
[6.544s] -- Found rclcpp_lifecycle: 28.1.13 (/opt/ros/jazzy/share/rclcpp_lifecycle/cmake)
[6.696s] -- Found Boost: /usr/lib/x86_64-linux-gnu/cmake/Boost-1.83.0/BoostConfig.cmake (found version "1.83.0") found components: filesystem 
[6.987s] -- Found Eigen3: TRUE (found version "3.4.0") 
[6.987s] -- Ensuring Eigen3 include directory is part of orocos-kdl CMake target
[7.690s] -- Found Boost: /usr/lib/x86_64-linux-gnu/cmake/Boost-1.83.0/BoostConfig.cmake (found version "1.83.0") found components: system filesystem date_time program_options thread chrono 
[7.841s] -- Found Boost: /usr/lib/x86_64-linux-gnu/cmake/Boost-1.83.0/BoostConfig.cmake (found version "1.83.0") found components: thread system filesystem regex date_time program_options 
[7.929s] -- Found Boost: /usr/lib/x86_64-linux-gnu/cmake/Boost-1.83.0/BoostConfig.cmake (found version "1.83.0") found components: system filesystem date_time program_options thread 
[8.044s] -- Found moveit_kinematics: 2.14.1 (/home/student36/ws_moveit/install/moveit_kinematics/share/moveit_kinematics/cmake)
[8.053s] -- Found Boost: /usr/lib/x86_64-linux-gnu/cmake/Boost-1.83.0/BoostConfig.cmake (found version "1.83.0") found components: program_options system 
[8.110s] -- Found moveit_planners_ompl: 2.14.1 (/home/student36/ws_moveit/install/moveit_planners_ompl/share/moveit_planners_ompl/cmake)
[8.163s] -- Found moveit_ros_visualization: 2.14.1 (/home/student36/ws_moveit/install/moveit_ros_visualization/share/moveit_ros_visualization/cmake)
[8.179s] -- Found Boost: /usr/lib/x86_64-linux-gnu/cmake/Boost-1.83.0/BoostConfig.cmake (found version "1.83.0") found components: thread date_time system filesystem 
[8.366s] -- Setting OGRE_DIR to: '/opt/ros/jazzy/share/rviz_ogre_vendor/cmake/../../../opt/rviz_ogre_vendor/lib/OGRE/cmake'
[8.370s] -- Found OGRE
[8.371s] --   static     : OFF
[8.371s] --   components : MeshLodGenerator;Overlay;Paging;Property;RTShaderSystem;Terrain;Volume
[8.372s] --   plugins    : Plugin_BSPSceneManager;Plugin_OctreeSceneManager;Plugin_PCZSceneManager;Plugin_ParticleFX;RenderSystem_GL;RenderSystem_GL3Plus;Codec_STBI
[8.372s] --   media      : /opt/ros/jazzy/opt/rviz_ogre_vendor/share/OGRE/Media
[8.372s] -- OGRE_LIBRARIES: OgreMeshLodGenerator;OgreOverlay;OgrePaging;OgreProperty;OgreRTShaderSystem;OgreTerrain;OgreVolume;OgreMain
[8.373s] -- OGRE_LIBRARY_DIRS: /opt/ros/jazzy/opt/rviz_ogre_vendor/lib
[8.373s] -- OGRE_PLUGINS: Plugin_BSPSceneManager;Plugin_OctreeSceneManager;Plugin_PCZSceneManager;Plugin_ParticleFX;RenderSystem_GL;RenderSystem_GL3Plus;Codec_STBI
[8.373s] -- OGRE_PLUGIN_DIR: /opt/ros/jazzy/opt/rviz_ogre_vendor/lib/OGRE
[8.374s] -- rviz_ogre_vendor::OgreOverlay for IMPORTED_LOCATION_RELEASE: /opt/ros/jazzy/opt/rviz_ogre_vendor/lib/libOgreOverlay.so
[8.374s] -- rviz_ogre_vendor::OgreOverlay for IMPORTED_LOCATION_DEBUG: /opt/ros/jazzy/opt/rviz_ogre_vendor/lib/libOgreOverlay.so
[8.374s] -- rviz_ogre_vendor::OgreMain for IMPORTED_LOCATION_RELEASE: /opt/ros/jazzy/opt/rviz_ogre_vendor/lib/libOgreMain.so
[8.374s] -- rviz_ogre_vendor::OgreMain for IMPORTED_LOCATION_DEBUG: /opt/ros/jazzy/opt/rviz_ogre_vendor/lib/libOgreMain.so
[8.501s] -- Found ZLIB: /usr/lib/x86_64-linux-gnu/libz.so (found version "1.3")  
[8.548s] -- Found OpenGL: /usr/lib/x86_64-linux-gnu/libOpenGL.so   
[9.353s] -- Found X11: /usr/include   
[9.354s] -- Looking for XOpenDisplay in /usr/lib/x86_64-linux-gnu/libX11.so;/usr/lib/x86_64-linux-gnu/libXext.so
[9.628s] -- Looking for XOpenDisplay in /usr/lib/x86_64-linux-gnu/libX11.so;/usr/lib/x86_64-linux-gnu/libXext.so - found
[9.628s] -- Looking for gethostbyname
[9.897s] -- Looking for gethostbyname - found
[9.897s] -- Looking for connect
[10.162s] -- Looking for connect - found
[10.163s] -- Looking for remove
[10.385s] -- Looking for remove - found
[10.385s] -- Looking for shmat
[10.586s] -- Looking for shmat - found
[10.586s] -- Looking for IceConnectionNumber in ICE
[10.806s] -- Looking for IceConnectionNumber in ICE - found
[10.942s] -- Setting yaml-cpp_DIR to: '/opt/ros/jazzy/share/yaml_cpp_vendor/cmake/../../../opt/yaml_cpp_vendor/share/cmake/yaml-cpp'
[10.954s] -- Found PkgConfig: /usr/bin/pkg-config (found version "1.8.1") 
[10.955s] -- Checking for module 'yaml-cpp'
[11.018s] --   Found yaml-cpp, version 0.8.0
[11.450s] -- Found rviz_visual_tools: 4.1.4 (/home/student36/ws_moveit/install/rviz_visual_tools/share/rviz_visual_tools/cmake)
[11.516s] -- Found ament_lint_auto: 0.17.3 (/opt/ros/jazzy/share/ament_lint_auto/cmake)
[11.861s] -- Added test 'flake8' to check Python code syntax and style conventions
[11.861s] -- Configured 'flake8' exclude dirs and/or files: 
[11.871s] -- Added test 'lint_cmake' to check CMake code style
[11.878s] -- Added test 'pep257' to check Python code against some of the docstring style conventions in PEP 257
[11.886s] -- Added test 'xmllint' to check XML markup files
[11.896s] -- Configuring done (11.8s)
[11.907s] -- Generating done (0.0s)
[11.914s] -- Build files have been written to: /home/student36/RoboticsDesignProject/elephant_arm_ws/build/mycobot_moveit_config
[11.939s] Invoked command in '/home/student36/RoboticsDesignProject/elephant_arm_ws/build/mycobot_moveit_config' returned '0': CMAKE_PREFIX_PATH=${CMAKE_PREFIX_PATH}:/home/student36/ros2_tutorial_workspace/install/the_simplest_python_package:/home/student36/ros2_tutorial_workspace/install/python_package_with_a_node:/home/student36/ros2_tutorial_workspace/install/python_package_that_uses_the_library:/home/student36/ros2_tutorial_workspace/install/python_package_with_a_library:/home/student36/ros2_tutorial_workspace/install/python_package_that_uses_the_services:/home/student36/ros2_tutorial_workspace/install/python_package_that_uses_the_actions:/home/student36/ros2_tutorial_workspace/install/python_package_that_uses_tf2:/home/student36/ros2_tutorial_workspace/install/python_package_that_uses_parameters_and_launch_files:/home/student36/ros2_tutorial_workspace/install/python_package_that_uses_nottf2:/home/student36/ros2_tutorial_workspace/install/python_package_that_uses_nav2:/home/student36/ros2_tutorial_workspace/install/python_package_that_uses_messages:/home/student36/ros2_tutorial_workspace/install/python_package_that_uses_geometry_msgs:/home/student36/ros2_tutorial_workspace/install/python_package_that_uses_gazebo:/home/student36/ws_moveit/install/moveit_configs_utils:/home/student36/elephant_arm_ws/install/mycobot_description:/opt/ros/jazzy DEBUGINFOD_URLS=https://debuginfod.ubuntu.com /usr/bin/cmake /home/student36/RoboticsDesignProject/elephant_arm_ws/src/mycobot_ros2/mycobot_moveit_config -DCMAKE_INSTALL_PREFIX=/home/student36/RoboticsDesignProject/elephant_arm_ws/install/mycobot_moveit_config
[11.941s] Invoking command in '/home/student36/RoboticsDesignProject/elephant_arm_ws/build/mycobot_moveit_config': CMAKE_PREFIX_PATH=${CMAKE_PREFIX_PATH}:/home/student36/ros2_tutorial_workspace/install/the_simplest_python_package:/home/student36/ros2_tutorial_workspace/install/python_package_with_a_node:/home/student36/ros2_tutorial_workspace/install/python_package_that_uses_the_library:/home/student36/ros2_tutorial_workspace/install/python_package_with_a_library:/home/student36/ros2_tutorial_workspace/install/python_package_that_uses_the_services:/home/student36/ros2_tutorial_workspace/install/python_package_that_uses_the_actions:/home/student36/ros2_tutorial_workspace/install/python_package_that_uses_tf2:/home/student36/ros2_tutorial_workspace/install/python_package_that_uses_parameters_and_launch_files:/home/student36/ros2_tutorial_workspace/install/python_package_that_uses_nottf2:/home/student36/ros2_tutorial_workspace/install/python_package_that_uses_nav2:/home/student36/ros2_tutorial_workspace/install/python_package_that_uses_messages:/home/student36/ros2_tutorial_workspace/install/python_package_that_uses_geometry_msgs:/home/student36/ros2_tutorial_workspace/install/python_package_that_uses_gazebo:/home/student36/ws_moveit/install/moveit_configs_utils:/home/student36/elephant_arm_ws/install/mycobot_description:/opt/ros/jazzy DEBUGINFOD_URLS=https://debuginfod.ubuntu.com /usr/bin/cmake --build /home/student36/RoboticsDesignProject/elephant_arm_ws/build/mycobot_moveit_config -- -j12 -l12
[12.071s] Invoked command in '/home/student36/RoboticsDesignProject/elephant_arm_ws/build/mycobot_moveit_config' returned '0': CMAKE_PREFIX_PATH=${CMAKE_PREFIX_PATH}:/home/student36/ros2_tutorial_workspace/install/the_simplest_python_package:/home/student36/ros2_tutorial_workspace/install/python_package_with_a_node:/home/student36/ros2_tutorial_workspace/install/python_package_that_uses_the_library:/home/student36/ros2_tutorial_workspace/install/python_package_with_a_library:/home/student36/ros2_tutorial_workspace/install/python_package_that_uses_the_services:/home/student36/ros2_tutorial_workspace/install/python_package_that_uses_the_actions:/home/student36/ros2_tutorial_workspace/install/python_package_that_uses_tf2:/home/student36/ros2_tutorial_workspace/install/python_package_that_uses_parameters_and_launch_files:/home/student36/ros2_tutorial_workspace/install/python_package_that_uses_nottf2:/home/student36/ros2_tutorial_workspace/install/python_package_that_uses_nav2:/home/student36/ros2_tutorial_workspace/install/python_package_that_uses_messages:/home/student36/ros2_tutorial_workspace/install/python_package_that_uses_geometry_msgs:/home/student36/ros2_tutorial_workspace/install/python_package_that_uses_gazebo:/home/student36/ws_moveit/install/moveit_configs_utils:/home/student36/elephant_arm_ws/install/mycobot_description:/opt/ros/jazzy DEBUGINFOD_URLS=https://debuginfod.ubuntu.com /usr/bin/cmake --build /home/student36/RoboticsDesignProject/elephant_arm_ws/build/mycobot_moveit_config -- -j12 -l12
[12.076s] Invoking command in '/home/student36/RoboticsDesignProject/elephant_arm_ws/build/mycobot_moveit_config': CMAKE_PREFIX_PATH=${CMAKE_PREFIX_PATH}:/home/student36/ros2_tutorial_workspace/install/the_simplest_python_package:/home/student36/ros2_tutorial_workspace/install/python_package_with_a_node:/home/student36/ros2_tutorial_workspace/install/python_package_that_uses_the_library:/home/student36/ros2_tutorial_workspace/install/python_package_with_a_library:/home/student36/ros2_tutorial_workspace/install/python_package_that_uses_the_services:/home/student36/ros2_tutorial_workspace/install/python_package_that_uses_the_actions:/home/student36/ros2_tutorial_workspace/install/python_package_that_uses_tf2:/home/student36/ros2_tutorial_workspace/install/python_package_that_uses_parameters_and_launch_files:/home/student36/ros2_tutorial_workspace/install/python_package_that_uses_nottf2:/home/student36/ros2_tutorial_workspace/install/python_package_that_uses_nav2:/home/student36/ros2_tutorial_workspace/install/python_package_that_uses_messages:/home/student36/ros2_tutorial_workspace/install/python_package_that_uses_geometry_msgs:/home/student36/ros2_tutorial_workspace/install/python_package_that_uses_gazebo:/home/student36/ws_moveit/install/moveit_configs_utils:/home/student36/elephant_arm_ws/install/mycobot_description:/opt/ros/jazzy DEBUGINFOD_URLS=https://debuginfod.ubuntu.com /usr/bin/cmake --install /home/student36/RoboticsDesignProject/elephant_arm_ws/build/mycobot_moveit_config
[12.101s] -- Install configuration: ""
[12.101s] -- Installing: /home/student36/RoboticsDesignProject/elephant_arm_ws/install/mycobot_moveit_config/share/mycobot_moveit_config/config
[12.102s] -- Installing: /home/student36/RoboticsDesignProject/elephant_arm_ws/install/mycobot_moveit_config/share/mycobot_moveit_config/config/ompl_planning.yaml
[12.104s] -- Installing: /home/student36/RoboticsDesignProject/elephant_arm_ws/install/mycobot_moveit_config/share/mycobot_moveit_config/config/stomp_planning.yaml
[12.105s] -- Installing: /home/student36/RoboticsDesignProject/elephant_arm_ws/install/mycobot_moveit_config/share/mycobot_moveit_config/config/pilz_industrial_motion_planner_planning.yaml
[12.105s] -- Installing: /home/student36/RoboticsDesignProject/elephant_arm_ws/install/mycobot_moveit_config/share/mycobot_moveit_config/config/mycobot_280
[12.105s] -- Installing: /home/student36/RoboticsDesignProject/elephant_arm_ws/install/mycobot_moveit_config/share/mycobot_moveit_config/config/mycobot_280/mycobot_280.srdf
[12.106s] -- Installing: /home/student36/RoboticsDesignProject/elephant_arm_ws/install/mycobot_moveit_config/share/mycobot_moveit_config/config/mycobot_280/ros2_controllers.yaml
[12.106s] -- Installing: /home/student36/RoboticsDesignProject/elephant_arm_ws/install/mycobot_moveit_config/share/mycobot_moveit_config/config/mycobot_280/ros2_controllers_template.yaml
[12.106s] -- Installing: /home/student36/RoboticsDesignProject/elephant_arm_ws/install/mycobot_moveit_config/share/mycobot_moveit_config/config/mycobot_280/initial_positions.yaml
[12.106s] -- Installing: /home/student36/RoboticsDesignProject/elephant_arm_ws/install/mycobot_moveit_config/share/mycobot_moveit_config/config/mycobot_280/joint_limits.yaml
[12.106s] -- Installing: /home/student36/RoboticsDesignProject/elephant_arm_ws/install/mycobot_moveit_config/share/mycobot_moveit_config/config/mycobot_280/moveit_controllers.yaml
[12.107s] -- Installing: /home/student36/RoboticsDesignProject/elephant_arm_ws/install/mycobot_moveit_config/share/mycobot_moveit_config/config/mycobot_280/pilz_cartesian_limits.yaml
[12.107s] -- Installing: /home/student36/RoboticsDesignProject/elephant_arm_ws/install/mycobot_moveit_config/share/mycobot_moveit_config/config/mycobot_280/kinematics.yaml
[12.107s] -- Installing: /home/student36/RoboticsDesignProject/elephant_arm_ws/install/mycobot_moveit_config/share/mycobot_moveit_config/launch
[12.107s] -- Installing: /home/student36/RoboticsDesignProject/elephant_arm_ws/install/mycobot_moveit_config/share/mycobot_moveit_config/launch/load_ros2_controllers.launch.py
[12.107s] -- Installing: /home/student36/RoboticsDesignProject/elephant_arm_ws/install/mycobot_moveit_config/share/mycobot_moveit_config/launch/move_group.launch.py
[12.108s] -- Installing: /home/student36/RoboticsDesignProject/elephant_arm_ws/install/mycobot_moveit_config/share/mycobot_moveit_config/rviz
[12.108s] -- Installing: /home/student36/RoboticsDesignProject/elephant_arm_ws/install/mycobot_moveit_config/share/mycobot_moveit_config/rviz/move_group.rviz
[12.108s] -- Installing: /home/student36/RoboticsDesignProject/elephant_arm_ws/install/mycobot_moveit_config/share/mycobot_moveit_config/.setup_assistant
[12.112s] -- Installing: /home/student36/RoboticsDesignProject/elephant_arm_ws/install/mycobot_moveit_config/share/ament_index/resource_index/package_run_dependencies/mycobot_moveit_config
[12.112s] -- Installing: /home/student36/RoboticsDesignProject/elephant_arm_ws/install/mycobot_moveit_config/share/ament_index/resource_index/parent_prefix_path/mycobot_moveit_config
[12.112s] -- Installing: /home/student36/RoboticsDesignProject/elephant_arm_ws/install/mycobot_moveit_config/share/mycobot_moveit_config/environment/ament_prefix_path.sh
[12.112s] -- Installing: /home/student36/RoboticsDesignProject/elephant_arm_ws/install/mycobot_moveit_config/share/mycobot_moveit_config/environment/ament_prefix_path.dsv
[12.113s] -- Installing: /home/student36/RoboticsDesignProject/elephant_arm_ws/install/mycobot_moveit_config/share/mycobot_moveit_config/environment/path.sh
[12.113s] -- Installing: /home/student36/RoboticsDesignProject/elephant_arm_ws/install/mycobot_moveit_config/share/mycobot_moveit_config/environment/path.dsv
[12.113s] -- Installing: /home/student36/RoboticsDesignProject/elephant_arm_ws/install/mycobot_moveit_config/share/mycobot_moveit_config/local_setup.bash
[12.113s] -- Installing: /home/student36/RoboticsDesignProject/elephant_arm_ws/install/mycobot_moveit_config/share/mycobot_moveit_config/local_setup.sh
[12.113s] -- Installing: /home/student36/RoboticsDesignProject/elephant_arm_ws/install/mycobot_moveit_config/share/mycobot_moveit_config/local_setup.zsh
[12.114s] -- Installing: /home/student36/RoboticsDesignProject/elephant_arm_ws/install/mycobot_moveit_config/share/mycobot_moveit_config/local_setup.dsv
[12.114s] -- Installing: /home/student36/RoboticsDesignProject/elephant_arm_ws/install/mycobot_moveit_config/share/mycobot_moveit_config/package.dsv
[12.114s] -- Installing: /home/student36/RoboticsDesignProject/elephant_arm_ws/install/mycobot_moveit_config/share/ament_index/resource_index/packages/mycobot_moveit_config
[12.114s] -- Installing: /home/student36/RoboticsDesignProject/elephant_arm_ws/install/mycobot_moveit_config/share/mycobot_moveit_config/cmake/mycobot_moveit_configConfig.cmake
[12.115s] -- Installing: /home/student36/RoboticsDesignProject/elephant_arm_ws/install/mycobot_moveit_config/share/mycobot_moveit_config/cmake/mycobot_moveit_configConfig-version.cmake
[12.115s] -- Installing: /home/student36/RoboticsDesignProject/elephant_arm_ws/install/mycobot_moveit_config/share/mycobot_moveit_config/package.xml
[12.118s] Invoked command in '/home/student36/RoboticsDesignProject/elephant_arm_ws/build/mycobot_moveit_config' returned '0': CMAKE_PREFIX_PATH=${CMAKE_PREFIX_PATH}:/home/student36/ros2_tutorial_workspace/install/the_simplest_python_package:/home/student36/ros2_tutorial_workspace/install/python_package_with_a_node:/home/student36/ros2_tutorial_workspace/install/python_package_that_uses_the_library:/home/student36/ros2_tutorial_workspace/install/python_package_with_a_library:/home/student36/ros2_tutorial_workspace/install/python_package_that_uses_the_services:/home/student36/ros2_tutorial_workspace/install/python_package_that_uses_the_actions:/home/student36/ros2_tutorial_workspace/install/python_package_that_uses_tf2:/home/student36/ros2_tutorial_workspace/install/python_package_that_uses_parameters_and_launch_files:/home/student36/ros2_tutorial_workspace/install/python_package_that_uses_nottf2:/home/student36/ros2_tutorial_workspace/install/python_package_that_uses_nav2:/home/student36/ros2_tutorial_workspace/install/python_package_that_uses_messages:/home/student36/ros2_tutorial_workspace/install/python_package_that_uses_geometry_msgs:/home/student36/ros2_tutorial_workspace/install/python_package_that_uses_gazebo:/home/student36/ws_moveit/install/moveit_configs_utils:/home/student36/elephant_arm_ws/install/mycobot_description:/opt/ros/jazzy DEBUGINFOD_URLS=https://debuginfod.ubuntu.com /usr/bin/cmake --install /home/student36/RoboticsDesignProject/elephant_arm_ws/build/mycobot_moveit_config
