[01m[K/home/student36/RoboticsDesignProject/Git-repos/LeoRover-Team7/elephant_arm_ws/src/mtc_tutorial/src/mtc_node.cpp:[m[K In member function ‘[01m[Kmoveit::task_constructor::Task MTCTaskNode::[01;32m[KcreateTask[m[K()[m[K’:
[01m[K/home/student36/RoboticsDesignProject/Git-repos/LeoRover-Team7/elephant_arm_ws/src/mtc_tutorial/src/mtc_node.cpp:211:19:[m[K [01;31m[Kerror: [m[Kexpected primary-expression before ‘[01m[K.[m[K’ token
  211 |       auto stage =[01;31m[K.[m[K std::make_unique<mtc::stages::MoveTo>("close hand", interpolation_planner);
      |                   [01;31m[K^[m[K
[01m[K/home/student36/RoboticsDesignProject/Git-repos/LeoRover-Team7/elephant_arm_ws/src/mtc_tutorial/src/mtc_node.cpp:211:21:[m[K [01;31m[Kerror: [m[K‘[01m[Kstd::make_unique<moveit::task_constructor::stages::MoveTo>[m[K’ is not a class member
  211 |       auto stage =. [01;31m[Kstd[m[K::make_unique<mtc::stages::MoveTo>("close hand", interpolation_planner);
      |                     [01;31m[K^~~[m[K
[01m[K/home/student36/RoboticsDesignProject/Git-repos/LeoRover-Team7/elephant_arm_ws/src/mtc_tutorial/src/mtc_node.cpp:218:42:[m[K [01;31m[Kerror: [m[K‘[01m[KstagesModifyPlanningScene[m[K’ is not a member of ‘[01m[Kmtc[m[K’
  218 |       auto stage = std::make_unique<mtc::[01;31m[KstagesModifyPlanningScene[m[K>("attach object");
      |                                          [01;31m[K^~~~~~~~~~~~~~~~~~~~~~~~~[m[K
[01m[K/home/student36/RoboticsDesignProject/Git-repos/LeoRover-Team7/elephant_arm_ws/src/mtc_tutorial/src/mtc_node.cpp:218:68:[m[K [01;31m[Kerror: [m[Kno matching function for call to ‘[01m[Kmake_unique<<expression error> >(const char [14])[m[K’
  218 | uto stage = [01;31m[Kstd::make_unique<mtc::stagesModifyPlanningScene>("attach object")[m[K;
      |             [01;31m[K~~~~~~~~~~~~~~~~~~~~~~~~~~~~~~~~~~~~~~~~~~~~~~~~^~~~~~~~~~~~~~~~~[m[K

In file included from [01m[K/usr/include/c++/13/memory:78[m[K,
                 from [01m[K/opt/ros/jazzy/include/rclcpp/rclcpp/rclcpp.hpp:169[m[K,
                 from [01m[K/home/student36/RoboticsDesignProject/Git-repos/LeoRover-Team7/elephant_arm_ws/src/mtc_tutorial/src/mtc_node.cpp:1[m[K:
[01m[K/usr/include/c++/13/bits/unique_ptr.h:1069:5:[m[K [01;36m[Knote: [m[Kcandidate: ‘[01m[Ktemplate<class _Tp, class ... _Args> std::__detail::__unique_ptr_t<_Tp> std::[01;32m[Kmake_unique[m[K(_Args&& ...)[m[K’
 1069 |     [01;36m[Kmake_unique[m[K(_Args&&... __args)
      |     [01;36m[K^~~~~~~~~~~[m[K
[01m[K/usr/include/c++/13/bits/unique_ptr.h:1069:5:[m[K [01;36m[Knote: [m[K  template argument deduction/substitution failed:
[01m[K/home/student36/RoboticsDesignProject/Git-repos/LeoRover-Team7/elephant_arm_ws/src/mtc_tutorial/src/mtc_node.cpp:218:68:[m[K [01;31m[Kerror: [m[Ktemplate argument 1 is invalid
  218 | uto stage = [01;31m[Kstd::make_unique<mtc::stagesModifyPlanningScene>("attach object")[m[K;
      |             [01;31m[K~~~~~~~~~~~~~~~~~~~~~~~~~~~~~~~~~~~~~~~~~~~~~~~~^~~~~~~~~~~~~~~~~[m[K

[01m[K/usr/include/c++/13/bits/unique_ptr.h:1084:5:[m[K [01;36m[Knote: [m[Kcandidate: ‘[01m[Ktemplate<class _Tp> std::__detail::__unique_ptr_array_t<_Tp> std::[01;32m[Kmake_unique[m[K(size_t)[m[K’
 1084 |     [01;36m[Kmake_unique[m[K(size_t __num)
      |     [01;36m[K^~~~~~~~~~~[m[K
[01m[K/usr/include/c++/13/bits/unique_ptr.h:1084:5:[m[K [01;36m[Knote: [m[K  template argument deduction/substitution failed:
[01m[K/home/student36/RoboticsDesignProject/Git-repos/LeoRover-Team7/elephant_arm_ws/src/mtc_tutorial/src/mtc_node.cpp:218:68:[m[K [01;31m[Kerror: [m[Ktemplate argument 1 is invalid
  218 | uto stage = [01;31m[Kstd::make_unique<mtc::stagesModifyPlanningScene>("attach object")[m[K;
      |             [01;31m[K~~~~~~~~~~~~~~~~~~~~~~~~~~~~~~~~~~~~~~~~~~~~~~~~^~~~~~~~~~~~~~~~~[m[K

[01m[K/usr/include/c++/13/bits/unique_ptr.h:1094:5:[m[K [01;36m[Knote: [m[Kcandidate: ‘[01m[Ktemplate<class _Tp, class ... _Args> std::__detail::__invalid_make_unique_t<_Tp> std::[01;32m[Kmake_unique[m[K(_Args&& ...)[m[K’ (deleted)
 1094 |     [01;36m[Kmake_unique[m[K(_Args&&...) = delete;
      |     [01;36m[K^~~~~~~~~~~[m[K
[01m[K/usr/include/c++/13/bits/unique_ptr.h:1094:5:[m[K [01;36m[Knote: [m[K  template argument deduction/substitution failed:
[01m[K/home/student36/RoboticsDesignProject/Git-repos/LeoRover-Team7/elephant_arm_ws/src/mtc_tutorial/src/mtc_node.cpp:218:68:[m[K [01;31m[Kerror: [m[Ktemplate argument 1 is invalid
  218 | uto stage = [01;31m[Kstd::make_unique<mtc::stagesModifyPlanningScene>("attach object")[m[K;
      |             [01;31m[K~~~~~~~~~~~~~~~~~~~~~~~~~~~~~~~~~~~~~~~~~~~~~~~~^~~~~~~~~~~~~~~~~[m[K

[01m[K/home/student36/RoboticsDesignProject/Git-repos/LeoRover-Team7/elephant_arm_ws/src/mtc_tutorial/src/mtc_node.cpp:232:17:[m[K [01;31m[Kerror: [m[Kexpected ‘[01m[K;[m[K’ before ‘[01m[Kframe_id[m[K’
  232 |       vec.header[01;31m[K [m[K[32m[Kframe_id[m[K = "world";
      |                 [01;31m[K^[m[K[32m[K~~~~~~~~[m[K
      |                 [32m[K;[m[K
[01m[K/home/student36/RoboticsDesignProject/Git-repos/LeoRover-Team7/elephant_arm_ws/src/mtc_tutorial/src/mtc_node.cpp:232:11:[m[K [01;35m[Kwarning: [m[Kstatement has no effect [[01;35m[K]8;;https://gcc.gnu.org/onlinedocs/gcc/Warning-Options.html#index-Wunused-value-Wunused-value]8;;[m[K]
  232 |       [01;35m[Kvec.header[m[K frame_id = "world";
      |       [01;35m[K~~~~^~~~~~[m[K
[01m[K/home/student36/RoboticsDesignProject/Git-repos/LeoRover-Team7/elephant_arm_ws/src/mtc_tutorial/src/mtc_node.cpp:234:13:[m[K [01;31m[Kerror: [m[K‘[01m[KsetDirection[m[K’ was not declared in this scope
  234 |       stage-[01;31m[KsetDirection[m[K(vec);
      |             [01;31m[K^~~~~~~~~~~~[m[K
gmake[2]: *** [CMakeFiles/mtc_node.dir/build.make:76: CMakeFiles/mtc_node.dir/src/mtc_node.cpp.o] Error 1
gmake[1]: *** [CMakeFiles/Makefile2:137: CMakeFiles/mtc_node.dir/all] Error 2
gmake: *** [Makefile:146: all] Error 2
