[0.031s] Invoking command in '/home/student36/RoboticsDesignProject/Git-repos/LeoRover-Team7/elephant_arm_ws/src/build/moveit_task_constructor_core': AMENT_PREFIX_PATH=/home/student36/RoboticsDesignProject/Git-repos/LeoRover-Team7/elephant_arm_ws/src/install/rviz_marker_tools:/home/student36/RoboticsDesignProject/Git-repos/LeoRover-Team7/elephant_arm_ws/src/install/moveit_task_constructor_msgs:${AMENT_PREFIX_PATH} CMAKE_PREFIX_PATH=/home/student36/RoboticsDesignProject/Git-repos/LeoRover-Team7/elephant_arm_ws/src/install/rviz_marker_tools:/home/student36/RoboticsDesignProject/Git-repos/LeoRover-Team7/elephant_arm_ws/src/install/moveit_task_constructor_msgs:/home/student36/RoboticsDesignProject/Git-repos/LeoRover-Team7/elephant_arm_ws/install/mycobot_ros2:/home/student36/RoboticsDesignProject/Git-repos/LeoRover-Team7/elephant_arm_ws/install/mycobot_moveit_config:/home/student36/RoboticsDesignProject/Git-repos/LeoRover-Team7/elephant_arm_ws/install/mycobot_gazebo:/home/student36/RoboticsDesignProject/Git-repos/LeoRover-Team7/elephant_arm_ws/install/mycobot_description:/home/student36/RoboticsDesignProject/Git-repos/LeoRover-Team7/elephant_arm_ws/install/mycobot_bringup:/home/student36/RoboticsDesignProject/Git-repos/LeoRover-Team7/elephant_arm_ws/install/hello_moveit:/home/student36/ros2_tutorial_workspace/install/package_with_interfaces:/home/student36/ws_moveit/install/robotiq_hardware_tests:/home/student36/ws_moveit/install/robotiq_driver:/home/student36/ws_moveit/install/serial:/home/student36/ws_moveit/install/moveit2_tutorials:/home/student36/ws_moveit/install/hello_moveit:/home/student36/ws_moveit/install/moveit_visual_tools:/home/student36/ws_moveit/install/rviz_visual_tools:/home/student36/ws_moveit/install/mtc_tutorial:/home/student36/ws_moveit/install/moveit_task_constructor_demo:/home/student36/ws_moveit/install/moveit_task_constructor_visualization:/home/student36/ws_moveit/install/moveit_task_constructor_capabilities:/home/student36/ws_moveit/install/elephant:/home/student36/ws_moveit/install/moveit_task_constructor_core:/home/student36/ws_moveit/install/rviz_marker_tools:/home/student36/ws_moveit/install/kortex_bringup:/home/student36/ws_moveit/install/kinova_gen3_lite_moveit_config:/home/student36/ws_moveit/install/kinova_gen3_7dof_robotiq_2f_85_moveit_config:/home/student36/ws_moveit/install/kinova_gen3_6dof_robotiq_2f_85_moveit_config:/home/student36/ws_moveit/install/kortex_description:/home/student36/ws_moveit/install/robotiq_description:/home/student36/ws_moveit/install/robotiq_controllers:/home/student36/ws_moveit/install/pilz_industrial_motion_planner_testutils:/home/student36/ws_moveit/install/mycobot_280_moveit2:/home/student36/ws_moveit/install/moveit_runtime:/home/student36/ws_moveit/install/moveit:/home/student36/ws_moveit/install/elephant_arm:/home/student36/ws_moveit/install/moveit_planners:/home/student36/ws_moveit/install/pilz_industrial_motion_planner:/home/student36/ws_moveit/install/mycobot_description:/home/student36/ws_moveit/install/moveit_task_constructor_msgs:/home/student36/ws_moveit/install/moveit_ros_control_interface:/home/student36/ws_moveit/install/moveit_plugins:/home/student36/ws_moveit/install/moveit_simple_controller_manager:/home/student36/ws_moveit/install/moveit_setup_assistant:/home/student36/ws_moveit/install/moveit_setup_srdf_plugins:/home/student36/ws_moveit/install/moveit_setup_core_plugins:/home/student36/ws_moveit/install/moveit_setup_controllers:/home/student36/ws_moveit/install/moveit_setup_app_plugins:/home/student36/ws_moveit/install/moveit_setup_framework:/home/student36/ws_moveit/install/moveit_servo:/home/student36/ws_moveit/install/moveit_ros_trajectory_cache:/home/student36/ws_moveit/install/moveit_ros:/home/student36/ws_moveit/install/moveit_ros_visualization:/home/student36/ws_moveit/install/moveit_py:/home/student36/ws_moveit/install/moveit_hybrid_planning:/home/student36/ws_moveit/install/moveit_ros_planning_interface:/home/student36/ws_moveit/install/moveit_ros_benchmarks:/home/student36/ws_moveit/install/moveit_ros_warehouse:/home/student36/ws_moveit/install/moveit_ros_robot_interaction:/home/student36/ws_moveit/install/moveit_ros_perception:/home/student36/ws_moveit/install/moveit_resources_prbt_pg70_support:/home/student36/ws_moveit/install/moveit_resources_prbt_moveit_config:/home/student36/ws_moveit/install/moveit_ros_move_group:/home/student36/ws_moveit/install/moveit_planners_ompl:/home/student36/ws_moveit/install/moveit_kinematics:/home/student36/ws_moveit/install/moveit_ros_planning:/home/student36/ws_moveit/install/moveit_ros_occupancy_map_monitor:/home/student36/ws_moveit/install/moveit_resources_prbt_support:/home/student36/ws_moveit/install/moveit_resources_prbt_ikfast_manipulator_plugin:/home/student36/ws_moveit/install/moveit_resources:/home/student36/ws_moveit/install/moveit_resources_pr2_description:/home/student36/ws_moveit/install/moveit_resources_panda_moveit_config:/home/student36/ws_moveit/install/dual_arm_panda_moveit_config:/home/student36/ws_moveit/install/moveit_resources_panda_description:/home/student36/ws_moveit/install/moveit_resources_fanuc_moveit_config:/home/student36/ws_moveit/install/moveit_resources_fanuc_description:/home/student36/ws_moveit/install/moveit_planners_stomp:/home/student36/ws_moveit/install/moveit_planners_chomp:/home/student36/ws_moveit/install/chomp_motion_planner:/home/student36/ws_moveit/install/moveit_core:/home/student36/ws_moveit/install/moveit_msgs:/home/student36/ws_moveit/install/moveit_common:/home/student36/ws_moveit/install/kortex_driver:/home/student36/ws_moveit/install/kortex_api:/home/student36/rplidar_ws/install/rplidar_ros:/home/student36/elephant_arm_ws/install/mycobot_280_moveit2:/opt/ros/jazzy/opt/gz_sim_vendor:/opt/ros/jazzy/opt/gz_sensors_vendor:/opt/ros/jazzy/opt/gz_physics_vendor:/opt/ros/jazzy/opt/sdformat_vendor:/opt/ros/jazzy/opt/gz_gui_vendor:/opt/ros/jazzy/opt/gz_transport_vendor:/opt/ros/jazzy/opt/gz_rendering_vendor:/opt/ros/jazzy/opt/gz_plugin_vendor:/opt/ros/jazzy/opt/gz_fuel_tools_vendor:/opt/ros/jazzy/opt/gz_msgs_vendor:/opt/ros/jazzy/opt/gz_common_vendor:/opt/ros/jazzy/opt/gz_math_vendor:/opt/ros/jazzy/opt/gz_utils_vendor:/opt/ros/jazzy/opt/gz_tools_vendor:/opt/ros/jazzy/opt/gz_ogre_next_vendor:/opt/ros/jazzy/opt/gz_dartsim_vendor:/opt/ros/jazzy/opt/gz_cmake_vendor:/home/student36/ros2_tutorial_workspace/install/the_simplest_python_package:/home/student36/ros2_tutorial_workspace/install/python_package_with_a_node:/home/student36/ros2_tutorial_workspace/install/python_package_that_uses_the_library:/home/student36/ros2_tutorial_workspace/install/python_package_with_a_library:/home/student36/ros2_tutorial_workspace/install/python_package_that_uses_the_services:/home/student36/ros2_tutorial_workspace/install/python_package_that_uses_the_actions:/home/student36/ros2_tutorial_workspace/install/python_package_that_uses_tf2:/home/student36/ros2_tutorial_workspace/install/python_package_that_uses_parameters_and_launch_files:/home/student36/ros2_tutorial_workspace/install/python_package_that_uses_nottf2:/home/student36/ros2_tutorial_workspace/install/python_package_that_uses_nav2:/home/student36/ros2_tutorial_workspace/install/python_package_that_uses_messages:/home/student36/ros2_tutorial_workspace/install/python_package_that_uses_geometry_msgs:/home/student36/ros2_tutorial_workspace/install/python_package_that_uses_gazebo:/home/student36/ws_moveit/install/moveit_configs_utils:/home/student36/elephant_arm_ws/install/mycobot_description:/opt/ros/jazzy DEBUGINFOD_URLS=https://debuginfod.ubuntu.com LD_LIBRARY_PATH=/home/student36/RoboticsDesignProject/Git-repos/LeoRover-Team7/elephant_arm_ws/src/install/rviz_marker_tools/lib:/home/student36/RoboticsDesignProject/Git-repos/LeoRover-Team7/elephant_arm_ws/src/install/moveit_task_constructor_msgs/lib:${LD_LIBRARY_PATH} PYTHONPATH=/home/student36/RoboticsDesignProject/Git-repos/LeoRover-Team7/elephant_arm_ws/src/install/moveit_task_constructor_msgs/lib/python3.12/site-packages:${PYTHONPATH} /usr/bin/cmake /home/student36/RoboticsDesignProject/Git-repos/LeoRover-Team7/elephant_arm_ws/src/moveit_task_constructor/core -DCMAKE_INSTALL_PREFIX=/home/student36/RoboticsDesignProject/Git-repos/LeoRover-Team7/elephant_arm_ws/src/install/moveit_task_constructor_core
[0.115s] -- The C compiler identification is GNU 13.3.0
[0.219s] -- The CXX compiler identification is GNU 13.3.0
[0.248s] -- Detecting C compiler ABI info
[0.383s] -- Detecting C compiler ABI info - done
[0.399s] -- Check for working C compiler: /usr/bin/cc - skipped
[0.400s] -- Detecting C compile features
[0.401s] -- Detecting C compile features - done
[0.425s] -- Detecting CXX compiler ABI info
[0.584s] -- Detecting CXX compiler ABI info - done
[0.611s] -- Check for working CXX compiler: /usr/bin/c++ - skipped
[0.611s] -- Detecting CXX compile features
[0.612s] -- Detecting CXX compile features - done
[0.623s] -- Found ament_cmake: 2.5.5 (/opt/ros/jazzy/share/ament_cmake/cmake)
[0.851s] -- Found Python3: /usr/bin/python3 (found version "3.12.3") found components: Interpreter 
[1.041s] -- Found Boost: /usr/lib/x86_64-linux-gnu/cmake/Boost-1.83.0/BoostConfig.cmake (found version "1.83.0")  
[1.052s] -- Found geometry_msgs: 5.3.6 (/opt/ros/jazzy/share/geometry_msgs/cmake)
[1.135s] -- Found rosidl_generator_c: 4.6.7 (/opt/ros/jazzy/share/rosidl_generator_c/cmake)
[1.158s] -- Found rosidl_generator_cpp: 4.6.7 (/opt/ros/jazzy/share/rosidl_generator_cpp/cmake)
[1.187s] -- Using all available rosidl_typesupport_c: rosidl_typesupport_fastrtps_c;rosidl_typesupport_introspection_c
[1.220s] -- Using all available rosidl_typesupport_cpp: rosidl_typesupport_fastrtps_cpp;rosidl_typesupport_introspection_cpp
[1.275s] -- Found moveit_common: 2.14.1 (/home/student36/ws_moveit/install/moveit_common/share/moveit_common/cmake)
[1.371s] [0mmoveit_task_constructor_core: You did not request a specific build type: Choosing 'Release' for maximum performance[0m
[1.375s] -- Found moveit_core: 2.14.1 (/home/student36/ws_moveit/install/moveit_core/share/moveit_core/cmake)
[1.583s] -- Found Boost: /usr/lib/x86_64-linux-gnu/cmake/Boost-1.83.0/BoostConfig.cmake (found version "1.83.0") found components: chrono date_time filesystem iostreams program_options regex serialization system thread 
[1.733s] -- Found parameter_traits: 0.6.0 (/opt/ros/jazzy/share/parameter_traits/cmake)
[1.831s] -- Found rmw_implementation_cmake: 7.3.3 (/opt/ros/jazzy/share/rmw_implementation_cmake/cmake)
[1.842s] -- Found rmw_fastrtps_cpp: 8.4.3 (/opt/ros/jazzy/share/rmw_fastrtps_cpp/cmake)
[1.968s] -- Found OpenSSL: /usr/lib/x86_64-linux-gnu/libcrypto.so (found version "3.0.13")  
[2.003s] -- Found FastRTPS: /opt/ros/jazzy/include (Required is at least version "2.13") 
[2.038s] -- Using RMW implementation 'rmw_fastrtps_cpp' as default
[2.161s] -- Found rclcpp_lifecycle: 28.1.16 (/opt/ros/jazzy/share/rclcpp_lifecycle/cmake)
[2.203s] -- Found Boost: /usr/lib/x86_64-linux-gnu/cmake/Boost-1.83.0/BoostConfig.cmake (found version "1.83.0") found components: filesystem 
[2.333s] -- Found Eigen3: TRUE (found version "3.4.0") 
[2.333s] -- Ensuring Eigen3 include directory is part of orocos-kdl CMake target
[2.711s] -- Found moveit_ros_planning: 2.14.1 (/home/student36/ws_moveit/install/moveit_ros_planning/share/moveit_ros_planning/cmake)
[2.714s] -- Found Boost: /usr/lib/x86_64-linux-gnu/cmake/Boost-1.83.0/BoostConfig.cmake (found version "1.83.0") found components: system filesystem date_time program_options thread chrono 
[2.752s] -- Found moveit_ros_planning_interface: 2.14.1 (/home/student36/ws_moveit/install/moveit_ros_planning_interface/share/moveit_ros_planning_interface/cmake)
[2.755s] -- Found Boost: /usr/lib/x86_64-linux-gnu/cmake/Boost-1.83.0/BoostConfig.cmake (found version "1.83.0") found components: date_time filesystem program_options system thread 
[2.770s] -- Found Boost: /usr/lib/x86_64-linux-gnu/cmake/Boost-1.83.0/BoostConfig.cmake (found version "1.83.0") found components: thread system filesystem regex date_time program_options 
[2.798s] -- Found Boost: /usr/lib/x86_64-linux-gnu/cmake/Boost-1.83.0/BoostConfig.cmake (found version "1.83.0") found components: system filesystem date_time program_options thread 
[2.832s] -- Found moveit_task_constructor_msgs: 0.1.4 (/home/student36/RoboticsDesignProject/Git-repos/LeoRover-Team7/elephant_arm_ws/src/install/moveit_task_constructor_msgs/share/moveit_task_constructor_msgs/cmake)
[2.870s] -- Found py_binding_tools: 2.0.1 (/opt/ros/jazzy/share/py_binding_tools/cmake)
[2.873s] -- Found rviz_marker_tools: 0.1.4 (/home/student36/RoboticsDesignProject/Git-repos/LeoRover-Team7/elephant_arm_ws/src/install/rviz_marker_tools/share/rviz_marker_tools/cmake)
[3.189s] -- Found Python3: /usr/bin/python3 (found version "3.12.3") found components: Interpreter Development Development.Module Development.Embed 
[3.199s] -- pybind11 v2.13.0 dev1
[3.226s] -- Found PythonInterp: /usr/bin/python3 (found suitable version "3.12.3", minimum required is "3.6") 
[3.252s] -- Found PythonLibs: /usr/lib/x86_64-linux-gnu/libpython3.12.so
[3.255s] -- Performing Test HAS_FLTO
[3.452s] -- Performing Test HAS_FLTO - Success
[3.464s] -- Found ament_cmake_pytest: 2.5.5 (/opt/ros/jazzy/share/ament_cmake_pytest/cmake)
[3.471s] -- Found launch_testing_ament_cmake: 3.4.10 (/opt/ros/jazzy/share/launch_testing_ament_cmake/cmake)
[3.477s] -- Found python_cmake_module: 0.11.1 (/opt/ros/jazzy/share/python_cmake_module/cmake)
[3.509s] -- Found Python3: /usr/bin/python3 (found version "3.12.3") found components: Interpreter 
[3.511s] -- Found PythonExtra: /usr/bin/python3  
[3.866s] -- Found ament_cmake_gtest: 2.5.5 (/opt/ros/jazzy/share/ament_cmake_gtest/cmake)
[3.872s] -- Found ament_cmake_gmock: 2.5.5 (/opt/ros/jazzy/share/ament_cmake_gmock/cmake)
[3.872s] -- Found launch_testing_ament_cmake: 3.4.10 (/opt/ros/jazzy/share/launch_testing_ament_cmake/cmake)
[3.872s] -- Found python_cmake_module: 0.11.1 (/opt/ros/jazzy/share/python_cmake_module/cmake)
[3.904s] -- Found gmock sources under '/opt/ros/jazzy/src/gmock_vendor': C++ tests using 'Google Mock' will be built
[3.912s] -- Found gtest sources under '/opt/ros/jazzy/src/gtest_vendor': C++ tests using 'Google Test' will be built
[3.916s] -- Found Threads: TRUE  
[3.937s] -- Configuring done (3.9s)
[4.334s] -- Generating done (0.3s)
[4.415s] -- Build files have been written to: /home/student36/RoboticsDesignProject/Git-repos/LeoRover-Team7/elephant_arm_ws/src/build/moveit_task_constructor_core
[4.439s] Invoked command in '/home/student36/RoboticsDesignProject/Git-repos/LeoRover-Team7/elephant_arm_ws/src/build/moveit_task_constructor_core' returned '0': AMENT_PREFIX_PATH=/home/student36/RoboticsDesignProject/Git-repos/LeoRover-Team7/elephant_arm_ws/src/install/rviz_marker_tools:/home/student36/RoboticsDesignProject/Git-repos/LeoRover-Team7/elephant_arm_ws/src/install/moveit_task_constructor_msgs:${AMENT_PREFIX_PATH} CMAKE_PREFIX_PATH=/home/student36/RoboticsDesignProject/Git-repos/LeoRover-Team7/elephant_arm_ws/src/install/rviz_marker_tools:/home/student36/RoboticsDesignProject/Git-repos/LeoRover-Team7/elephant_arm_ws/src/install/moveit_task_constructor_msgs:/home/student36/RoboticsDesignProject/Git-repos/LeoRover-Team7/elephant_arm_ws/install/mycobot_ros2:/home/student36/RoboticsDesignProject/Git-repos/LeoRover-Team7/elephant_arm_ws/install/mycobot_moveit_config:/home/student36/RoboticsDesignProject/Git-repos/LeoRover-Team7/elephant_arm_ws/install/mycobot_gazebo:/home/student36/RoboticsDesignProject/Git-repos/LeoRover-Team7/elephant_arm_ws/install/mycobot_description:/home/student36/RoboticsDesignProject/Git-repos/LeoRover-Team7/elephant_arm_ws/install/mycobot_bringup:/home/student36/RoboticsDesignProject/Git-repos/LeoRover-Team7/elephant_arm_ws/install/hello_moveit:/home/student36/ros2_tutorial_workspace/install/package_with_interfaces:/home/student36/ws_moveit/install/robotiq_hardware_tests:/home/student36/ws_moveit/install/robotiq_driver:/home/student36/ws_moveit/install/serial:/home/student36/ws_moveit/install/moveit2_tutorials:/home/student36/ws_moveit/install/hello_moveit:/home/student36/ws_moveit/install/moveit_visual_tools:/home/student36/ws_moveit/install/rviz_visual_tools:/home/student36/ws_moveit/install/mtc_tutorial:/home/student36/ws_moveit/install/moveit_task_constructor_demo:/home/student36/ws_moveit/install/moveit_task_constructor_visualization:/home/student36/ws_moveit/install/moveit_task_constructor_capabilities:/home/student36/ws_moveit/install/elephant:/home/student36/ws_moveit/install/moveit_task_constructor_core:/home/student36/ws_moveit/install/rviz_marker_tools:/home/student36/ws_moveit/install/kortex_bringup:/home/student36/ws_moveit/install/kinova_gen3_lite_moveit_config:/home/student36/ws_moveit/install/kinova_gen3_7dof_robotiq_2f_85_moveit_config:/home/student36/ws_moveit/install/kinova_gen3_6dof_robotiq_2f_85_moveit_config:/home/student36/ws_moveit/install/kortex_description:/home/student36/ws_moveit/install/robotiq_description:/home/student36/ws_moveit/install/robotiq_controllers:/home/student36/ws_moveit/install/pilz_industrial_motion_planner_testutils:/home/student36/ws_moveit/install/mycobot_280_moveit2:/home/student36/ws_moveit/install/moveit_runtime:/home/student36/ws_moveit/install/moveit:/home/student36/ws_moveit/install/elephant_arm:/home/student36/ws_moveit/install/moveit_planners:/home/student36/ws_moveit/install/pilz_industrial_motion_planner:/home/student36/ws_moveit/install/mycobot_description:/home/student36/ws_moveit/install/moveit_task_constructor_msgs:/home/student36/ws_moveit/install/moveit_ros_control_interface:/home/student36/ws_moveit/install/moveit_plugins:/home/student36/ws_moveit/install/moveit_simple_controller_manager:/home/student36/ws_moveit/install/moveit_setup_assistant:/home/student36/ws_moveit/install/moveit_setup_srdf_plugins:/home/student36/ws_moveit/install/moveit_setup_core_plugins:/home/student36/ws_moveit/install/moveit_setup_controllers:/home/student36/ws_moveit/install/moveit_setup_app_plugins:/home/student36/ws_moveit/install/moveit_setup_framework:/home/student36/ws_moveit/install/moveit_servo:/home/student36/ws_moveit/install/moveit_ros_trajectory_cache:/home/student36/ws_moveit/install/moveit_ros:/home/student36/ws_moveit/install/moveit_ros_visualization:/home/student36/ws_moveit/install/moveit_py:/home/student36/ws_moveit/install/moveit_hybrid_planning:/home/student36/ws_moveit/install/moveit_ros_planning_interface:/home/student36/ws_moveit/install/moveit_ros_benchmarks:/home/student36/ws_moveit/install/moveit_ros_warehouse:/home/student36/ws_moveit/install/moveit_ros_robot_interaction:/home/student36/ws_moveit/install/moveit_ros_perception:/home/student36/ws_moveit/install/moveit_resources_prbt_pg70_support:/home/student36/ws_moveit/install/moveit_resources_prbt_moveit_config:/home/student36/ws_moveit/install/moveit_ros_move_group:/home/student36/ws_moveit/install/moveit_planners_ompl:/home/student36/ws_moveit/install/moveit_kinematics:/home/student36/ws_moveit/install/moveit_ros_planning:/home/student36/ws_moveit/install/moveit_ros_occupancy_map_monitor:/home/student36/ws_moveit/install/moveit_resources_prbt_support:/home/student36/ws_moveit/install/moveit_resources_prbt_ikfast_manipulator_plugin:/home/student36/ws_moveit/install/moveit_resources:/home/student36/ws_moveit/install/moveit_resources_pr2_description:/home/student36/ws_moveit/install/moveit_resources_panda_moveit_config:/home/student36/ws_moveit/install/dual_arm_panda_moveit_config:/home/student36/ws_moveit/install/moveit_resources_panda_description:/home/student36/ws_moveit/install/moveit_resources_fanuc_moveit_config:/home/student36/ws_moveit/install/moveit_resources_fanuc_description:/home/student36/ws_moveit/install/moveit_planners_stomp:/home/student36/ws_moveit/install/moveit_planners_chomp:/home/student36/ws_moveit/install/chomp_motion_planner:/home/student36/ws_moveit/install/moveit_core:/home/student36/ws_moveit/install/moveit_msgs:/home/student36/ws_moveit/install/moveit_common:/home/student36/ws_moveit/install/kortex_driver:/home/student36/ws_moveit/install/kortex_api:/home/student36/rplidar_ws/install/rplidar_ros:/home/student36/elephant_arm_ws/install/mycobot_280_moveit2:/opt/ros/jazzy/opt/gz_sim_vendor:/opt/ros/jazzy/opt/gz_sensors_vendor:/opt/ros/jazzy/opt/gz_physics_vendor:/opt/ros/jazzy/opt/sdformat_vendor:/opt/ros/jazzy/opt/gz_gui_vendor:/opt/ros/jazzy/opt/gz_transport_vendor:/opt/ros/jazzy/opt/gz_rendering_vendor:/opt/ros/jazzy/opt/gz_plugin_vendor:/opt/ros/jazzy/opt/gz_fuel_tools_vendor:/opt/ros/jazzy/opt/gz_msgs_vendor:/opt/ros/jazzy/opt/gz_common_vendor:/opt/ros/jazzy/opt/gz_math_vendor:/opt/ros/jazzy/opt/gz_utils_vendor:/opt/ros/jazzy/opt/gz_tools_vendor:/opt/ros/jazzy/opt/gz_ogre_next_vendor:/opt/ros/jazzy/opt/gz_dartsim_vendor:/opt/ros/jazzy/opt/gz_cmake_vendor:/home/student36/ros2_tutorial_workspace/install/the_simplest_python_package:/home/student36/ros2_tutorial_workspace/install/python_package_with_a_node:/home/student36/ros2_tutorial_workspace/install/python_package_that_uses_the_library:/home/student36/ros2_tutorial_workspace/install/python_package_with_a_library:/home/student36/ros2_tutorial_workspace/install/python_package_that_uses_the_services:/home/student36/ros2_tutorial_workspace/install/python_package_that_uses_the_actions:/home/student36/ros2_tutorial_workspace/install/python_package_that_uses_tf2:/home/student36/ros2_tutorial_workspace/install/python_package_that_uses_parameters_and_launch_files:/home/student36/ros2_tutorial_workspace/install/python_package_that_uses_nottf2:/home/student36/ros2_tutorial_workspace/install/python_package_that_uses_nav2:/home/student36/ros2_tutorial_workspace/install/python_package_that_uses_messages:/home/student36/ros2_tutorial_workspace/install/python_package_that_uses_geometry_msgs:/home/student36/ros2_tutorial_workspace/install/python_package_that_uses_gazebo:/home/student36/ws_moveit/install/moveit_configs_utils:/home/student36/elephant_arm_ws/install/mycobot_description:/opt/ros/jazzy DEBUGINFOD_URLS=https://debuginfod.ubuntu.com LD_LIBRARY_PATH=/home/student36/RoboticsDesignProject/Git-repos/LeoRover-Team7/elephant_arm_ws/src/install/rviz_marker_tools/lib:/home/student36/RoboticsDesignProject/Git-repos/LeoRover-Team7/elephant_arm_ws/src/install/moveit_task_constructor_msgs/lib:${LD_LIBRARY_PATH} PYTHONPATH=/home/student36/RoboticsDesignProject/Git-repos/LeoRover-Team7/elephant_arm_ws/src/install/moveit_task_constructor_msgs/lib/python3.12/site-packages:${PYTHONPATH} /usr/bin/cmake /home/student36/RoboticsDesignProject/Git-repos/LeoRover-Team7/elephant_arm_ws/src/moveit_task_constructor/core -DCMAKE_INSTALL_PREFIX=/home/student36/RoboticsDesignProject/Git-repos/LeoRover-Team7/elephant_arm_ws/src/install/moveit_task_constructor_core
[4.440s] Invoking command in '/home/student36/RoboticsDesignProject/Git-repos/LeoRover-Team7/elephant_arm_ws/src/build/moveit_task_constructor_core': AMENT_PREFIX_PATH=/home/student36/RoboticsDesignProject/Git-repos/LeoRover-Team7/elephant_arm_ws/src/install/rviz_marker_tools:/home/student36/RoboticsDesignProject/Git-repos/LeoRover-Team7/elephant_arm_ws/src/install/moveit_task_constructor_msgs:${AMENT_PREFIX_PATH} CMAKE_PREFIX_PATH=/home/student36/RoboticsDesignProject/Git-repos/LeoRover-Team7/elephant_arm_ws/src/install/rviz_marker_tools:/home/student36/RoboticsDesignProject/Git-repos/LeoRover-Team7/elephant_arm_ws/src/install/moveit_task_constructor_msgs:/home/student36/RoboticsDesignProject/Git-repos/LeoRover-Team7/elephant_arm_ws/install/mycobot_ros2:/home/student36/RoboticsDesignProject/Git-repos/LeoRover-Team7/elephant_arm_ws/install/mycobot_moveit_config:/home/student36/RoboticsDesignProject/Git-repos/LeoRover-Team7/elephant_arm_ws/install/mycobot_gazebo:/home/student36/RoboticsDesignProject/Git-repos/LeoRover-Team7/elephant_arm_ws/install/mycobot_description:/home/student36/RoboticsDesignProject/Git-repos/LeoRover-Team7/elephant_arm_ws/install/mycobot_bringup:/home/student36/RoboticsDesignProject/Git-repos/LeoRover-Team7/elephant_arm_ws/install/hello_moveit:/home/student36/ros2_tutorial_workspace/install/package_with_interfaces:/home/student36/ws_moveit/install/robotiq_hardware_tests:/home/student36/ws_moveit/install/robotiq_driver:/home/student36/ws_moveit/install/serial:/home/student36/ws_moveit/install/moveit2_tutorials:/home/student36/ws_moveit/install/hello_moveit:/home/student36/ws_moveit/install/moveit_visual_tools:/home/student36/ws_moveit/install/rviz_visual_tools:/home/student36/ws_moveit/install/mtc_tutorial:/home/student36/ws_moveit/install/moveit_task_constructor_demo:/home/student36/ws_moveit/install/moveit_task_constructor_visualization:/home/student36/ws_moveit/install/moveit_task_constructor_capabilities:/home/student36/ws_moveit/install/elephant:/home/student36/ws_moveit/install/moveit_task_constructor_core:/home/student36/ws_moveit/install/rviz_marker_tools:/home/student36/ws_moveit/install/kortex_bringup:/home/student36/ws_moveit/install/kinova_gen3_lite_moveit_config:/home/student36/ws_moveit/install/kinova_gen3_7dof_robotiq_2f_85_moveit_config:/home/student36/ws_moveit/install/kinova_gen3_6dof_robotiq_2f_85_moveit_config:/home/student36/ws_moveit/install/kortex_description:/home/student36/ws_moveit/install/robotiq_description:/home/student36/ws_moveit/install/robotiq_controllers:/home/student36/ws_moveit/install/pilz_industrial_motion_planner_testutils:/home/student36/ws_moveit/install/mycobot_280_moveit2:/home/student36/ws_moveit/install/moveit_runtime:/home/student36/ws_moveit/install/moveit:/home/student36/ws_moveit/install/elephant_arm:/home/student36/ws_moveit/install/moveit_planners:/home/student36/ws_moveit/install/pilz_industrial_motion_planner:/home/student36/ws_moveit/install/mycobot_description:/home/student36/ws_moveit/install/moveit_task_constructor_msgs:/home/student36/ws_moveit/install/moveit_ros_control_interface:/home/student36/ws_moveit/install/moveit_plugins:/home/student36/ws_moveit/install/moveit_simple_controller_manager:/home/student36/ws_moveit/install/moveit_setup_assistant:/home/student36/ws_moveit/install/moveit_setup_srdf_plugins:/home/student36/ws_moveit/install/moveit_setup_core_plugins:/home/student36/ws_moveit/install/moveit_setup_controllers:/home/student36/ws_moveit/install/moveit_setup_app_plugins:/home/student36/ws_moveit/install/moveit_setup_framework:/home/student36/ws_moveit/install/moveit_servo:/home/student36/ws_moveit/install/moveit_ros_trajectory_cache:/home/student36/ws_moveit/install/moveit_ros:/home/student36/ws_moveit/install/moveit_ros_visualization:/home/student36/ws_moveit/install/moveit_py:/home/student36/ws_moveit/install/moveit_hybrid_planning:/home/student36/ws_moveit/install/moveit_ros_planning_interface:/home/student36/ws_moveit/install/moveit_ros_benchmarks:/home/student36/ws_moveit/install/moveit_ros_warehouse:/home/student36/ws_moveit/install/moveit_ros_robot_interaction:/home/student36/ws_moveit/install/moveit_ros_perception:/home/student36/ws_moveit/install/moveit_resources_prbt_pg70_support:/home/student36/ws_moveit/install/moveit_resources_prbt_moveit_config:/home/student36/ws_moveit/install/moveit_ros_move_group:/home/student36/ws_moveit/install/moveit_planners_ompl:/home/student36/ws_moveit/install/moveit_kinematics:/home/student36/ws_moveit/install/moveit_ros_planning:/home/student36/ws_moveit/install/moveit_ros_occupancy_map_monitor:/home/student36/ws_moveit/install/moveit_resources_prbt_support:/home/student36/ws_moveit/install/moveit_resources_prbt_ikfast_manipulator_plugin:/home/student36/ws_moveit/install/moveit_resources:/home/student36/ws_moveit/install/moveit_resources_pr2_description:/home/student36/ws_moveit/install/moveit_resources_panda_moveit_config:/home/student36/ws_moveit/install/dual_arm_panda_moveit_config:/home/student36/ws_moveit/install/moveit_resources_panda_description:/home/student36/ws_moveit/install/moveit_resources_fanuc_moveit_config:/home/student36/ws_moveit/install/moveit_resources_fanuc_description:/home/student36/ws_moveit/install/moveit_planners_stomp:/home/student36/ws_moveit/install/moveit_planners_chomp:/home/student36/ws_moveit/install/chomp_motion_planner:/home/student36/ws_moveit/install/moveit_core:/home/student36/ws_moveit/install/moveit_msgs:/home/student36/ws_moveit/install/moveit_common:/home/student36/ws_moveit/install/kortex_driver:/home/student36/ws_moveit/install/kortex_api:/home/student36/rplidar_ws/install/rplidar_ros:/home/student36/elephant_arm_ws/install/mycobot_280_moveit2:/opt/ros/jazzy/opt/gz_sim_vendor:/opt/ros/jazzy/opt/gz_sensors_vendor:/opt/ros/jazzy/opt/gz_physics_vendor:/opt/ros/jazzy/opt/sdformat_vendor:/opt/ros/jazzy/opt/gz_gui_vendor:/opt/ros/jazzy/opt/gz_transport_vendor:/opt/ros/jazzy/opt/gz_rendering_vendor:/opt/ros/jazzy/opt/gz_plugin_vendor:/opt/ros/jazzy/opt/gz_fuel_tools_vendor:/opt/ros/jazzy/opt/gz_msgs_vendor:/opt/ros/jazzy/opt/gz_common_vendor:/opt/ros/jazzy/opt/gz_math_vendor:/opt/ros/jazzy/opt/gz_utils_vendor:/opt/ros/jazzy/opt/gz_tools_vendor:/opt/ros/jazzy/opt/gz_ogre_next_vendor:/opt/ros/jazzy/opt/gz_dartsim_vendor:/opt/ros/jazzy/opt/gz_cmake_vendor:/home/student36/ros2_tutorial_workspace/install/the_simplest_python_package:/home/student36/ros2_tutorial_workspace/install/python_package_with_a_node:/home/student36/ros2_tutorial_workspace/install/python_package_that_uses_the_library:/home/student36/ros2_tutorial_workspace/install/python_package_with_a_library:/home/student36/ros2_tutorial_workspace/install/python_package_that_uses_the_services:/home/student36/ros2_tutorial_workspace/install/python_package_that_uses_the_actions:/home/student36/ros2_tutorial_workspace/install/python_package_that_uses_tf2:/home/student36/ros2_tutorial_workspace/install/python_package_that_uses_parameters_and_launch_files:/home/student36/ros2_tutorial_workspace/install/python_package_that_uses_nottf2:/home/student36/ros2_tutorial_workspace/install/python_package_that_uses_nav2:/home/student36/ros2_tutorial_workspace/install/python_package_that_uses_messages:/home/student36/ros2_tutorial_workspace/install/python_package_that_uses_geometry_msgs:/home/student36/ros2_tutorial_workspace/install/python_package_that_uses_gazebo:/home/student36/ws_moveit/install/moveit_configs_utils:/home/student36/elephant_arm_ws/install/mycobot_description:/opt/ros/jazzy DEBUGINFOD_URLS=https://debuginfod.ubuntu.com LD_LIBRARY_PATH=/home/student36/RoboticsDesignProject/Git-repos/LeoRover-Team7/elephant_arm_ws/src/install/rviz_marker_tools/lib:/home/student36/RoboticsDesignProject/Git-repos/LeoRover-Team7/elephant_arm_ws/src/install/moveit_task_constructor_msgs/lib:${LD_LIBRARY_PATH} PYTHONPATH=/home/student36/RoboticsDesignProject/Git-repos/LeoRover-Team7/elephant_arm_ws/src/install/moveit_task_constructor_msgs/lib/python3.12/site-packages:${PYTHONPATH} /usr/bin/cmake --build /home/student36/RoboticsDesignProject/Git-repos/LeoRover-Team7/elephant_arm_ws/src/build/moveit_task_constructor_core -- -j12 -l12
[4.543s] [  1%] [32mBuilding CXX object gtest/CMakeFiles/gtest_main.dir/src/gtest_main.cc.o[0m
[4.557s] [  2%] [32mBuilding CXX object gtest/CMakeFiles/gtest.dir/src/gtest-all.cc.o[0m
[4.559s] [  3%] [32mBuilding CXX object src/CMakeFiles/moveit_task_constructor_core.dir/container.cpp.o[0m
[4.560s] [  4%] [32mBuilding CXX object src/CMakeFiles/moveit_task_constructor_core.dir/introspection.cpp.o[0m
[4.560s] [  5%] [32mBuilding CXX object gmock/CMakeFiles/gmock_main.dir/src/gmock_main.cc.o[0m
[4.561s] [  6%] [32mBuilding CXX object src/CMakeFiles/moveit_task_constructor_core.dir/marker_tools.cpp.o[0m
[4.562s] [  7%] [32mBuilding CXX object gmock/CMakeFiles/gmock.dir/opt/ros/jazzy/src/gtest_vendor/src/gtest-all.cc.o[0m
[4.562s] [  8%] [32mBuilding CXX object gmock/CMakeFiles/gmock.dir/src/gmock-all.cc.o[0m
[4.565s] [  9%] [32mBuilding CXX object src/CMakeFiles/moveit_task_constructor_core.dir/merge.cpp.o[0m
[4.566s] [ 10%] [32mBuilding CXX object src/CMakeFiles/moveit_task_constructor_core.dir/cost_terms.cpp.o[0m
[4.572s] [ 11%] [32mBuilding CXX object src/CMakeFiles/moveit_task_constructor_core.dir/properties.cpp.o[0m
[4.576s] [ 11%] Built target ament_cmake_python_copy_moveit
[5.031s] running egg_info
[5.032s] creating moveit.egg-info
[5.069s] writing moveit.egg-info/PKG-INFO
[5.069s] writing dependency_links to moveit.egg-info/dependency_links.txt
[5.070s] writing top-level names to moveit.egg-info/top_level.txt
[5.071s] writing manifest file 'moveit.egg-info/SOURCES.txt'
[5.199s] reading manifest file 'moveit.egg-info/SOURCES.txt'
[5.207s] writing manifest file 'moveit.egg-info/SOURCES.txt'
[5.301s] [ 11%] Built target ament_cmake_python_build_moveit_egg
[5.321s] [ 12%] [32mBuilding CXX object src/CMakeFiles/moveit_task_constructor_core.dir/stage.cpp.o[0m
[6.313s] [ 13%] [32m[1mLinking CXX static library libgtest_main.a[0m
[6.501s] [ 15%] [32m[1mLinking CXX static library libgmock_main.a[0m
[6.567s] [ 15%] Built target gtest_main
[6.587s] [ 16%] [32mBuilding CXX object src/CMakeFiles/moveit_task_constructor_core.dir/storage.cpp.o[0m
[6.703s] [ 16%] Built target gmock_main
[6.749s] [ 17%] [32mBuilding CXX object src/CMakeFiles/moveit_task_constructor_core.dir/task.cpp.o[0m
[10.029s] [ 18%] [32mBuilding CXX object src/CMakeFiles/moveit_task_constructor_core.dir/utils.cpp.o[0m
[10.223s] [ 19%] [32mBuilding CXX object src/CMakeFiles/moveit_task_constructor_core.dir/solvers/planner_interface.cpp.o[0m
[18.862s] [ 20%] [32mBuilding CXX object src/CMakeFiles/moveit_task_constructor_core.dir/solvers/cartesian_path.cpp.o[0m
[18.864s] [ 21%] [32mBuilding CXX object src/CMakeFiles/moveit_task_constructor_core.dir/solvers/joint_interpolation.cpp.o[0m
[20.735s] [ 22%] [32m[1mLinking CXX static library libgmock.a[0m
[20.918s] [ 22%] Built target gmock
[20.940s] [ 23%] [32mBuilding CXX object src/CMakeFiles/moveit_task_constructor_core.dir/solvers/pipeline_planner.cpp.o[0m
[21.234s] [ 24%] [32mBuilding CXX object src/CMakeFiles/moveit_task_constructor_core.dir/solvers/multi_planner.cpp.o[0m
[21.409s] [ 25%] [32m[1mLinking CXX static library libgtest.a[0m
[21.568s] [ 25%] Built target gtest
[33.679s] [ 26%] [32m[1mLinking CXX shared library libmoveit_task_constructor_core.so[0m
[34.456s] [ 26%] Built target moveit_task_constructor_core
[34.508s] [ 27%] [32mBuilding CXX object src/stages/CMakeFiles/moveit_task_constructor_core_stages.dir/modify_planning_scene.cpp.o[0m
[34.515s] [ 30%] [32mBuilding CXX object src/stages/CMakeFiles/moveit_task_constructor_core_stages.dir/fixed_state.cpp.o[0m
[34.515s] [ 30%] [32mBuilding CXX object src/stages/CMakeFiles/moveit_task_constructor_core_stages.dir/current_state.cpp.o[0m
[34.518s] [ 31%] [32mBuilding CXX object src/stages/CMakeFiles/moveit_task_constructor_core_stages.dir/generate_grasp_pose.cpp.o[0m
[34.520s] [ 32%] [32mBuilding CXX object src/stages/CMakeFiles/moveit_task_constructor_core_stages.dir/generate_random_pose.cpp.o[0m
[34.521s] [ 33%] [32mBuilding CXX object test/CMakeFiles/gtest_utils.dir/models.cpp.o[0m
[34.521s] [ 34%] [32mBuilding CXX object src/stages/CMakeFiles/moveit_task_constructor_core_stages.dir/generate_pose.cpp.o[0m
[34.524s] [ 35%] [32mBuilding CXX object python/bindings/CMakeFiles/moveit_task_constructor_core_python_tools.dir/src/properties.cpp.o[0m
[34.524s] [ 36%] [32mBuilding CXX object test/CMakeFiles/gtest_utils.dir/stage_mockups.cpp.o[0m
[34.533s] [ 38%] [32mBuilding CXX object src/stages/CMakeFiles/moveit_task_constructor_core_stages.dir/fixed_cartesian_poses.cpp.o[0m
[34.533s] [ 38%] [32mBuilding CXX object src/stages/CMakeFiles/moveit_task_constructor_core_stages.dir/fix_collision_objects.cpp.o[0m
[34.539s] [ 39%] [32mBuilding CXX object test/CMakeFiles/gtest_utils.dir/gtest_value_printers.cpp.o[0m
[43.987s] [ 40%] [32mBuilding CXX object src/stages/CMakeFiles/moveit_task_constructor_core_stages.dir/generate_place_pose.cpp.o[0m
[45.771s] [ 41%] [32mBuilding CXX object src/stages/CMakeFiles/moveit_task_constructor_core_stages.dir/compute_ik.cpp.o[0m
[47.775s] [ 43%] [32mBuilding CXX object src/stages/CMakeFiles/moveit_task_constructor_core_stages.dir/passthrough.cpp.o[0m
[48.385s] [ 44%] [32mBuilding CXX object src/stages/CMakeFiles/moveit_task_constructor_core_stages.dir/predicate_filter.cpp.o[0m
[49.966s] [ 45%] [32mBuilding CXX object src/stages/CMakeFiles/moveit_task_constructor_core_stages.dir/limit_solutions.cpp.o[0m
[50.597s] [ 46%] [32m[1mLinking CXX shared library libmoveit_task_constructor_core_python_tools.so[0m
[51.065s] [ 46%] Built target moveit_task_constructor_core_python_tools
[51.120s] [ 47%] [32mBuilding CXX object src/stages/CMakeFiles/moveit_task_constructor_core_stages.dir/connect.cpp.o[0m
[51.239s] [ 48%] [32mBuilding CXX object src/stages/CMakeFiles/moveit_task_constructor_core_stages.dir/move_to.cpp.o[0m
[52.058s] [ 49%] [32m[1mLinking CXX shared library libgtest_utils.so[0m
[52.524s] [ 50%] [32mBuilding CXX object src/stages/CMakeFiles/moveit_task_constructor_core_stages.dir/move_relative.cpp.o[0m
[52.603s] [ 50%] Built target gtest_utils
[52.643s] [ 51%] [32mBuilding CXX object src/stages/CMakeFiles/moveit_task_constructor_core_stages.dir/simple_grasp.cpp.o[0m
[53.971s] [ 52%] [32mBuilding CXX object src/stages/CMakeFiles/moveit_task_constructor_core_stages.dir/pick.cpp.o[0m
[71.182s] [ 53%] [32m[1mLinking CXX shared library libmoveit_task_constructor_core_stages.so[0m
[71.436s] [ 53%] Built target moveit_task_constructor_core_stages
[71.485s] [ 54%] [32mBuilding CXX object python/bindings/CMakeFiles/pymoveit_mtc.dir/src/solvers.cpp.o[0m
[71.488s] [ 56%] [32mBuilding CXX object test/CMakeFiles/moveit_task_constructor_core-test-properties.dir/test_properties.cpp.o[0m
[71.488s] [ 56%] [32mBuilding CXX object test/CMakeFiles/moveit_task_constructor_core-test-stage.dir/test_stage.cpp.o[0m
[71.488s] [ 58%] [32mBuilding CXX object test/CMakeFiles/moveit_task_constructor_core-test-storage.dir/test_storage.cpp.o[0m
[71.490s] [ 59%] [32mBuilding CXX object test/CMakeFiles/moveit_task_constructor_core-test-mockups.dir/test_mockups.cpp.o[0m
[71.490s] [ 60%] [32mBuilding CXX object src/stages/CMakeFiles/moveit_task_constructor_core_stage_plugins.dir/plugins.cpp.o[0m
[71.490s] [ 61%] [32mBuilding CXX object test/CMakeFiles/moveit_task_constructor_core-test-container.dir/test_container.cpp.o[0m
[71.498s] [ 62%] [32mBuilding CXX object test/CMakeFiles/moveit_task_constructor_core-test-pruning.dir/test_pruning.cpp.o[0m
[71.501s] [ 63%] [32mBuilding CXX object test/CMakeFiles/moveit_task_constructor_core-test-cost-terms.dir/test_cost_terms.cpp.o[0m
[71.516s] [ 64%] [32mBuilding CXX object test/CMakeFiles/moveit_task_constructor_core-test-serial.dir/test_serial.cpp.o[0m
[71.533s] [ 65%] [32mBuilding CXX object test/CMakeFiles/moveit_task_constructor_core-test-limit-solutions.dir/test_limit_solutions.cpp.o[0m
[72.540s] [ 66%] [32mBuilding CXX object test/CMakeFiles/moveit_task_constructor_core-test-fallback.dir/test_fallback.cpp.o[0m
[76.371s] [ 67%] [32m[1mLinking CXX executable moveit_task_constructor_core-test-properties[0m
[77.153s] [ 67%] Built target moveit_task_constructor_core-test-properties
[77.154s] [ 68%] [32mBuilding CXX object python/bindings/CMakeFiles/pymoveit_mtc.dir/src/core.cpp.o[0m
[83.860s] [ 69%] [32m[1mLinking CXX shared library libmoveit_task_constructor_core_stage_plugins.so[0m
[84.410s] [ 69%] Built target moveit_task_constructor_core_stage_plugins
[84.479s] [ 70%] [32mBuilding CXX object test/CMakeFiles/moveit_task_constructor_core-test-cost-queue.dir/test_cost_queue.cpp.o[0m
[86.550s] [ 72%] [32m[1mLinking CXX executable moveit_task_constructor_core-test-limit-solutions[0m
[86.611s] [ 73%] [32m[1mLinking CXX executable moveit_task_constructor_core-test-storage[0m
[87.463s] [ 73%] Built target moveit_task_constructor_core-test-limit-solutions
[87.487s] [ 74%] [32mBuilding CXX object python/bindings/CMakeFiles/pymoveit_mtc.dir/src/stages.cpp.o[0m
[87.571s] [ 74%] Built target moveit_task_constructor_core-test-storage
[87.625s] [ 75%] [32mBuilding CXX object test/CMakeFiles/moveit_task_constructor_core-test-interface-state.dir/test_interface_state.cpp.o[0m
[90.658s] [ 76%] [32m[1mLinking CXX executable moveit_task_constructor_core-test-serial[0m
[90.668s] [ 77%] [32m[1mLinking CXX executable moveit_task_constructor_core-test-stage[0m
[91.689s] [ 77%] Built target moveit_task_constructor_core-test-serial
[91.719s] [ 78%] [32mBuilding CXX object python/bindings/CMakeFiles/pymoveit_mtc.dir/src/module.cpp.o[0m
[91.816s] [ 78%] Built target moveit_task_constructor_core-test-stage
[91.878s] [ 79%] [32mBuilding CXX object test/CMakeFiles/moveit_task_constructor_core-test-move-to.dir/test_move_to.cpp.o[0m
[91.967s] [ 80%] [32m[1mLinking CXX executable moveit_task_constructor_core-test-cost-terms[0m
[92.767s] [ 81%] [32m[1mLinking CXX executable moveit_task_constructor_core-test-pruning[0m
[92.998s] [ 81%] Built target moveit_task_constructor_core-test-cost-terms
[93.091s] [ 82%] [32mBuilding CXX object test/CMakeFiles/moveit_task_constructor_core-test-move-relative.dir/test_move_relative.cpp.o[0m
[93.385s] [ 83%] [32m[1mLinking CXX executable moveit_task_constructor_core-test-mockups[0m
[93.496s] [ 83%] Built target moveit_task_constructor_core-test-pruning
[93.543s] [ 84%] [32mBuilding CXX object test/CMakeFiles/moveit_task_constructor_core-test-pipeline-planner.dir/test_pipeline_planner.cpp.o[0m
[94.384s] [ 84%] Built target moveit_task_constructor_core-test-mockups
[94.444s] [ 86%] [32mBuilding CXX object test/CMakeFiles/pick_ur5.dir/pick_ur5.cpp.o[0m
[95.169s] [ 87%] [32mBuilding CXX object test/CMakeFiles/pick_pr2.dir/pick_pr2.cpp.o[0m
[96.082s] [ 88%] [32m[1mLinking CXX executable moveit_task_constructor_core-test-container[0m
[96.615s] [ 89%] [32mBuilding CXX object test/CMakeFiles/pick_pa10.dir/pick_pa10.cpp.o[0m
[96.881s] [ 90%] [32m[1mLinking CXX executable moveit_task_constructor_core-test-fallback[0m
[97.098s] [ 90%] Built target moveit_task_constructor_core-test-container
[97.594s] [ 90%] Built target moveit_task_constructor_core-test-fallback
[101.555s] [ 91%] [32m[1mLinking CXX executable moveit_task_constructor_core-test-cost-queue[0m
[102.386s] [ 91%] Built target moveit_task_constructor_core-test-cost-queue
[103.834s] [ 92%] [32m[1mLinking CXX executable moveit_task_constructor_core-test-interface-state[0m
[104.440s] [ 92%] Built target moveit_task_constructor_core-test-interface-state
[107.746s] [ 93%] [32m[1mLinking CXX executable moveit_task_constructor_core-test-pipeline-planner[0m
[108.279s] [ 93%] Built target moveit_task_constructor_core-test-pipeline-planner
[109.678s] [ 94%] [32m[1mLinking CXX executable pick_pr2[0m
[110.208s] [ 94%] Built target pick_pr2
[110.511s] [ 95%] [32m[1mLinking CXX executable moveit_task_constructor_core-test-move-relative[0m
[111.059s] [ 96%] [32m[1mLinking CXX executable pick_ur5[0m
[111.112s] [ 96%] Built target moveit_task_constructor_core-test-move-relative
[111.461s] [ 96%] Built target pick_ur5
[111.773s] [ 97%] [32m[1mLinking CXX shared module pymoveit_mtc.cpython-312-x86_64-linux-gnu.so[0m
[111.789s] [ 98%] [32m[1mLinking CXX executable moveit_task_constructor_core-test-move-to[0m
[112.272s] [ 98%] Built target moveit_task_constructor_core-test-move-to
[112.770s] [100%] [32m[1mLinking CXX executable pick_pa10[0m
[113.189s] [100%] Built target pick_pa10
[113.400s] [01m[Klto-wrapper:[m[K [01;35m[Kwarning: [m[Kusing serial compilation of 12 LTRANS jobs
[113.400s] [01m[Klto-wrapper:[m[K [01;36m[Knote: [m[Ksee the ]8;;https://gcc.gnu.org/onlinedocs/gcc/Optimize-Options.html#index-flto‘[01m[K-flto[m[K’ option documentation]8;; for more information
[122.478s] [100%] Built target pymoveit_mtc
[122.499s] Invoked command in '/home/student36/RoboticsDesignProject/Git-repos/LeoRover-Team7/elephant_arm_ws/src/build/moveit_task_constructor_core' returned '0': AMENT_PREFIX_PATH=/home/student36/RoboticsDesignProject/Git-repos/LeoRover-Team7/elephant_arm_ws/src/install/rviz_marker_tools:/home/student36/RoboticsDesignProject/Git-repos/LeoRover-Team7/elephant_arm_ws/src/install/moveit_task_constructor_msgs:${AMENT_PREFIX_PATH} CMAKE_PREFIX_PATH=/home/student36/RoboticsDesignProject/Git-repos/LeoRover-Team7/elephant_arm_ws/src/install/rviz_marker_tools:/home/student36/RoboticsDesignProject/Git-repos/LeoRover-Team7/elephant_arm_ws/src/install/moveit_task_constructor_msgs:/home/student36/RoboticsDesignProject/Git-repos/LeoRover-Team7/elephant_arm_ws/install/mycobot_ros2:/home/student36/RoboticsDesignProject/Git-repos/LeoRover-Team7/elephant_arm_ws/install/mycobot_moveit_config:/home/student36/RoboticsDesignProject/Git-repos/LeoRover-Team7/elephant_arm_ws/install/mycobot_gazebo:/home/student36/RoboticsDesignProject/Git-repos/LeoRover-Team7/elephant_arm_ws/install/mycobot_description:/home/student36/RoboticsDesignProject/Git-repos/LeoRover-Team7/elephant_arm_ws/install/mycobot_bringup:/home/student36/RoboticsDesignProject/Git-repos/LeoRover-Team7/elephant_arm_ws/install/hello_moveit:/home/student36/ros2_tutorial_workspace/install/package_with_interfaces:/home/student36/ws_moveit/install/robotiq_hardware_tests:/home/student36/ws_moveit/install/robotiq_driver:/home/student36/ws_moveit/install/serial:/home/student36/ws_moveit/install/moveit2_tutorials:/home/student36/ws_moveit/install/hello_moveit:/home/student36/ws_moveit/install/moveit_visual_tools:/home/student36/ws_moveit/install/rviz_visual_tools:/home/student36/ws_moveit/install/mtc_tutorial:/home/student36/ws_moveit/install/moveit_task_constructor_demo:/home/student36/ws_moveit/install/moveit_task_constructor_visualization:/home/student36/ws_moveit/install/moveit_task_constructor_capabilities:/home/student36/ws_moveit/install/elephant:/home/student36/ws_moveit/install/moveit_task_constructor_core:/home/student36/ws_moveit/install/rviz_marker_tools:/home/student36/ws_moveit/install/kortex_bringup:/home/student36/ws_moveit/install/kinova_gen3_lite_moveit_config:/home/student36/ws_moveit/install/kinova_gen3_7dof_robotiq_2f_85_moveit_config:/home/student36/ws_moveit/install/kinova_gen3_6dof_robotiq_2f_85_moveit_config:/home/student36/ws_moveit/install/kortex_description:/home/student36/ws_moveit/install/robotiq_description:/home/student36/ws_moveit/install/robotiq_controllers:/home/student36/ws_moveit/install/pilz_industrial_motion_planner_testutils:/home/student36/ws_moveit/install/mycobot_280_moveit2:/home/student36/ws_moveit/install/moveit_runtime:/home/student36/ws_moveit/install/moveit:/home/student36/ws_moveit/install/elephant_arm:/home/student36/ws_moveit/install/moveit_planners:/home/student36/ws_moveit/install/pilz_industrial_motion_planner:/home/student36/ws_moveit/install/mycobot_description:/home/student36/ws_moveit/install/moveit_task_constructor_msgs:/home/student36/ws_moveit/install/moveit_ros_control_interface:/home/student36/ws_moveit/install/moveit_plugins:/home/student36/ws_moveit/install/moveit_simple_controller_manager:/home/student36/ws_moveit/install/moveit_setup_assistant:/home/student36/ws_moveit/install/moveit_setup_srdf_plugins:/home/student36/ws_moveit/install/moveit_setup_core_plugins:/home/student36/ws_moveit/install/moveit_setup_controllers:/home/student36/ws_moveit/install/moveit_setup_app_plugins:/home/student36/ws_moveit/install/moveit_setup_framework:/home/student36/ws_moveit/install/moveit_servo:/home/student36/ws_moveit/install/moveit_ros_trajectory_cache:/home/student36/ws_moveit/install/moveit_ros:/home/student36/ws_moveit/install/moveit_ros_visualization:/home/student36/ws_moveit/install/moveit_py:/home/student36/ws_moveit/install/moveit_hybrid_planning:/home/student36/ws_moveit/install/moveit_ros_planning_interface:/home/student36/ws_moveit/install/moveit_ros_benchmarks:/home/student36/ws_moveit/install/moveit_ros_warehouse:/home/student36/ws_moveit/install/moveit_ros_robot_interaction:/home/student36/ws_moveit/install/moveit_ros_perception:/home/student36/ws_moveit/install/moveit_resources_prbt_pg70_support:/home/student36/ws_moveit/install/moveit_resources_prbt_moveit_config:/home/student36/ws_moveit/install/moveit_ros_move_group:/home/student36/ws_moveit/install/moveit_planners_ompl:/home/student36/ws_moveit/install/moveit_kinematics:/home/student36/ws_moveit/install/moveit_ros_planning:/home/student36/ws_moveit/install/moveit_ros_occupancy_map_monitor:/home/student36/ws_moveit/install/moveit_resources_prbt_support:/home/student36/ws_moveit/install/moveit_resources_prbt_ikfast_manipulator_plugin:/home/student36/ws_moveit/install/moveit_resources:/home/student36/ws_moveit/install/moveit_resources_pr2_description:/home/student36/ws_moveit/install/moveit_resources_panda_moveit_config:/home/student36/ws_moveit/install/dual_arm_panda_moveit_config:/home/student36/ws_moveit/install/moveit_resources_panda_description:/home/student36/ws_moveit/install/moveit_resources_fanuc_moveit_config:/home/student36/ws_moveit/install/moveit_resources_fanuc_description:/home/student36/ws_moveit/install/moveit_planners_stomp:/home/student36/ws_moveit/install/moveit_planners_chomp:/home/student36/ws_moveit/install/chomp_motion_planner:/home/student36/ws_moveit/install/moveit_core:/home/student36/ws_moveit/install/moveit_msgs:/home/student36/ws_moveit/install/moveit_common:/home/student36/ws_moveit/install/kortex_driver:/home/student36/ws_moveit/install/kortex_api:/home/student36/rplidar_ws/install/rplidar_ros:/home/student36/elephant_arm_ws/install/mycobot_280_moveit2:/opt/ros/jazzy/opt/gz_sim_vendor:/opt/ros/jazzy/opt/gz_sensors_vendor:/opt/ros/jazzy/opt/gz_physics_vendor:/opt/ros/jazzy/opt/sdformat_vendor:/opt/ros/jazzy/opt/gz_gui_vendor:/opt/ros/jazzy/opt/gz_transport_vendor:/opt/ros/jazzy/opt/gz_rendering_vendor:/opt/ros/jazzy/opt/gz_plugin_vendor:/opt/ros/jazzy/opt/gz_fuel_tools_vendor:/opt/ros/jazzy/opt/gz_msgs_vendor:/opt/ros/jazzy/opt/gz_common_vendor:/opt/ros/jazzy/opt/gz_math_vendor:/opt/ros/jazzy/opt/gz_utils_vendor:/opt/ros/jazzy/opt/gz_tools_vendor:/opt/ros/jazzy/opt/gz_ogre_next_vendor:/opt/ros/jazzy/opt/gz_dartsim_vendor:/opt/ros/jazzy/opt/gz_cmake_vendor:/home/student36/ros2_tutorial_workspace/install/the_simplest_python_package:/home/student36/ros2_tutorial_workspace/install/python_package_with_a_node:/home/student36/ros2_tutorial_workspace/install/python_package_that_uses_the_library:/home/student36/ros2_tutorial_workspace/install/python_package_with_a_library:/home/student36/ros2_tutorial_workspace/install/python_package_that_uses_the_services:/home/student36/ros2_tutorial_workspace/install/python_package_that_uses_the_actions:/home/student36/ros2_tutorial_workspace/install/python_package_that_uses_tf2:/home/student36/ros2_tutorial_workspace/install/python_package_that_uses_parameters_and_launch_files:/home/student36/ros2_tutorial_workspace/install/python_package_that_uses_nottf2:/home/student36/ros2_tutorial_workspace/install/python_package_that_uses_nav2:/home/student36/ros2_tutorial_workspace/install/python_package_that_uses_messages:/home/student36/ros2_tutorial_workspace/install/python_package_that_uses_geometry_msgs:/home/student36/ros2_tutorial_workspace/install/python_package_that_uses_gazebo:/home/student36/ws_moveit/install/moveit_configs_utils:/home/student36/elephant_arm_ws/install/mycobot_description:/opt/ros/jazzy DEBUGINFOD_URLS=https://debuginfod.ubuntu.com LD_LIBRARY_PATH=/home/student36/RoboticsDesignProject/Git-repos/LeoRover-Team7/elephant_arm_ws/src/install/rviz_marker_tools/lib:/home/student36/RoboticsDesignProject/Git-repos/LeoRover-Team7/elephant_arm_ws/src/install/moveit_task_constructor_msgs/lib:${LD_LIBRARY_PATH} PYTHONPATH=/home/student36/RoboticsDesignProject/Git-repos/LeoRover-Team7/elephant_arm_ws/src/install/moveit_task_constructor_msgs/lib/python3.12/site-packages:${PYTHONPATH} /usr/bin/cmake --build /home/student36/RoboticsDesignProject/Git-repos/LeoRover-Team7/elephant_arm_ws/src/build/moveit_task_constructor_core -- -j12 -l12
[122.501s] Invoking command in '/home/student36/RoboticsDesignProject/Git-repos/LeoRover-Team7/elephant_arm_ws/src/build/moveit_task_constructor_core': AMENT_PREFIX_PATH=/home/student36/RoboticsDesignProject/Git-repos/LeoRover-Team7/elephant_arm_ws/src/install/rviz_marker_tools:/home/student36/RoboticsDesignProject/Git-repos/LeoRover-Team7/elephant_arm_ws/src/install/moveit_task_constructor_msgs:${AMENT_PREFIX_PATH} CMAKE_PREFIX_PATH=/home/student36/RoboticsDesignProject/Git-repos/LeoRover-Team7/elephant_arm_ws/src/install/rviz_marker_tools:/home/student36/RoboticsDesignProject/Git-repos/LeoRover-Team7/elephant_arm_ws/src/install/moveit_task_constructor_msgs:/home/student36/RoboticsDesignProject/Git-repos/LeoRover-Team7/elephant_arm_ws/install/mycobot_ros2:/home/student36/RoboticsDesignProject/Git-repos/LeoRover-Team7/elephant_arm_ws/install/mycobot_moveit_config:/home/student36/RoboticsDesignProject/Git-repos/LeoRover-Team7/elephant_arm_ws/install/mycobot_gazebo:/home/student36/RoboticsDesignProject/Git-repos/LeoRover-Team7/elephant_arm_ws/install/mycobot_description:/home/student36/RoboticsDesignProject/Git-repos/LeoRover-Team7/elephant_arm_ws/install/mycobot_bringup:/home/student36/RoboticsDesignProject/Git-repos/LeoRover-Team7/elephant_arm_ws/install/hello_moveit:/home/student36/ros2_tutorial_workspace/install/package_with_interfaces:/home/student36/ws_moveit/install/robotiq_hardware_tests:/home/student36/ws_moveit/install/robotiq_driver:/home/student36/ws_moveit/install/serial:/home/student36/ws_moveit/install/moveit2_tutorials:/home/student36/ws_moveit/install/hello_moveit:/home/student36/ws_moveit/install/moveit_visual_tools:/home/student36/ws_moveit/install/rviz_visual_tools:/home/student36/ws_moveit/install/mtc_tutorial:/home/student36/ws_moveit/install/moveit_task_constructor_demo:/home/student36/ws_moveit/install/moveit_task_constructor_visualization:/home/student36/ws_moveit/install/moveit_task_constructor_capabilities:/home/student36/ws_moveit/install/elephant:/home/student36/ws_moveit/install/moveit_task_constructor_core:/home/student36/ws_moveit/install/rviz_marker_tools:/home/student36/ws_moveit/install/kortex_bringup:/home/student36/ws_moveit/install/kinova_gen3_lite_moveit_config:/home/student36/ws_moveit/install/kinova_gen3_7dof_robotiq_2f_85_moveit_config:/home/student36/ws_moveit/install/kinova_gen3_6dof_robotiq_2f_85_moveit_config:/home/student36/ws_moveit/install/kortex_description:/home/student36/ws_moveit/install/robotiq_description:/home/student36/ws_moveit/install/robotiq_controllers:/home/student36/ws_moveit/install/pilz_industrial_motion_planner_testutils:/home/student36/ws_moveit/install/mycobot_280_moveit2:/home/student36/ws_moveit/install/moveit_runtime:/home/student36/ws_moveit/install/moveit:/home/student36/ws_moveit/install/elephant_arm:/home/student36/ws_moveit/install/moveit_planners:/home/student36/ws_moveit/install/pilz_industrial_motion_planner:/home/student36/ws_moveit/install/mycobot_description:/home/student36/ws_moveit/install/moveit_task_constructor_msgs:/home/student36/ws_moveit/install/moveit_ros_control_interface:/home/student36/ws_moveit/install/moveit_plugins:/home/student36/ws_moveit/install/moveit_simple_controller_manager:/home/student36/ws_moveit/install/moveit_setup_assistant:/home/student36/ws_moveit/install/moveit_setup_srdf_plugins:/home/student36/ws_moveit/install/moveit_setup_core_plugins:/home/student36/ws_moveit/install/moveit_setup_controllers:/home/student36/ws_moveit/install/moveit_setup_app_plugins:/home/student36/ws_moveit/install/moveit_setup_framework:/home/student36/ws_moveit/install/moveit_servo:/home/student36/ws_moveit/install/moveit_ros_trajectory_cache:/home/student36/ws_moveit/install/moveit_ros:/home/student36/ws_moveit/install/moveit_ros_visualization:/home/student36/ws_moveit/install/moveit_py:/home/student36/ws_moveit/install/moveit_hybrid_planning:/home/student36/ws_moveit/install/moveit_ros_planning_interface:/home/student36/ws_moveit/install/moveit_ros_benchmarks:/home/student36/ws_moveit/install/moveit_ros_warehouse:/home/student36/ws_moveit/install/moveit_ros_robot_interaction:/home/student36/ws_moveit/install/moveit_ros_perception:/home/student36/ws_moveit/install/moveit_resources_prbt_pg70_support:/home/student36/ws_moveit/install/moveit_resources_prbt_moveit_config:/home/student36/ws_moveit/install/moveit_ros_move_group:/home/student36/ws_moveit/install/moveit_planners_ompl:/home/student36/ws_moveit/install/moveit_kinematics:/home/student36/ws_moveit/install/moveit_ros_planning:/home/student36/ws_moveit/install/moveit_ros_occupancy_map_monitor:/home/student36/ws_moveit/install/moveit_resources_prbt_support:/home/student36/ws_moveit/install/moveit_resources_prbt_ikfast_manipulator_plugin:/home/student36/ws_moveit/install/moveit_resources:/home/student36/ws_moveit/install/moveit_resources_pr2_description:/home/student36/ws_moveit/install/moveit_resources_panda_moveit_config:/home/student36/ws_moveit/install/dual_arm_panda_moveit_config:/home/student36/ws_moveit/install/moveit_resources_panda_description:/home/student36/ws_moveit/install/moveit_resources_fanuc_moveit_config:/home/student36/ws_moveit/install/moveit_resources_fanuc_description:/home/student36/ws_moveit/install/moveit_planners_stomp:/home/student36/ws_moveit/install/moveit_planners_chomp:/home/student36/ws_moveit/install/chomp_motion_planner:/home/student36/ws_moveit/install/moveit_core:/home/student36/ws_moveit/install/moveit_msgs:/home/student36/ws_moveit/install/moveit_common:/home/student36/ws_moveit/install/kortex_driver:/home/student36/ws_moveit/install/kortex_api:/home/student36/rplidar_ws/install/rplidar_ros:/home/student36/elephant_arm_ws/install/mycobot_280_moveit2:/opt/ros/jazzy/opt/gz_sim_vendor:/opt/ros/jazzy/opt/gz_sensors_vendor:/opt/ros/jazzy/opt/gz_physics_vendor:/opt/ros/jazzy/opt/sdformat_vendor:/opt/ros/jazzy/opt/gz_gui_vendor:/opt/ros/jazzy/opt/gz_transport_vendor:/opt/ros/jazzy/opt/gz_rendering_vendor:/opt/ros/jazzy/opt/gz_plugin_vendor:/opt/ros/jazzy/opt/gz_fuel_tools_vendor:/opt/ros/jazzy/opt/gz_msgs_vendor:/opt/ros/jazzy/opt/gz_common_vendor:/opt/ros/jazzy/opt/gz_math_vendor:/opt/ros/jazzy/opt/gz_utils_vendor:/opt/ros/jazzy/opt/gz_tools_vendor:/opt/ros/jazzy/opt/gz_ogre_next_vendor:/opt/ros/jazzy/opt/gz_dartsim_vendor:/opt/ros/jazzy/opt/gz_cmake_vendor:/home/student36/ros2_tutorial_workspace/install/the_simplest_python_package:/home/student36/ros2_tutorial_workspace/install/python_package_with_a_node:/home/student36/ros2_tutorial_workspace/install/python_package_that_uses_the_library:/home/student36/ros2_tutorial_workspace/install/python_package_with_a_library:/home/student36/ros2_tutorial_workspace/install/python_package_that_uses_the_services:/home/student36/ros2_tutorial_workspace/install/python_package_that_uses_the_actions:/home/student36/ros2_tutorial_workspace/install/python_package_that_uses_tf2:/home/student36/ros2_tutorial_workspace/install/python_package_that_uses_parameters_and_launch_files:/home/student36/ros2_tutorial_workspace/install/python_package_that_uses_nottf2:/home/student36/ros2_tutorial_workspace/install/python_package_that_uses_nav2:/home/student36/ros2_tutorial_workspace/install/python_package_that_uses_messages:/home/student36/ros2_tutorial_workspace/install/python_package_that_uses_geometry_msgs:/home/student36/ros2_tutorial_workspace/install/python_package_that_uses_gazebo:/home/student36/ws_moveit/install/moveit_configs_utils:/home/student36/elephant_arm_ws/install/mycobot_description:/opt/ros/jazzy DEBUGINFOD_URLS=https://debuginfod.ubuntu.com LD_LIBRARY_PATH=/home/student36/RoboticsDesignProject/Git-repos/LeoRover-Team7/elephant_arm_ws/src/install/rviz_marker_tools/lib:/home/student36/RoboticsDesignProject/Git-repos/LeoRover-Team7/elephant_arm_ws/src/install/moveit_task_constructor_msgs/lib:${LD_LIBRARY_PATH} PYTHONPATH=/home/student36/RoboticsDesignProject/Git-repos/LeoRover-Team7/elephant_arm_ws/src/install/moveit_task_constructor_msgs/lib/python3.12/site-packages:${PYTHONPATH} /usr/bin/cmake --install /home/student36/RoboticsDesignProject/Git-repos/LeoRover-Team7/elephant_arm_ws/src/build/moveit_task_constructor_core
[122.510s] -- Install configuration: "Release"
[122.510s] -- Installing: /home/student36/RoboticsDesignProject/Git-repos/LeoRover-Team7/elephant_arm_ws/src/install/moveit_task_constructor_core/lib/libmoveit_task_constructor_core_stages.so
[122.513s] -- Set non-toolchain portion of runtime path of "/home/student36/RoboticsDesignProject/Git-repos/LeoRover-Team7/elephant_arm_ws/src/install/moveit_task_constructor_core/lib/libmoveit_task_constructor_core_stages.so" to ""
[122.513s] -- Installing: /home/student36/RoboticsDesignProject/Git-repos/LeoRover-Team7/elephant_arm_ws/src/install/moveit_task_constructor_core/lib/libmoveit_task_constructor_core_stage_plugins.so
[122.513s] -- Set non-toolchain portion of runtime path of "/home/student36/RoboticsDesignProject/Git-repos/LeoRover-Team7/elephant_arm_ws/src/install/moveit_task_constructor_core/lib/libmoveit_task_constructor_core_stage_plugins.so" to ""
[122.514s] -- Installing: /home/student36/RoboticsDesignProject/Git-repos/LeoRover-Team7/elephant_arm_ws/src/install/moveit_task_constructor_core/lib/libmoveit_task_constructor_core.so
[122.514s] -- Set non-toolchain portion of runtime path of "/home/student36/RoboticsDesignProject/Git-repos/LeoRover-Team7/elephant_arm_ws/src/install/moveit_task_constructor_core/lib/libmoveit_task_constructor_core.so" to ""
[122.514s] -- Installing: /home/student36/RoboticsDesignProject/Git-repos/LeoRover-Team7/elephant_arm_ws/src/install/moveit_task_constructor_core/share/moveit_task_constructor_core/environment/pythonpath.sh
[122.515s] -- Installing: /home/student36/RoboticsDesignProject/Git-repos/LeoRover-Team7/elephant_arm_ws/src/install/moveit_task_constructor_core/share/moveit_task_constructor_core/environment/pythonpath.dsv
[122.515s] -- Installing: /home/student36/RoboticsDesignProject/Git-repos/LeoRover-Team7/elephant_arm_ws/src/install/moveit_task_constructor_core/lib/python3.12/site-packages/moveit-0.1.4-py3.12.egg-info
[122.515s] -- Installing: /home/student36/RoboticsDesignProject/Git-repos/LeoRover-Team7/elephant_arm_ws/src/install/moveit_task_constructor_core/lib/python3.12/site-packages/moveit-0.1.4-py3.12.egg-info/dependency_links.txt
[122.515s] -- Installing: /home/student36/RoboticsDesignProject/Git-repos/LeoRover-Team7/elephant_arm_ws/src/install/moveit_task_constructor_core/lib/python3.12/site-packages/moveit-0.1.4-py3.12.egg-info/top_level.txt
[122.515s] -- Installing: /home/student36/RoboticsDesignProject/Git-repos/LeoRover-Team7/elephant_arm_ws/src/install/moveit_task_constructor_core/lib/python3.12/site-packages/moveit-0.1.4-py3.12.egg-info/PKG-INFO
[122.515s] -- Installing: /home/student36/RoboticsDesignProject/Git-repos/LeoRover-Team7/elephant_arm_ws/src/install/moveit_task_constructor_core/lib/python3.12/site-packages/moveit-0.1.4-py3.12.egg-info/SOURCES.txt
[122.515s] -- Installing: /home/student36/RoboticsDesignProject/Git-repos/LeoRover-Team7/elephant_arm_ws/src/install/moveit_task_constructor_core/lib/python3.12/site-packages/moveit
[122.515s] -- Installing: /home/student36/RoboticsDesignProject/Git-repos/LeoRover-Team7/elephant_arm_ws/src/install/moveit_task_constructor_core/lib/python3.12/site-packages/moveit/__init__.py
[122.516s] -- Installing: /home/student36/RoboticsDesignProject/Git-repos/LeoRover-Team7/elephant_arm_ws/src/install/moveit_task_constructor_core/lib/python3.12/site-packages/moveit/task_constructor
[122.516s] -- Installing: /home/student36/RoboticsDesignProject/Git-repos/LeoRover-Team7/elephant_arm_ws/src/install/moveit_task_constructor_core/lib/python3.12/site-packages/moveit/task_constructor/__init__.py
[122.516s] -- Installing: /home/student36/RoboticsDesignProject/Git-repos/LeoRover-Team7/elephant_arm_ws/src/install/moveit_task_constructor_core/lib/python3.12/site-packages/moveit/task_constructor/core.py
[122.516s] -- Installing: /home/student36/RoboticsDesignProject/Git-repos/LeoRover-Team7/elephant_arm_ws/src/install/moveit_task_constructor_core/lib/python3.12/site-packages/moveit/task_constructor/stages.py
[122.571s] Listing '/home/student36/RoboticsDesignProject/Git-repos/LeoRover-Team7/elephant_arm_ws/src/install/moveit_task_constructor_core/lib/python3.12/site-packages/moveit'...
[122.571s] Compiling '/home/student36/RoboticsDesignProject/Git-repos/LeoRover-Team7/elephant_arm_ws/src/install/moveit_task_constructor_core/lib/python3.12/site-packages/moveit/__init__.py'...
[122.571s] Listing '/home/student36/RoboticsDesignProject/Git-repos/LeoRover-Team7/elephant_arm_ws/src/install/moveit_task_constructor_core/lib/python3.12/site-packages/moveit/task_constructor'...
[122.571s] Compiling '/home/student36/RoboticsDesignProject/Git-repos/LeoRover-Team7/elephant_arm_ws/src/install/moveit_task_constructor_core/lib/python3.12/site-packages/moveit/task_constructor/__init__.py'...
[122.571s] Compiling '/home/student36/RoboticsDesignProject/Git-repos/LeoRover-Team7/elephant_arm_ws/src/install/moveit_task_constructor_core/lib/python3.12/site-packages/moveit/task_constructor/core.py'...
[122.571s] Compiling '/home/student36/RoboticsDesignProject/Git-repos/LeoRover-Team7/elephant_arm_ws/src/install/moveit_task_constructor_core/lib/python3.12/site-packages/moveit/task_constructor/stages.py'...
[122.578s] -- Installing: /home/student36/RoboticsDesignProject/Git-repos/LeoRover-Team7/elephant_arm_ws/src/install/moveit_task_constructor_core/include/moveit/python/pybind11
[122.579s] -- Installing: /home/student36/RoboticsDesignProject/Git-repos/LeoRover-Team7/elephant_arm_ws/src/install/moveit_task_constructor_core/include/moveit/python/pybind11/buffer_info.h
[122.579s] -- Installing: /home/student36/RoboticsDesignProject/Git-repos/LeoRover-Team7/elephant_arm_ws/src/install/moveit_task_constructor_core/include/moveit/python/pybind11/stl_bind.h
[122.580s] -- Installing: /home/student36/RoboticsDesignProject/Git-repos/LeoRover-Team7/elephant_arm_ws/src/install/moveit_task_constructor_core/include/moveit/python/pybind11/eigen
[122.580s] -- Installing: /home/student36/RoboticsDesignProject/Git-repos/LeoRover-Team7/elephant_arm_ws/src/install/moveit_task_constructor_core/include/moveit/python/pybind11/eigen/common.h
[122.580s] -- Installing: /home/student36/RoboticsDesignProject/Git-repos/LeoRover-Team7/elephant_arm_ws/src/install/moveit_task_constructor_core/include/moveit/python/pybind11/eigen/tensor.h
[122.581s] -- Installing: /home/student36/RoboticsDesignProject/Git-repos/LeoRover-Team7/elephant_arm_ws/src/install/moveit_task_constructor_core/include/moveit/python/pybind11/eigen/matrix.h
[122.581s] -- Installing: /home/student36/RoboticsDesignProject/Git-repos/LeoRover-Team7/elephant_arm_ws/src/install/moveit_task_constructor_core/include/moveit/python/pybind11/eigen.h
[122.582s] -- Installing: /home/student36/RoboticsDesignProject/Git-repos/LeoRover-Team7/elephant_arm_ws/src/install/moveit_task_constructor_core/include/moveit/python/pybind11/functional.h
[122.582s] -- Installing: /home/student36/RoboticsDesignProject/Git-repos/LeoRover-Team7/elephant_arm_ws/src/install/moveit_task_constructor_core/include/moveit/python/pybind11/detail
[122.582s] -- Installing: /home/student36/RoboticsDesignProject/Git-repos/LeoRover-Team7/elephant_arm_ws/src/install/moveit_task_constructor_core/include/moveit/python/pybind11/detail/class.h
[122.582s] -- Installing: /home/student36/RoboticsDesignProject/Git-repos/LeoRover-Team7/elephant_arm_ws/src/install/moveit_task_constructor_core/include/moveit/python/pybind11/detail/type_caster_odr_guard.h
[122.582s] -- Installing: /home/student36/RoboticsDesignProject/Git-repos/LeoRover-Team7/elephant_arm_ws/src/install/moveit_task_constructor_core/include/moveit/python/pybind11/detail/typeid.h
[122.582s] -- Installing: /home/student36/RoboticsDesignProject/Git-repos/LeoRover-Team7/elephant_arm_ws/src/install/moveit_task_constructor_core/include/moveit/python/pybind11/detail/smart_holder_poc.h
[122.583s] -- Installing: /home/student36/RoboticsDesignProject/Git-repos/LeoRover-Team7/elephant_arm_ws/src/install/moveit_task_constructor_core/include/moveit/python/pybind11/detail/descr.h
[122.583s] -- Installing: /home/student36/RoboticsDesignProject/Git-repos/LeoRover-Team7/elephant_arm_ws/src/install/moveit_task_constructor_core/include/moveit/python/pybind11/detail/common.h
[122.583s] -- Installing: /home/student36/RoboticsDesignProject/Git-repos/LeoRover-Team7/elephant_arm_ws/src/install/moveit_task_constructor_core/include/moveit/python/pybind11/detail/type_caster_base.h
[122.583s] -- Installing: /home/student36/RoboticsDesignProject/Git-repos/LeoRover-Team7/elephant_arm_ws/src/install/moveit_task_constructor_core/include/moveit/python/pybind11/detail/init.h
[122.583s] -- Installing: /home/student36/RoboticsDesignProject/Git-repos/LeoRover-Team7/elephant_arm_ws/src/install/moveit_task_constructor_core/include/moveit/python/pybind11/detail/smart_holder_sfinae_hooks_only.h
[122.583s] -- Installing: /home/student36/RoboticsDesignProject/Git-repos/LeoRover-Team7/elephant_arm_ws/src/install/moveit_task_constructor_core/include/moveit/python/pybind11/detail/internals.h
[122.583s] -- Installing: /home/student36/RoboticsDesignProject/Git-repos/LeoRover-Team7/elephant_arm_ws/src/install/moveit_task_constructor_core/include/moveit/python/pybind11/detail/smart_holder_type_casters.h
[122.583s] -- Installing: /home/student36/RoboticsDesignProject/Git-repos/LeoRover-Team7/elephant_arm_ws/src/install/moveit_task_constructor_core/include/moveit/python/pybind11/detail/dynamic_raw_ptr_cast_if_possible.h
[122.583s] -- Installing: /home/student36/RoboticsDesignProject/Git-repos/LeoRover-Team7/elephant_arm_ws/src/install/moveit_task_constructor_core/include/moveit/python/pybind11/options.h
[122.583s] -- Installing: /home/student36/RoboticsDesignProject/Git-repos/LeoRover-Team7/elephant_arm_ws/src/install/moveit_task_constructor_core/include/moveit/python/pybind11/common.h
[122.584s] -- Installing: /home/student36/RoboticsDesignProject/Git-repos/LeoRover-Team7/elephant_arm_ws/src/install/moveit_task_constructor_core/include/moveit/python/pybind11/smart_holder.h
[122.584s] -- Installing: /home/student36/RoboticsDesignProject/Git-repos/LeoRover-Team7/elephant_arm_ws/src/install/moveit_task_constructor_core/include/moveit/python/pybind11/numpy.h
[122.585s] -- Installing: /home/student36/RoboticsDesignProject/Git-repos/LeoRover-Team7/elephant_arm_ws/src/install/moveit_task_constructor_core/include/moveit/python/pybind11/chrono.h
[122.585s] -- Installing: /home/student36/RoboticsDesignProject/Git-repos/LeoRover-Team7/elephant_arm_ws/src/install/moveit_task_constructor_core/include/moveit/python/pybind11/embed.h
[122.585s] -- Installing: /home/student36/RoboticsDesignProject/Git-repos/LeoRover-Team7/elephant_arm_ws/src/install/moveit_task_constructor_core/include/moveit/python/pybind11/eval.h
[122.586s] -- Installing: /home/student36/RoboticsDesignProject/Git-repos/LeoRover-Team7/elephant_arm_ws/src/install/moveit_task_constructor_core/include/moveit/python/pybind11/pybind11.h
[122.586s] -- Installing: /home/student36/RoboticsDesignProject/Git-repos/LeoRover-Team7/elephant_arm_ws/src/install/moveit_task_constructor_core/include/moveit/python/pybind11/operators.h
[122.586s] -- Installing: /home/student36/RoboticsDesignProject/Git-repos/LeoRover-Team7/elephant_arm_ws/src/install/moveit_task_constructor_core/include/moveit/python/pybind11/type_caster_pyobject_ptr.h
[122.586s] -- Installing: /home/student36/RoboticsDesignProject/Git-repos/LeoRover-Team7/elephant_arm_ws/src/install/moveit_task_constructor_core/include/moveit/python/pybind11/attr.h
[122.586s] -- Installing: /home/student36/RoboticsDesignProject/Git-repos/LeoRover-Team7/elephant_arm_ws/src/install/moveit_task_constructor_core/include/moveit/python/pybind11/typing.h
[122.586s] -- Installing: /home/student36/RoboticsDesignProject/Git-repos/LeoRover-Team7/elephant_arm_ws/src/install/moveit_task_constructor_core/include/moveit/python/pybind11/complex.h
[122.587s] -- Installing: /home/student36/RoboticsDesignProject/Git-repos/LeoRover-Team7/elephant_arm_ws/src/install/moveit_task_constructor_core/include/moveit/python/pybind11/iostream.h
[122.587s] -- Installing: /home/student36/RoboticsDesignProject/Git-repos/LeoRover-Team7/elephant_arm_ws/src/install/moveit_task_constructor_core/include/moveit/python/pybind11/stl.h
[122.587s] -- Installing: /home/student36/RoboticsDesignProject/Git-repos/LeoRover-Team7/elephant_arm_ws/src/install/moveit_task_constructor_core/include/moveit/python/pybind11/stl
[122.587s] -- Installing: /home/student36/RoboticsDesignProject/Git-repos/LeoRover-Team7/elephant_arm_ws/src/install/moveit_task_constructor_core/include/moveit/python/pybind11/stl/filesystem.h
[122.588s] -- Installing: /home/student36/RoboticsDesignProject/Git-repos/LeoRover-Team7/elephant_arm_ws/src/install/moveit_task_constructor_core/include/moveit/python/pybind11/gil.h
[122.588s] -- Installing: /home/student36/RoboticsDesignProject/Git-repos/LeoRover-Team7/elephant_arm_ws/src/install/moveit_task_constructor_core/include/moveit/python/pybind11/cast.h
[122.588s] -- Installing: /home/student36/RoboticsDesignProject/Git-repos/LeoRover-Team7/elephant_arm_ws/src/install/moveit_task_constructor_core/include/moveit/python/pybind11/pytypes.h
[122.588s] -- Installing: /home/student36/RoboticsDesignProject/Git-repos/LeoRover-Team7/elephant_arm_ws/src/install/moveit_task_constructor_core/include/moveit/python/pybind11/trampoline_self_life_support.h
[122.589s] -- Installing: /home/student36/RoboticsDesignProject/Git-repos/LeoRover-Team7/elephant_arm_ws/src/install/moveit_task_constructor_core/include/moveit/python/pybind11/gil_safe_call_once.h
[122.589s] -- Installing: /home/student36/RoboticsDesignProject/Git-repos/LeoRover-Team7/elephant_arm_ws/src/install/moveit_task_constructor_core/share/moveit_task_constructor_core/cmake/pybind11Config.cmake
[122.589s] -- Installing: /home/student36/RoboticsDesignProject/Git-repos/LeoRover-Team7/elephant_arm_ws/src/install/moveit_task_constructor_core/share/moveit_task_constructor_core/cmake/pybind11ConfigVersion.cmake
[122.589s] -- Installing: /home/student36/RoboticsDesignProject/Git-repos/LeoRover-Team7/elephant_arm_ws/src/install/moveit_task_constructor_core/share/moveit_task_constructor_core/cmake/FindPythonLibsNew.cmake
[122.589s] -- Installing: /home/student36/RoboticsDesignProject/Git-repos/LeoRover-Team7/elephant_arm_ws/src/install/moveit_task_constructor_core/share/moveit_task_constructor_core/cmake/pybind11Common.cmake
[122.589s] -- Installing: /home/student36/RoboticsDesignProject/Git-repos/LeoRover-Team7/elephant_arm_ws/src/install/moveit_task_constructor_core/share/moveit_task_constructor_core/cmake/pybind11Tools.cmake
[122.590s] -- Installing: /home/student36/RoboticsDesignProject/Git-repos/LeoRover-Team7/elephant_arm_ws/src/install/moveit_task_constructor_core/share/moveit_task_constructor_core/cmake/pybind11NewTools.cmake
[122.590s] -- Installing: /home/student36/RoboticsDesignProject/Git-repos/LeoRover-Team7/elephant_arm_ws/src/install/moveit_task_constructor_core/share/moveit_task_constructor_core/cmake/pybind11Targets.cmake
[122.590s] -- Installing: /home/student36/RoboticsDesignProject/Git-repos/LeoRover-Team7/elephant_arm_ws/src/install/moveit_task_constructor_core/share/pkgconfig/pybind11.pc
[122.591s] -- Installing: /home/student36/RoboticsDesignProject/Git-repos/LeoRover-Team7/elephant_arm_ws/src/install/moveit_task_constructor_core/lib/libmoveit_task_constructor_core_python_tools.so
[122.593s] -- Set non-toolchain portion of runtime path of "/home/student36/RoboticsDesignProject/Git-repos/LeoRover-Team7/elephant_arm_ws/src/install/moveit_task_constructor_core/lib/libmoveit_task_constructor_core_python_tools.so" to ""
[122.594s] -- Installing: /home/student36/RoboticsDesignProject/Git-repos/LeoRover-Team7/elephant_arm_ws/src/install/moveit_task_constructor_core/lib/python3.12/site-packages/pymoveit_mtc.cpython-312-x86_64-linux-gnu.so
[122.596s] -- Set non-toolchain portion of runtime path of "/home/student36/RoboticsDesignProject/Git-repos/LeoRover-Team7/elephant_arm_ws/src/install/moveit_task_constructor_core/lib/python3.12/site-packages/pymoveit_mtc.cpython-312-x86_64-linux-gnu.so" to ""
[122.597s] -- Up-to-date: /home/student36/RoboticsDesignProject/Git-repos/LeoRover-Team7/elephant_arm_ws/src/install/moveit_task_constructor_core/include
[122.598s] -- Up-to-date: /home/student36/RoboticsDesignProject/Git-repos/LeoRover-Team7/elephant_arm_ws/src/install/moveit_task_constructor_core/include/moveit
[122.599s] -- Up-to-date: /home/student36/RoboticsDesignProject/Git-repos/LeoRover-Team7/elephant_arm_ws/src/install/moveit_task_constructor_core/include/moveit/python
[122.599s] -- Installing: /home/student36/RoboticsDesignProject/Git-repos/LeoRover-Team7/elephant_arm_ws/src/install/moveit_task_constructor_core/include/moveit/python/task_constructor
[122.600s] -- Installing: /home/student36/RoboticsDesignProject/Git-repos/LeoRover-Team7/elephant_arm_ws/src/install/moveit_task_constructor_core/include/moveit/python/task_constructor/properties.h
[122.600s] -- Installing: /home/student36/RoboticsDesignProject/Git-repos/LeoRover-Team7/elephant_arm_ws/src/install/moveit_task_constructor_core/include/moveit/task_constructor
[122.601s] -- Installing: /home/student36/RoboticsDesignProject/Git-repos/LeoRover-Team7/elephant_arm_ws/src/install/moveit_task_constructor_core/include/moveit/task_constructor/solvers
[122.603s] -- Installing: /home/student36/RoboticsDesignProject/Git-repos/LeoRover-Team7/elephant_arm_ws/src/install/moveit_task_constructor_core/include/moveit/task_constructor/solvers/cartesian_path.h
[122.604s] -- Installing: /home/student36/RoboticsDesignProject/Git-repos/LeoRover-Team7/elephant_arm_ws/src/install/moveit_task_constructor_core/include/moveit/task_constructor/solvers/planner_interface.h
[122.604s] -- Installing: /home/student36/RoboticsDesignProject/Git-repos/LeoRover-Team7/elephant_arm_ws/src/install/moveit_task_constructor_core/include/moveit/task_constructor/solvers/multi_planner.h
[122.605s] -- Installing: /home/student36/RoboticsDesignProject/Git-repos/LeoRover-Team7/elephant_arm_ws/src/install/moveit_task_constructor_core/include/moveit/task_constructor/solvers/pipeline_planner.h
[122.605s] -- Installing: /home/student36/RoboticsDesignProject/Git-repos/LeoRover-Team7/elephant_arm_ws/src/install/moveit_task_constructor_core/include/moveit/task_constructor/solvers/joint_interpolation.h
[122.606s] -- Installing: /home/student36/RoboticsDesignProject/Git-repos/LeoRover-Team7/elephant_arm_ws/src/install/moveit_task_constructor_core/include/moveit/task_constructor/stage.h
[122.606s] -- Installing: /home/student36/RoboticsDesignProject/Git-repos/LeoRover-Team7/elephant_arm_ws/src/install/moveit_task_constructor_core/include/moveit/task_constructor/trajectory_execution_info.h
[122.606s] -- Installing: /home/student36/RoboticsDesignProject/Git-repos/LeoRover-Team7/elephant_arm_ws/src/install/moveit_task_constructor_core/include/moveit/task_constructor/stages
[122.607s] -- Installing: /home/student36/RoboticsDesignProject/Git-repos/LeoRover-Team7/elephant_arm_ws/src/install/moveit_task_constructor_core/include/moveit/task_constructor/stages/fixed_cartesian_poses.h
[122.607s] -- Installing: /home/student36/RoboticsDesignProject/Git-repos/LeoRover-Team7/elephant_arm_ws/src/install/moveit_task_constructor_core/include/moveit/task_constructor/stages/move_relative.h
[122.608s] -- Installing: /home/student36/RoboticsDesignProject/Git-repos/LeoRover-Team7/elephant_arm_ws/src/install/moveit_task_constructor_core/include/moveit/task_constructor/stages/limit_solutions.h
[122.608s] -- Installing: /home/student36/RoboticsDesignProject/Git-repos/LeoRover-Team7/elephant_arm_ws/src/install/moveit_task_constructor_core/include/moveit/task_constructor/stages/noop.h
[122.608s] -- Installing: /home/student36/RoboticsDesignProject/Git-repos/LeoRover-Team7/elephant_arm_ws/src/install/moveit_task_constructor_core/include/moveit/task_constructor/stages/simple_grasp.h
[122.609s] -- Installing: /home/student36/RoboticsDesignProject/Git-repos/LeoRover-Team7/elephant_arm_ws/src/install/moveit_task_constructor_core/include/moveit/task_constructor/stages/fixed_state.h
[122.609s] -- Installing: /home/student36/RoboticsDesignProject/Git-repos/LeoRover-Team7/elephant_arm_ws/src/install/moveit_task_constructor_core/include/moveit/task_constructor/stages/generate_grasp_pose.h
[122.609s] -- Installing: /home/student36/RoboticsDesignProject/Git-repos/LeoRover-Team7/elephant_arm_ws/src/install/moveit_task_constructor_core/include/moveit/task_constructor/stages/modify_planning_scene.h
[122.610s] -- Installing: /home/student36/RoboticsDesignProject/Git-repos/LeoRover-Team7/elephant_arm_ws/src/install/moveit_task_constructor_core/include/moveit/task_constructor/stages/predicate_filter.h
[122.610s] -- Installing: /home/student36/RoboticsDesignProject/Git-repos/LeoRover-Team7/elephant_arm_ws/src/install/moveit_task_constructor_core/include/moveit/task_constructor/stages/pick.h
[122.610s] -- Installing: /home/student36/RoboticsDesignProject/Git-repos/LeoRover-Team7/elephant_arm_ws/src/install/moveit_task_constructor_core/include/moveit/task_constructor/stages/passthrough.h
[122.611s] -- Installing: /home/student36/RoboticsDesignProject/Git-repos/LeoRover-Team7/elephant_arm_ws/src/install/moveit_task_constructor_core/include/moveit/task_constructor/stages/fix_collision_objects.h
[122.611s] -- Installing: /home/student36/RoboticsDesignProject/Git-repos/LeoRover-Team7/elephant_arm_ws/src/install/moveit_task_constructor_core/include/moveit/task_constructor/stages/connect.h
[122.611s] -- Installing: /home/student36/RoboticsDesignProject/Git-repos/LeoRover-Team7/elephant_arm_ws/src/install/moveit_task_constructor_core/include/moveit/task_constructor/stages/generate_pose.h
[122.611s] -- Installing: /home/student36/RoboticsDesignProject/Git-repos/LeoRover-Team7/elephant_arm_ws/src/install/moveit_task_constructor_core/include/moveit/task_constructor/stages/current_state.h
[122.611s] -- Installing: /home/student36/RoboticsDesignProject/Git-repos/LeoRover-Team7/elephant_arm_ws/src/install/moveit_task_constructor_core/include/moveit/task_constructor/stages/generate_place_pose.h
[122.612s] -- Installing: /home/student36/RoboticsDesignProject/Git-repos/LeoRover-Team7/elephant_arm_ws/src/install/moveit_task_constructor_core/include/moveit/task_constructor/stages/compute_ik.h
[122.612s] -- Installing: /home/student36/RoboticsDesignProject/Git-repos/LeoRover-Team7/elephant_arm_ws/src/install/moveit_task_constructor_core/include/moveit/task_constructor/stages/generate_random_pose.h
[122.612s] -- Installing: /home/student36/RoboticsDesignProject/Git-repos/LeoRover-Team7/elephant_arm_ws/src/install/moveit_task_constructor_core/include/moveit/task_constructor/stages/move_to.h
[122.612s] -- Installing: /home/student36/RoboticsDesignProject/Git-repos/LeoRover-Team7/elephant_arm_ws/src/install/moveit_task_constructor_core/include/moveit/task_constructor/utils.h
[122.612s] -- Installing: /home/student36/RoboticsDesignProject/Git-repos/LeoRover-Team7/elephant_arm_ws/src/install/moveit_task_constructor_core/include/moveit/task_constructor/marker_tools.h
[122.612s] -- Installing: /home/student36/RoboticsDesignProject/Git-repos/LeoRover-Team7/elephant_arm_ws/src/install/moveit_task_constructor_core/include/moveit/task_constructor/container.h
[122.612s] -- Installing: /home/student36/RoboticsDesignProject/Git-repos/LeoRover-Team7/elephant_arm_ws/src/install/moveit_task_constructor_core/include/moveit/task_constructor/type_traits.h
[122.612s] -- Installing: /home/student36/RoboticsDesignProject/Git-repos/LeoRover-Team7/elephant_arm_ws/src/install/moveit_task_constructor_core/include/moveit/task_constructor/storage.h
[122.612s] -- Installing: /home/student36/RoboticsDesignProject/Git-repos/LeoRover-Team7/elephant_arm_ws/src/install/moveit_task_constructor_core/include/moveit/task_constructor/cost_queue.h
[122.613s] -- Installing: /home/student36/RoboticsDesignProject/Git-repos/LeoRover-Team7/elephant_arm_ws/src/install/moveit_task_constructor_core/include/moveit/task_constructor/introspection.h
[122.613s] -- Installing: /home/student36/RoboticsDesignProject/Git-repos/LeoRover-Team7/elephant_arm_ws/src/install/moveit_task_constructor_core/include/moveit/task_constructor/cost_terms.h
[122.613s] -- Installing: /home/student36/RoboticsDesignProject/Git-repos/LeoRover-Team7/elephant_arm_ws/src/install/moveit_task_constructor_core/include/moveit/task_constructor/stages.h
[122.613s] -- Installing: /home/student36/RoboticsDesignProject/Git-repos/LeoRover-Team7/elephant_arm_ws/src/install/moveit_task_constructor_core/include/moveit/task_constructor/moveit_compat.h
[122.614s] -- Installing: /home/student36/RoboticsDesignProject/Git-repos/LeoRover-Team7/elephant_arm_ws/src/install/moveit_task_constructor_core/include/moveit/task_constructor/merge.h
[122.614s] -- Installing: /home/student36/RoboticsDesignProject/Git-repos/LeoRover-Team7/elephant_arm_ws/src/install/moveit_task_constructor_core/include/moveit/task_constructor/task.h
[122.614s] -- Installing: /home/student36/RoboticsDesignProject/Git-repos/LeoRover-Team7/elephant_arm_ws/src/install/moveit_task_constructor_core/include/moveit/task_constructor/solvers.h
[122.614s] -- Installing: /home/student36/RoboticsDesignProject/Git-repos/LeoRover-Team7/elephant_arm_ws/src/install/moveit_task_constructor_core/include/moveit/task_constructor/properties.h
[122.615s] -- Installing: /home/student36/RoboticsDesignProject/Git-repos/LeoRover-Team7/elephant_arm_ws/src/install/moveit_task_constructor_core/share/moveit_task_constructor_core/motion_planning_stages_plugin_description.xml
[122.615s] -- Installing: /home/student36/RoboticsDesignProject/Git-repos/LeoRover-Team7/elephant_arm_ws/src/install/moveit_task_constructor_core/share/moveit_task_constructor_core/environment/library_path.sh
[122.616s] -- Installing: /home/student36/RoboticsDesignProject/Git-repos/LeoRover-Team7/elephant_arm_ws/src/install/moveit_task_constructor_core/share/moveit_task_constructor_core/environment/library_path.dsv
[122.616s] -- Installing: /home/student36/RoboticsDesignProject/Git-repos/LeoRover-Team7/elephant_arm_ws/src/install/moveit_task_constructor_core/share/ament_index/resource_index/package_run_dependencies/moveit_task_constructor_core
[122.616s] -- Installing: /home/student36/RoboticsDesignProject/Git-repos/LeoRover-Team7/elephant_arm_ws/src/install/moveit_task_constructor_core/share/ament_index/resource_index/parent_prefix_path/moveit_task_constructor_core
[122.616s] -- Installing: /home/student36/RoboticsDesignProject/Git-repos/LeoRover-Team7/elephant_arm_ws/src/install/moveit_task_constructor_core/share/moveit_task_constructor_core/environment/ament_prefix_path.sh
[122.617s] -- Installing: /home/student36/RoboticsDesignProject/Git-repos/LeoRover-Team7/elephant_arm_ws/src/install/moveit_task_constructor_core/share/moveit_task_constructor_core/environment/ament_prefix_path.dsv
[122.617s] -- Installing: /home/student36/RoboticsDesignProject/Git-repos/LeoRover-Team7/elephant_arm_ws/src/install/moveit_task_constructor_core/share/moveit_task_constructor_core/environment/path.sh
[122.618s] -- Installing: /home/student36/RoboticsDesignProject/Git-repos/LeoRover-Team7/elephant_arm_ws/src/install/moveit_task_constructor_core/share/moveit_task_constructor_core/environment/path.dsv
[122.618s] -- Installing: /home/student36/RoboticsDesignProject/Git-repos/LeoRover-Team7/elephant_arm_ws/src/install/moveit_task_constructor_core/share/moveit_task_constructor_core/local_setup.bash
[122.618s] -- Installing: /home/student36/RoboticsDesignProject/Git-repos/LeoRover-Team7/elephant_arm_ws/src/install/moveit_task_constructor_core/share/moveit_task_constructor_core/local_setup.sh
[122.618s] -- Installing: /home/student36/RoboticsDesignProject/Git-repos/LeoRover-Team7/elephant_arm_ws/src/install/moveit_task_constructor_core/share/moveit_task_constructor_core/local_setup.zsh
[122.618s] -- Installing: /home/student36/RoboticsDesignProject/Git-repos/LeoRover-Team7/elephant_arm_ws/src/install/moveit_task_constructor_core/share/moveit_task_constructor_core/local_setup.dsv
[122.618s] -- Installing: /home/student36/RoboticsDesignProject/Git-repos/LeoRover-Team7/elephant_arm_ws/src/install/moveit_task_constructor_core/share/moveit_task_constructor_core/package.dsv
[122.618s] -- Installing: /home/student36/RoboticsDesignProject/Git-repos/LeoRover-Team7/elephant_arm_ws/src/install/moveit_task_constructor_core/share/ament_index/resource_index/packages/moveit_task_constructor_core
[122.618s] -- Installing: /home/student36/RoboticsDesignProject/Git-repos/LeoRover-Team7/elephant_arm_ws/src/install/moveit_task_constructor_core/share/ament_index/resource_index/moveit_task_constructor_core__pluginlib__plugin/moveit_task_constructor_core
[122.619s] -- Installing: /home/student36/RoboticsDesignProject/Git-repos/LeoRover-Team7/elephant_arm_ws/src/install/moveit_task_constructor_core/share/moveit_task_constructor_core/cmake/moveit_task_constructor_coreTargetsExport.cmake
[122.619s] -- Installing: /home/student36/RoboticsDesignProject/Git-repos/LeoRover-Team7/elephant_arm_ws/src/install/moveit_task_constructor_core/share/moveit_task_constructor_core/cmake/moveit_task_constructor_coreTargetsExport-release.cmake
[122.619s] -- Installing: /home/student36/RoboticsDesignProject/Git-repos/LeoRover-Team7/elephant_arm_ws/src/install/moveit_task_constructor_core/share/moveit_task_constructor_core/cmake/ament_cmake_export_targets-extras.cmake
[122.619s] -- Installing: /home/student36/RoboticsDesignProject/Git-repos/LeoRover-Team7/elephant_arm_ws/src/install/moveit_task_constructor_core/share/moveit_task_constructor_core/cmake/ament_cmake_export_dependencies-extras.cmake
[122.619s] -- Installing: /home/student36/RoboticsDesignProject/Git-repos/LeoRover-Team7/elephant_arm_ws/src/install/moveit_task_constructor_core/share/moveit_task_constructor_core/cmake/moveit_task_constructor_coreConfig.cmake
[122.619s] -- Installing: /home/student36/RoboticsDesignProject/Git-repos/LeoRover-Team7/elephant_arm_ws/src/install/moveit_task_constructor_core/share/moveit_task_constructor_core/cmake/moveit_task_constructor_coreConfig-version.cmake
[122.619s] -- Installing: /home/student36/RoboticsDesignProject/Git-repos/LeoRover-Team7/elephant_arm_ws/src/install/moveit_task_constructor_core/share/moveit_task_constructor_core/package.xml
[122.621s] Invoked command in '/home/student36/RoboticsDesignProject/Git-repos/LeoRover-Team7/elephant_arm_ws/src/build/moveit_task_constructor_core' returned '0': AMENT_PREFIX_PATH=/home/student36/RoboticsDesignProject/Git-repos/LeoRover-Team7/elephant_arm_ws/src/install/rviz_marker_tools:/home/student36/RoboticsDesignProject/Git-repos/LeoRover-Team7/elephant_arm_ws/src/install/moveit_task_constructor_msgs:${AMENT_PREFIX_PATH} CMAKE_PREFIX_PATH=/home/student36/RoboticsDesignProject/Git-repos/LeoRover-Team7/elephant_arm_ws/src/install/rviz_marker_tools:/home/student36/RoboticsDesignProject/Git-repos/LeoRover-Team7/elephant_arm_ws/src/install/moveit_task_constructor_msgs:/home/student36/RoboticsDesignProject/Git-repos/LeoRover-Team7/elephant_arm_ws/install/mycobot_ros2:/home/student36/RoboticsDesignProject/Git-repos/LeoRover-Team7/elephant_arm_ws/install/mycobot_moveit_config:/home/student36/RoboticsDesignProject/Git-repos/LeoRover-Team7/elephant_arm_ws/install/mycobot_gazebo:/home/student36/RoboticsDesignProject/Git-repos/LeoRover-Team7/elephant_arm_ws/install/mycobot_description:/home/student36/RoboticsDesignProject/Git-repos/LeoRover-Team7/elephant_arm_ws/install/mycobot_bringup:/home/student36/RoboticsDesignProject/Git-repos/LeoRover-Team7/elephant_arm_ws/install/hello_moveit:/home/student36/ros2_tutorial_workspace/install/package_with_interfaces:/home/student36/ws_moveit/install/robotiq_hardware_tests:/home/student36/ws_moveit/install/robotiq_driver:/home/student36/ws_moveit/install/serial:/home/student36/ws_moveit/install/moveit2_tutorials:/home/student36/ws_moveit/install/hello_moveit:/home/student36/ws_moveit/install/moveit_visual_tools:/home/student36/ws_moveit/install/rviz_visual_tools:/home/student36/ws_moveit/install/mtc_tutorial:/home/student36/ws_moveit/install/moveit_task_constructor_demo:/home/student36/ws_moveit/install/moveit_task_constructor_visualization:/home/student36/ws_moveit/install/moveit_task_constructor_capabilities:/home/student36/ws_moveit/install/elephant:/home/student36/ws_moveit/install/moveit_task_constructor_core:/home/student36/ws_moveit/install/rviz_marker_tools:/home/student36/ws_moveit/install/kortex_bringup:/home/student36/ws_moveit/install/kinova_gen3_lite_moveit_config:/home/student36/ws_moveit/install/kinova_gen3_7dof_robotiq_2f_85_moveit_config:/home/student36/ws_moveit/install/kinova_gen3_6dof_robotiq_2f_85_moveit_config:/home/student36/ws_moveit/install/kortex_description:/home/student36/ws_moveit/install/robotiq_description:/home/student36/ws_moveit/install/robotiq_controllers:/home/student36/ws_moveit/install/pilz_industrial_motion_planner_testutils:/home/student36/ws_moveit/install/mycobot_280_moveit2:/home/student36/ws_moveit/install/moveit_runtime:/home/student36/ws_moveit/install/moveit:/home/student36/ws_moveit/install/elephant_arm:/home/student36/ws_moveit/install/moveit_planners:/home/student36/ws_moveit/install/pilz_industrial_motion_planner:/home/student36/ws_moveit/install/mycobot_description:/home/student36/ws_moveit/install/moveit_task_constructor_msgs:/home/student36/ws_moveit/install/moveit_ros_control_interface:/home/student36/ws_moveit/install/moveit_plugins:/home/student36/ws_moveit/install/moveit_simple_controller_manager:/home/student36/ws_moveit/install/moveit_setup_assistant:/home/student36/ws_moveit/install/moveit_setup_srdf_plugins:/home/student36/ws_moveit/install/moveit_setup_core_plugins:/home/student36/ws_moveit/install/moveit_setup_controllers:/home/student36/ws_moveit/install/moveit_setup_app_plugins:/home/student36/ws_moveit/install/moveit_setup_framework:/home/student36/ws_moveit/install/moveit_servo:/home/student36/ws_moveit/install/moveit_ros_trajectory_cache:/home/student36/ws_moveit/install/moveit_ros:/home/student36/ws_moveit/install/moveit_ros_visualization:/home/student36/ws_moveit/install/moveit_py:/home/student36/ws_moveit/install/moveit_hybrid_planning:/home/student36/ws_moveit/install/moveit_ros_planning_interface:/home/student36/ws_moveit/install/moveit_ros_benchmarks:/home/student36/ws_moveit/install/moveit_ros_warehouse:/home/student36/ws_moveit/install/moveit_ros_robot_interaction:/home/student36/ws_moveit/install/moveit_ros_perception:/home/student36/ws_moveit/install/moveit_resources_prbt_pg70_support:/home/student36/ws_moveit/install/moveit_resources_prbt_moveit_config:/home/student36/ws_moveit/install/moveit_ros_move_group:/home/student36/ws_moveit/install/moveit_planners_ompl:/home/student36/ws_moveit/install/moveit_kinematics:/home/student36/ws_moveit/install/moveit_ros_planning:/home/student36/ws_moveit/install/moveit_ros_occupancy_map_monitor:/home/student36/ws_moveit/install/moveit_resources_prbt_support:/home/student36/ws_moveit/install/moveit_resources_prbt_ikfast_manipulator_plugin:/home/student36/ws_moveit/install/moveit_resources:/home/student36/ws_moveit/install/moveit_resources_pr2_description:/home/student36/ws_moveit/install/moveit_resources_panda_moveit_config:/home/student36/ws_moveit/install/dual_arm_panda_moveit_config:/home/student36/ws_moveit/install/moveit_resources_panda_description:/home/student36/ws_moveit/install/moveit_resources_fanuc_moveit_config:/home/student36/ws_moveit/install/moveit_resources_fanuc_description:/home/student36/ws_moveit/install/moveit_planners_stomp:/home/student36/ws_moveit/install/moveit_planners_chomp:/home/student36/ws_moveit/install/chomp_motion_planner:/home/student36/ws_moveit/install/moveit_core:/home/student36/ws_moveit/install/moveit_msgs:/home/student36/ws_moveit/install/moveit_common:/home/student36/ws_moveit/install/kortex_driver:/home/student36/ws_moveit/install/kortex_api:/home/student36/rplidar_ws/install/rplidar_ros:/home/student36/elephant_arm_ws/install/mycobot_280_moveit2:/opt/ros/jazzy/opt/gz_sim_vendor:/opt/ros/jazzy/opt/gz_sensors_vendor:/opt/ros/jazzy/opt/gz_physics_vendor:/opt/ros/jazzy/opt/sdformat_vendor:/opt/ros/jazzy/opt/gz_gui_vendor:/opt/ros/jazzy/opt/gz_transport_vendor:/opt/ros/jazzy/opt/gz_rendering_vendor:/opt/ros/jazzy/opt/gz_plugin_vendor:/opt/ros/jazzy/opt/gz_fuel_tools_vendor:/opt/ros/jazzy/opt/gz_msgs_vendor:/opt/ros/jazzy/opt/gz_common_vendor:/opt/ros/jazzy/opt/gz_math_vendor:/opt/ros/jazzy/opt/gz_utils_vendor:/opt/ros/jazzy/opt/gz_tools_vendor:/opt/ros/jazzy/opt/gz_ogre_next_vendor:/opt/ros/jazzy/opt/gz_dartsim_vendor:/opt/ros/jazzy/opt/gz_cmake_vendor:/home/student36/ros2_tutorial_workspace/install/the_simplest_python_package:/home/student36/ros2_tutorial_workspace/install/python_package_with_a_node:/home/student36/ros2_tutorial_workspace/install/python_package_that_uses_the_library:/home/student36/ros2_tutorial_workspace/install/python_package_with_a_library:/home/student36/ros2_tutorial_workspace/install/python_package_that_uses_the_services:/home/student36/ros2_tutorial_workspace/install/python_package_that_uses_the_actions:/home/student36/ros2_tutorial_workspace/install/python_package_that_uses_tf2:/home/student36/ros2_tutorial_workspace/install/python_package_that_uses_parameters_and_launch_files:/home/student36/ros2_tutorial_workspace/install/python_package_that_uses_nottf2:/home/student36/ros2_tutorial_workspace/install/python_package_that_uses_nav2:/home/student36/ros2_tutorial_workspace/install/python_package_that_uses_messages:/home/student36/ros2_tutorial_workspace/install/python_package_that_uses_geometry_msgs:/home/student36/ros2_tutorial_workspace/install/python_package_that_uses_gazebo:/home/student36/ws_moveit/install/moveit_configs_utils:/home/student36/elephant_arm_ws/install/mycobot_description:/opt/ros/jazzy DEBUGINFOD_URLS=https://debuginfod.ubuntu.com LD_LIBRARY_PATH=/home/student36/RoboticsDesignProject/Git-repos/LeoRover-Team7/elephant_arm_ws/src/install/rviz_marker_tools/lib:/home/student36/RoboticsDesignProject/Git-repos/LeoRover-Team7/elephant_arm_ws/src/install/moveit_task_constructor_msgs/lib:${LD_LIBRARY_PATH} PYTHONPATH=/home/student36/RoboticsDesignProject/Git-repos/LeoRover-Team7/elephant_arm_ws/src/install/moveit_task_constructor_msgs/lib/python3.12/site-packages:${PYTHONPATH} /usr/bin/cmake --install /home/student36/RoboticsDesignProject/Git-repos/LeoRover-Team7/elephant_arm_ws/src/build/moveit_task_constructor_core
