[0.238s] DEBUG:colcon:Command line arguments: ['/usr/bin/colcon', 'build']
[0.238s] DEBUG:colcon:Parsed command line arguments: Namespace(log_base=None, log_level=None, verb_name='build', build_base='build', install_base='install', merge_install=False, symlink_install=False, test_result_base=None, continue_on_error=False, executor='parallel', parallel_workers=12, event_handlers=None, ignore_user_meta=False, metas=['./colcon.meta'], base_paths=['.'], packages_ignore=None, packages_ignore_regex=None, paths=None, packages_up_to=None, packages_up_to_regex=None, packages_above=None, packages_above_and_dependencies=None, packages_above_depth=None, packages_select_by_dep=None, packages_skip_by_dep=None, packages_skip_up_to=None, packages_select_build_failed=False, packages_skip_build_finished=False, packages_select_test_failures=False, packages_skip_test_passed=False, packages_select=None, packages_skip=None, packages_select_regex=None, packages_skip_regex=None, packages_start=None, packages_end=None, allow_overriding=[], cmake_args=None, cmake_target=None, cmake_target_skip_unavailable=False, cmake_clean_cache=False, cmake_clean_first=False, cmake_force_configure=False, ament_cmake_args=None, catkin_cmake_args=None, catkin_skip_building_tests=False, mixin_files=None, mixin=None, verb_parser=<colcon_mixin.mixin.mixin_argument.MixinArgumentDecorator object at 0x7be325a9b6b0>, verb_extension=<colcon_core.verb.build.BuildVerb object at 0x7be325bcbce0>, main=<bound method BuildVerb.main of <colcon_core.verb.build.BuildVerb object at 0x7be325bcbce0>>, mixin_verb=('build',))
[0.313s] Level 1:colcon.colcon_core.package_discovery:discover_packages(colcon_meta) check parameters
[0.313s] Level 1:colcon.colcon_core.package_discovery:discover_packages(recursive) check parameters
[0.313s] Level 1:colcon.colcon_core.package_discovery:discover_packages(ignore) check parameters
[0.313s] Level 1:colcon.colcon_core.package_discovery:discover_packages(path) check parameters
[0.314s] Level 1:colcon.colcon_core.package_discovery:discover_packages(colcon_meta) discover
[0.314s] Level 1:colcon.colcon_core.package_discovery:discover_packages(recursive) discover
[0.314s] INFO:colcon.colcon_core.package_discovery:Crawling recursively for packages in '/home/student31/leo_ws/src/leo_lidar_sim'
[0.314s] Level 1:colcon.colcon_core.package_identification:_identify(.) by extensions ['ignore', 'ignore_ament_install']
[0.314s] Level 1:colcon.colcon_core.package_identification:_identify(.) by extension 'ignore'
[0.314s] Level 1:colcon.colcon_core.package_identification:_identify(.) by extension 'ignore_ament_install'
[0.314s] Level 1:colcon.colcon_core.package_identification:_identify(.) by extensions ['colcon_pkg']
[0.314s] Level 1:colcon.colcon_core.package_identification:_identify(.) by extension 'colcon_pkg'
[0.314s] Level 1:colcon.colcon_core.package_identification:_identify(.) by extensions ['colcon_meta']
[0.314s] Level 1:colcon.colcon_core.package_identification:_identify(.) by extension 'colcon_meta'
[0.314s] Level 1:colcon.colcon_core.package_identification:_identify(.) by extensions ['ros']
[0.314s] Level 1:colcon.colcon_core.package_identification:_identify(.) by extension 'ros'
[0.373s] DEBUG:colcon.colcon_core.package_identification:Package '.' with type 'ros.ament_cmake' and name 'leo_lidar_sim'
[0.374s] Level 1:colcon.colcon_core.package_discovery:discover_packages(recursive) using defaults
[0.374s] Level 1:colcon.colcon_core.package_discovery:discover_packages(ignore) discover
[0.374s] Level 1:colcon.colcon_core.package_discovery:discover_packages(ignore) using defaults
[0.374s] Level 1:colcon.colcon_core.package_discovery:discover_packages(path) discover
[0.374s] Level 1:colcon.colcon_core.package_discovery:discover_packages(path) using defaults
[0.417s] Level 1:colcon.colcon_core.package_discovery:discover_packages(prefix_path) check parameters
[0.417s] Level 1:colcon.colcon_core.package_discovery:discover_packages(prefix_path) discover
[0.425s] DEBUG:colcon.colcon_installed_package_information.package_discovery:Found 28 installed packages in /home/student31/ros2_ws/install
[0.427s] DEBUG:colcon.colcon_installed_package_information.package_discovery:Found 360 installed packages in /opt/ros/jazzy
[0.429s] Level 1:colcon.colcon_core.package_discovery:discover_packages(prefix_path) using defaults
[0.497s] Level 5:colcon.colcon_core.verb:set package 'leo_lidar_sim' build argument 'cmake_args' from command line to 'None'
[0.497s] Level 5:colcon.colcon_core.verb:set package 'leo_lidar_sim' build argument 'cmake_target' from command line to 'None'
[0.497s] Level 5:colcon.colcon_core.verb:set package 'leo_lidar_sim' build argument 'cmake_target_skip_unavailable' from command line to 'False'
[0.497s] Level 5:colcon.colcon_core.verb:set package 'leo_lidar_sim' build argument 'cmake_clean_cache' from command line to 'False'
[0.497s] Level 5:colcon.colcon_core.verb:set package 'leo_lidar_sim' build argument 'cmake_clean_first' from command line to 'False'
[0.498s] Level 5:colcon.colcon_core.verb:set package 'leo_lidar_sim' build argument 'cmake_force_configure' from command line to 'False'
[0.498s] Level 5:colcon.colcon_core.verb:set package 'leo_lidar_sim' build argument 'ament_cmake_args' from command line to 'None'
[0.498s] Level 5:colcon.colcon_core.verb:set package 'leo_lidar_sim' build argument 'catkin_cmake_args' from command line to 'None'
[0.498s] Level 5:colcon.colcon_core.verb:set package 'leo_lidar_sim' build argument 'catkin_skip_building_tests' from command line to 'False'
[0.498s] DEBUG:colcon.colcon_core.verb:Building package 'leo_lidar_sim' with the following arguments: {'ament_cmake_args': None, 'build_base': '/home/student31/leo_ws/src/leo_lidar_sim/build/leo_lidar_sim', 'catkin_cmake_args': None, 'catkin_skip_building_tests': False, 'cmake_args': None, 'cmake_clean_cache': False, 'cmake_clean_first': False, 'cmake_force_configure': False, 'cmake_target': None, 'cmake_target_skip_unavailable': False, 'install_base': '/home/student31/leo_ws/src/leo_lidar_sim/install/leo_lidar_sim', 'merge_install': False, 'path': '/home/student31/leo_ws/src/leo_lidar_sim', 'symlink_install': False, 'test_result_base': None}
[0.498s] INFO:colcon.colcon_core.executor:Executing jobs using 'parallel' executor
[0.499s] DEBUG:colcon.colcon_parallel_executor.executor.parallel:run_until_complete
[0.499s] INFO:colcon.colcon_ros.task.ament_cmake.build:Building ROS package in '/home/student31/leo_ws/src/leo_lidar_sim' with build type 'ament_cmake'
[0.499s] INFO:colcon.colcon_cmake.task.cmake.build:Building CMake package in '/home/student31/leo_ws/src/leo_lidar_sim'
[0.504s] INFO:colcon.colcon_core.plugin_system:Skipping extension 'colcon_core.shell.bat': Not used on non-Windows systems
[0.504s] INFO:colcon.colcon_core.shell:Skip shell extension 'powershell' for command environment: Not usable outside of PowerShell
[0.505s] DEBUG:colcon.colcon_core.shell:Skip shell extension 'dsv' for command environment
[0.522s] DEBUG:colcon.colcon_core.event_handler.log_command:Invoking command in '/home/student31/leo_ws/src/leo_lidar_sim/build/leo_lidar_sim': CMAKE_PREFIX_PATH=${CMAKE_PREFIX_PATH}:/home/student31/ros2_ws/install/python_package_that_uses_the_services:/home/student31/ros2_ws/install/python_package_that_uses_the_messages:/home/student31/ros2_ws/install/python_package_that_uses_the_actions:/home/student31/ros2_ws/install/python_package_that_uses_tf2:/home/student31/ros2_ws/install/python_package_that_uses_parameters_and_launch_files:/home/student31/ros2_ws/install/python_package_that_uses_nav2:/home/student31/ros2_ws/install/python_package_that_uses_geometry_msgs:/home/student31/ros2_ws/install/python_package_that_uses_gazebo:/home/student31/ros2_ws/install/package_with_node:/home/student31/ros2_ws/install/package_that_uses_library:/home/student31/ros2_ws/install/package_with_library:/home/student31/ros2_ws/install/my_package:/home/student31/ros2_ws/install/another_package:/opt/ros/jazzy DEBUGINFOD_URLS=https://debuginfod.ubuntu.com /usr/bin/cmake /home/student31/leo_ws/src/leo_lidar_sim -DCMAKE_INSTALL_PREFIX=/home/student31/leo_ws/src/leo_lidar_sim/install/leo_lidar_sim
[13.497s] DEBUG:colcon.colcon_core.event_handler.log_command:Invoked command in '/home/student31/leo_ws/src/leo_lidar_sim/build/leo_lidar_sim' returned '0': CMAKE_PREFIX_PATH=${CMAKE_PREFIX_PATH}:/home/student31/ros2_ws/install/python_package_that_uses_the_services:/home/student31/ros2_ws/install/python_package_that_uses_the_messages:/home/student31/ros2_ws/install/python_package_that_uses_the_actions:/home/student31/ros2_ws/install/python_package_that_uses_tf2:/home/student31/ros2_ws/install/python_package_that_uses_parameters_and_launch_files:/home/student31/ros2_ws/install/python_package_that_uses_nav2:/home/student31/ros2_ws/install/python_package_that_uses_geometry_msgs:/home/student31/ros2_ws/install/python_package_that_uses_gazebo:/home/student31/ros2_ws/install/package_with_node:/home/student31/ros2_ws/install/package_that_uses_library:/home/student31/ros2_ws/install/package_with_library:/home/student31/ros2_ws/install/my_package:/home/student31/ros2_ws/install/another_package:/opt/ros/jazzy DEBUGINFOD_URLS=https://debuginfod.ubuntu.com /usr/bin/cmake /home/student31/leo_ws/src/leo_lidar_sim -DCMAKE_INSTALL_PREFIX=/home/student31/leo_ws/src/leo_lidar_sim/install/leo_lidar_sim
[13.502s] DEBUG:colcon.colcon_core.event_handler.log_command:Invoking command in '/home/student31/leo_ws/src/leo_lidar_sim/build/leo_lidar_sim': CMAKE_PREFIX_PATH=${CMAKE_PREFIX_PATH}:/home/student31/ros2_ws/install/python_package_that_uses_the_services:/home/student31/ros2_ws/install/python_package_that_uses_the_messages:/home/student31/ros2_ws/install/python_package_that_uses_the_actions:/home/student31/ros2_ws/install/python_package_that_uses_tf2:/home/student31/ros2_ws/install/python_package_that_uses_parameters_and_launch_files:/home/student31/ros2_ws/install/python_package_that_uses_nav2:/home/student31/ros2_ws/install/python_package_that_uses_geometry_msgs:/home/student31/ros2_ws/install/python_package_that_uses_gazebo:/home/student31/ros2_ws/install/package_with_node:/home/student31/ros2_ws/install/package_that_uses_library:/home/student31/ros2_ws/install/package_with_library:/home/student31/ros2_ws/install/my_package:/home/student31/ros2_ws/install/another_package:/opt/ros/jazzy DEBUGINFOD_URLS=https://debuginfod.ubuntu.com /usr/bin/cmake --build /home/student31/leo_ws/src/leo_lidar_sim/build/leo_lidar_sim -- -j12 -l12
[13.631s] DEBUG:colcon.colcon_core.event_handler.log_command:Invoked command in '/home/student31/leo_ws/src/leo_lidar_sim/build/leo_lidar_sim' returned '0': CMAKE_PREFIX_PATH=${CMAKE_PREFIX_PATH}:/home/student31/ros2_ws/install/python_package_that_uses_the_services:/home/student31/ros2_ws/install/python_package_that_uses_the_messages:/home/student31/ros2_ws/install/python_package_that_uses_the_actions:/home/student31/ros2_ws/install/python_package_that_uses_tf2:/home/student31/ros2_ws/install/python_package_that_uses_parameters_and_launch_files:/home/student31/ros2_ws/install/python_package_that_uses_nav2:/home/student31/ros2_ws/install/python_package_that_uses_geometry_msgs:/home/student31/ros2_ws/install/python_package_that_uses_gazebo:/home/student31/ros2_ws/install/package_with_node:/home/student31/ros2_ws/install/package_that_uses_library:/home/student31/ros2_ws/install/package_with_library:/home/student31/ros2_ws/install/my_package:/home/student31/ros2_ws/install/another_package:/opt/ros/jazzy DEBUGINFOD_URLS=https://debuginfod.ubuntu.com /usr/bin/cmake --build /home/student31/leo_ws/src/leo_lidar_sim/build/leo_lidar_sim -- -j12 -l12
[13.675s] DEBUG:colcon.colcon_core.event_handler.log_command:Invoking command in '/home/student31/leo_ws/src/leo_lidar_sim/build/leo_lidar_sim': CMAKE_PREFIX_PATH=${CMAKE_PREFIX_PATH}:/home/student31/ros2_ws/install/python_package_that_uses_the_services:/home/student31/ros2_ws/install/python_package_that_uses_the_messages:/home/student31/ros2_ws/install/python_package_that_uses_the_actions:/home/student31/ros2_ws/install/python_package_that_uses_tf2:/home/student31/ros2_ws/install/python_package_that_uses_parameters_and_launch_files:/home/student31/ros2_ws/install/python_package_that_uses_nav2:/home/student31/ros2_ws/install/python_package_that_uses_geometry_msgs:/home/student31/ros2_ws/install/python_package_that_uses_gazebo:/home/student31/ros2_ws/install/package_with_node:/home/student31/ros2_ws/install/package_that_uses_library:/home/student31/ros2_ws/install/package_with_library:/home/student31/ros2_ws/install/my_package:/home/student31/ros2_ws/install/another_package:/opt/ros/jazzy DEBUGINFOD_URLS=https://debuginfod.ubuntu.com /usr/bin/cmake --install /home/student31/leo_ws/src/leo_lidar_sim/build/leo_lidar_sim
[13.768s] Level 1:colcon.colcon_core.environment:create_environment_scripts_only(leo_lidar_sim)
[13.773s] DEBUG:colcon.colcon_core.event_handler.log_command:Invoked command in '/home/student31/leo_ws/src/leo_lidar_sim/build/leo_lidar_sim' returned '0': CMAKE_PREFIX_PATH=${CMAKE_PREFIX_PATH}:/home/student31/ros2_ws/install/python_package_that_uses_the_services:/home/student31/ros2_ws/install/python_package_that_uses_the_messages:/home/student31/ros2_ws/install/python_package_that_uses_the_actions:/home/student31/ros2_ws/install/python_package_that_uses_tf2:/home/student31/ros2_ws/install/python_package_that_uses_parameters_and_launch_files:/home/student31/ros2_ws/install/python_package_that_uses_nav2:/home/student31/ros2_ws/install/python_package_that_uses_geometry_msgs:/home/student31/ros2_ws/install/python_package_that_uses_gazebo:/home/student31/ros2_ws/install/package_with_node:/home/student31/ros2_ws/install/package_that_uses_library:/home/student31/ros2_ws/install/package_with_library:/home/student31/ros2_ws/install/my_package:/home/student31/ros2_ws/install/another_package:/opt/ros/jazzy DEBUGINFOD_URLS=https://debuginfod.ubuntu.com /usr/bin/cmake --install /home/student31/leo_ws/src/leo_lidar_sim/build/leo_lidar_sim
[13.782s] Level 1:colcon.colcon_core.environment:checking '/home/student31/leo_ws/src/leo_lidar_sim/install/leo_lidar_sim' for CMake module files
[13.784s] Level 1:colcon.colcon_core.environment:checking '/home/student31/leo_ws/src/leo_lidar_sim/install/leo_lidar_sim' for CMake config files
[13.785s] Level 1:colcon.colcon_core.shell:create_environment_hook('leo_lidar_sim', 'cmake_prefix_path')
[13.786s] INFO:colcon.colcon_core.shell:Creating environment hook '/home/student31/leo_ws/src/leo_lidar_sim/install/leo_lidar_sim/share/leo_lidar_sim/hook/cmake_prefix_path.ps1'
[13.788s] INFO:colcon.colcon_core.shell:Creating environment descriptor '/home/student31/leo_ws/src/leo_lidar_sim/install/leo_lidar_sim/share/leo_lidar_sim/hook/cmake_prefix_path.dsv'
[13.789s] INFO:colcon.colcon_core.shell:Creating environment hook '/home/student31/leo_ws/src/leo_lidar_sim/install/leo_lidar_sim/share/leo_lidar_sim/hook/cmake_prefix_path.sh'
[13.791s] Level 1:colcon.colcon_core.environment:checking '/home/student31/leo_ws/src/leo_lidar_sim/install/leo_lidar_sim/lib'
[13.792s] Level 1:colcon.colcon_core.environment:checking '/home/student31/leo_ws/src/leo_lidar_sim/install/leo_lidar_sim/bin'
[13.792s] Level 1:colcon.colcon_core.environment:checking '/home/student31/leo_ws/src/leo_lidar_sim/install/leo_lidar_sim/lib/pkgconfig/leo_lidar_sim.pc'
[13.793s] Level 1:colcon.colcon_core.environment:checking '/home/student31/leo_ws/src/leo_lidar_sim/install/leo_lidar_sim/lib/python3.12/site-packages'
[13.794s] Level 1:colcon.colcon_core.environment:checking '/home/student31/leo_ws/src/leo_lidar_sim/install/leo_lidar_sim/bin'
[13.795s] INFO:colcon.colcon_core.shell:Creating package script '/home/student31/leo_ws/src/leo_lidar_sim/install/leo_lidar_sim/share/leo_lidar_sim/package.ps1'
[13.797s] INFO:colcon.colcon_core.shell:Creating package descriptor '/home/student31/leo_ws/src/leo_lidar_sim/install/leo_lidar_sim/share/leo_lidar_sim/package.dsv'
[13.799s] INFO:colcon.colcon_core.shell:Creating package script '/home/student31/leo_ws/src/leo_lidar_sim/install/leo_lidar_sim/share/leo_lidar_sim/package.sh'
[13.802s] INFO:colcon.colcon_core.shell:Creating package script '/home/student31/leo_ws/src/leo_lidar_sim/install/leo_lidar_sim/share/leo_lidar_sim/package.bash'
[13.804s] INFO:colcon.colcon_core.shell:Creating package script '/home/student31/leo_ws/src/leo_lidar_sim/install/leo_lidar_sim/share/leo_lidar_sim/package.zsh'
[13.805s] Level 1:colcon.colcon_core.environment:create_file_with_runtime_dependencies(/home/student31/leo_ws/src/leo_lidar_sim/install/leo_lidar_sim/share/colcon-core/packages/leo_lidar_sim)
[13.807s] Level 1:colcon.colcon_core.environment:create_environment_scripts_only(leo_lidar_sim)
[13.808s] Level 1:colcon.colcon_core.environment:checking '/home/student31/leo_ws/src/leo_lidar_sim/install/leo_lidar_sim' for CMake module files
[13.810s] Level 1:colcon.colcon_core.environment:checking '/home/student31/leo_ws/src/leo_lidar_sim/install/leo_lidar_sim' for CMake config files
[13.811s] Level 1:colcon.colcon_core.shell:create_environment_hook('leo_lidar_sim', 'cmake_prefix_path')
[13.811s] INFO:colcon.colcon_core.shell:Creating environment hook '/home/student31/leo_ws/src/leo_lidar_sim/install/leo_lidar_sim/share/leo_lidar_sim/hook/cmake_prefix_path.ps1'
[13.813s] INFO:colcon.colcon_core.shell:Creating environment descriptor '/home/student31/leo_ws/src/leo_lidar_sim/install/leo_lidar_sim/share/leo_lidar_sim/hook/cmake_prefix_path.dsv'
[13.814s] INFO:colcon.colcon_core.shell:Creating environment hook '/home/student31/leo_ws/src/leo_lidar_sim/install/leo_lidar_sim/share/leo_lidar_sim/hook/cmake_prefix_path.sh'
[13.816s] Level 1:colcon.colcon_core.environment:checking '/home/student31/leo_ws/src/leo_lidar_sim/install/leo_lidar_sim/lib'
[13.816s] Level 1:colcon.colcon_core.environment:checking '/home/student31/leo_ws/src/leo_lidar_sim/install/leo_lidar_sim/bin'
[13.816s] Level 1:colcon.colcon_core.environment:checking '/home/student31/leo_ws/src/leo_lidar_sim/install/leo_lidar_sim/lib/pkgconfig/leo_lidar_sim.pc'
[13.817s] Level 1:colcon.colcon_core.environment:checking '/home/student31/leo_ws/src/leo_lidar_sim/install/leo_lidar_sim/lib/python3.12/site-packages'
[13.818s] Level 1:colcon.colcon_core.environment:checking '/home/student31/leo_ws/src/leo_lidar_sim/install/leo_lidar_sim/bin'
[13.818s] INFO:colcon.colcon_core.shell:Creating package script '/home/student31/leo_ws/src/leo_lidar_sim/install/leo_lidar_sim/share/leo_lidar_sim/package.ps1'
[13.820s] INFO:colcon.colcon_core.shell:Creating package descriptor '/home/student31/leo_ws/src/leo_lidar_sim/install/leo_lidar_sim/share/leo_lidar_sim/package.dsv'
[13.822s] INFO:colcon.colcon_core.shell:Creating package script '/home/student31/leo_ws/src/leo_lidar_sim/install/leo_lidar_sim/share/leo_lidar_sim/package.sh'
[13.823s] INFO:colcon.colcon_core.shell:Creating package script '/home/student31/leo_ws/src/leo_lidar_sim/install/leo_lidar_sim/share/leo_lidar_sim/package.bash'
[13.824s] INFO:colcon.colcon_core.shell:Creating package script '/home/student31/leo_ws/src/leo_lidar_sim/install/leo_lidar_sim/share/leo_lidar_sim/package.zsh'
[13.824s] Level 1:colcon.colcon_core.environment:create_file_with_runtime_dependencies(/home/student31/leo_ws/src/leo_lidar_sim/install/leo_lidar_sim/share/colcon-core/packages/leo_lidar_sim)
[13.825s] DEBUG:colcon.colcon_parallel_executor.executor.parallel:closing loop
[13.826s] DEBUG:colcon.colcon_parallel_executor.executor.parallel:loop closed
[13.826s] DEBUG:colcon.colcon_parallel_executor.executor.parallel:run_until_complete finished with '0'
[13.826s] DEBUG:colcon.colcon_core.event_reactor:joining thread
[13.864s] INFO:colcon.colcon_core.plugin_system:Skipping extension 'colcon_notification.desktop_notification.terminal_notifier': Not used on non-Darwin systems
[13.864s] INFO:colcon.colcon_core.plugin_system:Skipping extension 'colcon_notification.desktop_notification.win32': Not used on non-Windows systems
[13.864s] INFO:colcon.colcon_notification.desktop_notification:Sending desktop notification using 'notify2'
[13.901s] DEBUG:colcon.colcon_core.event_reactor:joined thread
[13.902s] INFO:colcon.colcon_core.shell:Creating prefix script '/home/student31/leo_ws/src/leo_lidar_sim/install/local_setup.ps1'
[13.904s] INFO:colcon.colcon_core.shell:Creating prefix util module '/home/student31/leo_ws/src/leo_lidar_sim/install/_local_setup_util_ps1.py'
[13.908s] INFO:colcon.colcon_core.shell:Creating prefix chain script '/home/student31/leo_ws/src/leo_lidar_sim/install/setup.ps1'
[13.914s] INFO:colcon.colcon_core.shell:Creating prefix script '/home/student31/leo_ws/src/leo_lidar_sim/install/local_setup.sh'
[13.916s] INFO:colcon.colcon_core.shell:Creating prefix util module '/home/student31/leo_ws/src/leo_lidar_sim/install/_local_setup_util_sh.py'
[13.917s] INFO:colcon.colcon_core.shell:Creating prefix chain script '/home/student31/leo_ws/src/leo_lidar_sim/install/setup.sh'
[13.922s] INFO:colcon.colcon_core.shell:Creating prefix script '/home/student31/leo_ws/src/leo_lidar_sim/install/local_setup.bash'
[13.924s] INFO:colcon.colcon_core.shell:Creating prefix chain script '/home/student31/leo_ws/src/leo_lidar_sim/install/setup.bash'
[13.931s] INFO:colcon.colcon_core.shell:Creating prefix script '/home/student31/leo_ws/src/leo_lidar_sim/install/local_setup.zsh'
[13.933s] INFO:colcon.colcon_core.shell:Creating prefix chain script '/home/student31/leo_ws/src/leo_lidar_sim/install/setup.zsh'
