[0.093s] Invoking command in '/home/student36/RoboticsDesignProject/elephant_arm_ws/build/mycobot_bringup': CMAKE_PREFIX_PATH=${CMAKE_PREFIX_PATH}:/home/student36/ros2_tutorial_workspace/install/the_simplest_python_package:/home/student36/ros2_tutorial_workspace/install/python_package_with_a_node:/home/student36/ros2_tutorial_workspace/install/python_package_that_uses_the_library:/home/student36/ros2_tutorial_workspace/install/python_package_with_a_library:/home/student36/ros2_tutorial_workspace/install/python_package_that_uses_the_services:/home/student36/ros2_tutorial_workspace/install/python_package_that_uses_the_actions:/home/student36/ros2_tutorial_workspace/install/python_package_that_uses_tf2:/home/student36/ros2_tutorial_workspace/install/python_package_that_uses_parameters_and_launch_files:/home/student36/ros2_tutorial_workspace/install/python_package_that_uses_nottf2:/home/student36/ros2_tutorial_workspace/install/python_package_that_uses_nav2:/home/student36/ros2_tutorial_workspace/install/python_package_that_uses_messages:/home/student36/ros2_tutorial_workspace/install/python_package_that_uses_geometry_msgs:/home/student36/ros2_tutorial_workspace/install/python_package_that_uses_gazebo:/home/student36/ws_moveit/install/moveit_configs_utils:/home/student36/elephant_arm_ws/install/mycobot_description:/opt/ros/jazzy DEBUGINFOD_URLS=https://debuginfod.ubuntu.com /usr/bin/cmake /home/student36/RoboticsDesignProject/elephant_arm_ws/src/mycobot_ros2/mycobot_bringup -DCMAKE_INSTALL_PREFIX=/home/student36/RoboticsDesignProject/elephant_arm_ws/install/mycobot_bringup
[0.272s] -- The C compiler identification is GNU 13.3.0
[0.435s] -- The CXX compiler identification is GNU 13.3.0
[0.485s] -- Detecting C compiler ABI info
[0.778s] -- Detecting C compiler ABI info - done
[0.828s] -- Check for working C compiler: /usr/bin/cc - skipped
[0.828s] -- Detecting C compile features
[0.828s] -- Detecting C compile features - done
[0.855s] -- Detecting CXX compiler ABI info
[1.228s] -- Detecting CXX compiler ABI info - done
[1.262s] -- Check for working CXX compiler: /usr/bin/c++ - skipped
[1.263s] -- Detecting CXX compile features
[1.265s] -- Detecting CXX compile features - done
[1.297s] -- Found ament_cmake: 2.5.4 (/opt/ros/jazzy/share/ament_cmake/cmake)
[2.044s] -- Found Python3: /usr/bin/python3 (found version "3.12.3") found components: Interpreter 
[2.705s] -- Found ament_lint_auto: 0.17.3 (/opt/ros/jazzy/share/ament_lint_auto/cmake)
[3.251s] -- Added test 'lint_cmake' to check CMake code style
[3.259s] -- Added test 'xmllint' to check XML markup files
[3.272s] -- Configuring done (3.1s)
[3.280s] -- Generating done (0.0s)
[3.285s] -- Build files have been written to: /home/student36/RoboticsDesignProject/elephant_arm_ws/build/mycobot_bringup
[3.299s] Invoked command in '/home/student36/RoboticsDesignProject/elephant_arm_ws/build/mycobot_bringup' returned '0': CMAKE_PREFIX_PATH=${CMAKE_PREFIX_PATH}:/home/student36/ros2_tutorial_workspace/install/the_simplest_python_package:/home/student36/ros2_tutorial_workspace/install/python_package_with_a_node:/home/student36/ros2_tutorial_workspace/install/python_package_that_uses_the_library:/home/student36/ros2_tutorial_workspace/install/python_package_with_a_library:/home/student36/ros2_tutorial_workspace/install/python_package_that_uses_the_services:/home/student36/ros2_tutorial_workspace/install/python_package_that_uses_the_actions:/home/student36/ros2_tutorial_workspace/install/python_package_that_uses_tf2:/home/student36/ros2_tutorial_workspace/install/python_package_that_uses_parameters_and_launch_files:/home/student36/ros2_tutorial_workspace/install/python_package_that_uses_nottf2:/home/student36/ros2_tutorial_workspace/install/python_package_that_uses_nav2:/home/student36/ros2_tutorial_workspace/install/python_package_that_uses_messages:/home/student36/ros2_tutorial_workspace/install/python_package_that_uses_geometry_msgs:/home/student36/ros2_tutorial_workspace/install/python_package_that_uses_gazebo:/home/student36/ws_moveit/install/moveit_configs_utils:/home/student36/elephant_arm_ws/install/mycobot_description:/opt/ros/jazzy DEBUGINFOD_URLS=https://debuginfod.ubuntu.com /usr/bin/cmake /home/student36/RoboticsDesignProject/elephant_arm_ws/src/mycobot_ros2/mycobot_bringup -DCMAKE_INSTALL_PREFIX=/home/student36/RoboticsDesignProject/elephant_arm_ws/install/mycobot_bringup
[3.301s] Invoking command in '/home/student36/RoboticsDesignProject/elephant_arm_ws/build/mycobot_bringup': CMAKE_PREFIX_PATH=${CMAKE_PREFIX_PATH}:/home/student36/ros2_tutorial_workspace/install/the_simplest_python_package:/home/student36/ros2_tutorial_workspace/install/python_package_with_a_node:/home/student36/ros2_tutorial_workspace/install/python_package_that_uses_the_library:/home/student36/ros2_tutorial_workspace/install/python_package_with_a_library:/home/student36/ros2_tutorial_workspace/install/python_package_that_uses_the_services:/home/student36/ros2_tutorial_workspace/install/python_package_that_uses_the_actions:/home/student36/ros2_tutorial_workspace/install/python_package_that_uses_tf2:/home/student36/ros2_tutorial_workspace/install/python_package_that_uses_parameters_and_launch_files:/home/student36/ros2_tutorial_workspace/install/python_package_that_uses_nottf2:/home/student36/ros2_tutorial_workspace/install/python_package_that_uses_nav2:/home/student36/ros2_tutorial_workspace/install/python_package_that_uses_messages:/home/student36/ros2_tutorial_workspace/install/python_package_that_uses_geometry_msgs:/home/student36/ros2_tutorial_workspace/install/python_package_that_uses_gazebo:/home/student36/ws_moveit/install/moveit_configs_utils:/home/student36/elephant_arm_ws/install/mycobot_description:/opt/ros/jazzy DEBUGINFOD_URLS=https://debuginfod.ubuntu.com /usr/bin/cmake --build /home/student36/RoboticsDesignProject/elephant_arm_ws/build/mycobot_bringup -- -j12 -l12
[3.489s] Invoked command in '/home/student36/RoboticsDesignProject/elephant_arm_ws/build/mycobot_bringup' returned '0': CMAKE_PREFIX_PATH=${CMAKE_PREFIX_PATH}:/home/student36/ros2_tutorial_workspace/install/the_simplest_python_package:/home/student36/ros2_tutorial_workspace/install/python_package_with_a_node:/home/student36/ros2_tutorial_workspace/install/python_package_that_uses_the_library:/home/student36/ros2_tutorial_workspace/install/python_package_with_a_library:/home/student36/ros2_tutorial_workspace/install/python_package_that_uses_the_services:/home/student36/ros2_tutorial_workspace/install/python_package_that_uses_the_actions:/home/student36/ros2_tutorial_workspace/install/python_package_that_uses_tf2:/home/student36/ros2_tutorial_workspace/install/python_package_that_uses_parameters_and_launch_files:/home/student36/ros2_tutorial_workspace/install/python_package_that_uses_nottf2:/home/student36/ros2_tutorial_workspace/install/python_package_that_uses_nav2:/home/student36/ros2_tutorial_workspace/install/python_package_that_uses_messages:/home/student36/ros2_tutorial_workspace/install/python_package_that_uses_geometry_msgs:/home/student36/ros2_tutorial_workspace/install/python_package_that_uses_gazebo:/home/student36/ws_moveit/install/moveit_configs_utils:/home/student36/elephant_arm_ws/install/mycobot_description:/opt/ros/jazzy DEBUGINFOD_URLS=https://debuginfod.ubuntu.com /usr/bin/cmake --build /home/student36/RoboticsDesignProject/elephant_arm_ws/build/mycobot_bringup -- -j12 -l12
[3.492s] Invoking command in '/home/student36/RoboticsDesignProject/elephant_arm_ws/build/mycobot_bringup': CMAKE_PREFIX_PATH=${CMAKE_PREFIX_PATH}:/home/student36/ros2_tutorial_workspace/install/the_simplest_python_package:/home/student36/ros2_tutorial_workspace/install/python_package_with_a_node:/home/student36/ros2_tutorial_workspace/install/python_package_that_uses_the_library:/home/student36/ros2_tutorial_workspace/install/python_package_with_a_library:/home/student36/ros2_tutorial_workspace/install/python_package_that_uses_the_services:/home/student36/ros2_tutorial_workspace/install/python_package_that_uses_the_actions:/home/student36/ros2_tutorial_workspace/install/python_package_that_uses_tf2:/home/student36/ros2_tutorial_workspace/install/python_package_that_uses_parameters_and_launch_files:/home/student36/ros2_tutorial_workspace/install/python_package_that_uses_nottf2:/home/student36/ros2_tutorial_workspace/install/python_package_that_uses_nav2:/home/student36/ros2_tutorial_workspace/install/python_package_that_uses_messages:/home/student36/ros2_tutorial_workspace/install/python_package_that_uses_geometry_msgs:/home/student36/ros2_tutorial_workspace/install/python_package_that_uses_gazebo:/home/student36/ws_moveit/install/moveit_configs_utils:/home/student36/elephant_arm_ws/install/mycobot_description:/opt/ros/jazzy DEBUGINFOD_URLS=https://debuginfod.ubuntu.com /usr/bin/cmake --install /home/student36/RoboticsDesignProject/elephant_arm_ws/build/mycobot_bringup
[3.534s] -- Install configuration: ""
[3.534s] -- Installing: /home/student36/RoboticsDesignProject/elephant_arm_ws/install/mycobot_bringup/share/mycobot_bringup/scripts
[3.534s] -- Installing: /home/student36/RoboticsDesignProject/elephant_arm_ws/install/mycobot_bringup/share/mycobot_bringup/scripts/mycobot_280_gazebo_and_moveit.sh
[3.535s] -- Installing: /home/student36/RoboticsDesignProject/elephant_arm_ws/install/mycobot_bringup/share/mycobot_bringup/scripts/mycobot_280_mtc_demos.sh
[3.535s] -- Installing: /home/student36/RoboticsDesignProject/elephant_arm_ws/install/mycobot_bringup/share/mycobot_bringup/scripts/mycobot_280_gazebo.sh
[3.535s] -- Installing: /home/student36/RoboticsDesignProject/elephant_arm_ws/install/mycobot_bringup/share/ament_index/resource_index/package_run_dependencies/mycobot_bringup
[3.535s] -- Installing: /home/student36/RoboticsDesignProject/elephant_arm_ws/install/mycobot_bringup/share/ament_index/resource_index/parent_prefix_path/mycobot_bringup
[3.536s] -- Installing: /home/student36/RoboticsDesignProject/elephant_arm_ws/install/mycobot_bringup/share/mycobot_bringup/environment/ament_prefix_path.sh
[3.536s] -- Installing: /home/student36/RoboticsDesignProject/elephant_arm_ws/install/mycobot_bringup/share/mycobot_bringup/environment/ament_prefix_path.dsv
[3.536s] -- Installing: /home/student36/RoboticsDesignProject/elephant_arm_ws/install/mycobot_bringup/share/mycobot_bringup/environment/path.sh
[3.536s] -- Installing: /home/student36/RoboticsDesignProject/elephant_arm_ws/install/mycobot_bringup/share/mycobot_bringup/environment/path.dsv
[3.537s] -- Installing: /home/student36/RoboticsDesignProject/elephant_arm_ws/install/mycobot_bringup/share/mycobot_bringup/local_setup.bash
[3.537s] -- Installing: /home/student36/RoboticsDesignProject/elephant_arm_ws/install/mycobot_bringup/share/mycobot_bringup/local_setup.sh
[3.537s] -- Installing: /home/student36/RoboticsDesignProject/elephant_arm_ws/install/mycobot_bringup/share/mycobot_bringup/local_setup.zsh
[3.537s] -- Installing: /home/student36/RoboticsDesignProject/elephant_arm_ws/install/mycobot_bringup/share/mycobot_bringup/local_setup.dsv
[3.538s] -- Installing: /home/student36/RoboticsDesignProject/elephant_arm_ws/install/mycobot_bringup/share/mycobot_bringup/package.dsv
[3.538s] -- Installing: /home/student36/RoboticsDesignProject/elephant_arm_ws/install/mycobot_bringup/share/ament_index/resource_index/packages/mycobot_bringup
[3.538s] -- Installing: /home/student36/RoboticsDesignProject/elephant_arm_ws/install/mycobot_bringup/share/mycobot_bringup/cmake/mycobot_bringupConfig.cmake
[3.538s] -- Installing: /home/student36/RoboticsDesignProject/elephant_arm_ws/install/mycobot_bringup/share/mycobot_bringup/cmake/mycobot_bringupConfig-version.cmake
[3.538s] -- Installing: /home/student36/RoboticsDesignProject/elephant_arm_ws/install/mycobot_bringup/share/mycobot_bringup/package.xml
[3.542s] Invoked command in '/home/student36/RoboticsDesignProject/elephant_arm_ws/build/mycobot_bringup' returned '0': CMAKE_PREFIX_PATH=${CMAKE_PREFIX_PATH}:/home/student36/ros2_tutorial_workspace/install/the_simplest_python_package:/home/student36/ros2_tutorial_workspace/install/python_package_with_a_node:/home/student36/ros2_tutorial_workspace/install/python_package_that_uses_the_library:/home/student36/ros2_tutorial_workspace/install/python_package_with_a_library:/home/student36/ros2_tutorial_workspace/install/python_package_that_uses_the_services:/home/student36/ros2_tutorial_workspace/install/python_package_that_uses_the_actions:/home/student36/ros2_tutorial_workspace/install/python_package_that_uses_tf2:/home/student36/ros2_tutorial_workspace/install/python_package_that_uses_parameters_and_launch_files:/home/student36/ros2_tutorial_workspace/install/python_package_that_uses_nottf2:/home/student36/ros2_tutorial_workspace/install/python_package_that_uses_nav2:/home/student36/ros2_tutorial_workspace/install/python_package_that_uses_messages:/home/student36/ros2_tutorial_workspace/install/python_package_that_uses_geometry_msgs:/home/student36/ros2_tutorial_workspace/install/python_package_that_uses_gazebo:/home/student36/ws_moveit/install/moveit_configs_utils:/home/student36/elephant_arm_ws/install/mycobot_description:/opt/ros/jazzy DEBUGINFOD_URLS=https://debuginfod.ubuntu.com /usr/bin/cmake --install /home/student36/RoboticsDesignProject/elephant_arm_ws/build/mycobot_bringup
