-- The C compiler identification is GNU 13.3.0
-- The CXX compiler identification is GNU 13.3.0
-- Detecting C compiler ABI info
-- Detecting C compiler ABI info - done
-- Check for working C compiler: /usr/bin/cc - skipped
-- Detecting C compile features
-- Detecting C compile features - done
-- Detecting CXX compiler ABI info
-- Detecting CXX compiler ABI info - done
-- Check for working CXX compiler: /usr/bin/c++ - skipped
-- Detecting CXX compile features
-- Detecting CXX compile features - done
-- Found ament_cmake: 2.5.5 (/opt/ros/jazzy/share/ament_cmake/cmake)
-- Found Python3: /usr/bin/python3 (found version "3.12.3") found components: Interpreter 
-- Found rclcpp: 28.1.16 (/opt/ros/jazzy/share/rclcpp/cmake)
-- Found rosidl_generator_c: 4.6.7 (/opt/ros/jazzy/share/rosidl_generator_c/cmake)
-- Found rosidl_generator_cpp: 4.6.7 (/opt/ros/jazzy/share/rosidl_generator_cpp/cmake)
-- Using all available rosidl_typesupport_c: rosidl_typesupport_fastrtps_c;rosidl_typesupport_introspection_c
-- Using all available rosidl_typesupport_cpp: rosidl_typesupport_fastrtps_cpp;rosidl_typesupport_introspection_cpp
-- Found rmw_implementation_cmake: 7.3.3 (/opt/ros/jazzy/share/rmw_implementation_cmake/cmake)
-- Found rmw_fastrtps_cpp: 8.4.3 (/opt/ros/jazzy/share/rmw_fastrtps_cpp/cmake)
-- Found OpenSSL: /usr/lib/x86_64-linux-gnu/libcrypto.so (found version "3.0.13")  
-- Found FastRTPS: /opt/ros/jazzy/include (Required is at least version "2.13") 
-- Using RMW implementation 'rmw_fastrtps_cpp' as default
-- Found rclpy: 7.1.9 (/opt/ros/jazzy/share/rclpy/cmake)
-- Found std_msgs: 5.3.6 (/opt/ros/jazzy/share/std_msgs/cmake)
-- Found sensor_msgs: 5.3.6 (/opt/ros/jazzy/share/sensor_msgs/cmake)
-- Found nav_msgs: 5.3.6 (/opt/ros/jazzy/share/nav_msgs/cmake)
-- Found tf2: 0.36.19 (/opt/ros/jazzy/share/tf2/cmake)
-- Found tf2_ros: 0.36.19 (/opt/ros/jazzy/share/tf2_ros/cmake)
-- Found pcl_ros: 2.6.2 (/opt/ros/jazzy/share/pcl_ros/cmake)
-- Found flann version 1.9.2
-- Found OpenMP_CXX: -fopenmp (found version "4.5") 
-- Found OpenMP: TRUE (found version "4.5") found components: CXX 
-- Checking for module 'libusb-1.0'
--   Found libusb-1.0, version 1.0.27
-- Found libusb: /usr/lib/x86_64-linux-gnu/libusb-1.0.so  
-- OpenNI found (version: 1.5.4.0, include: /usr/include/ni, lib: /usr/lib/libOpenNI.so;libusb::libusb)
-- OpenNI2 found (version: 2.2.0.33, include: /usr/include/openni2, lib: /usr/lib/x86_64-linux-gnu/libOpenNI2.so;libusb::libusb)
-- Could NOT find Pcap (missing: PCAP_LIBRARIES PCAP_INCLUDE_DIRS) 
-- Found ZLIB: /usr/lib/x86_64-linux-gnu/libz.so (found version "1.3")  
-- Found PNG: /usr/lib/x86_64-linux-gnu/libpng.so (found version "1.6.43") 
-- OpenNI found (version: 1.5.4.0, include: /usr/include/ni, lib: /usr/lib/libOpenNI.so;libusb::libusb)
-- OpenNI2 found (version: 2.2.0.33, include: /usr/include/openni2, lib: /usr/lib/x86_64-linux-gnu/libOpenNI2.so;libusb::libusb)
-- Found Qhull version 8.0.2
-- OpenNI found (version: 1.5.4.0, include: /usr/include/ni, lib: /usr/lib/libOpenNI.so;libusb::libusb)
-- Found PCL_COMMON: /usr/lib/x86_64-linux-gnu/libpcl_common.so  
-- Found PCL_KDTREE: /usr/lib/x86_64-linux-gnu/libpcl_kdtree.so  
-- Found PCL_OCTREE: /usr/lib/x86_64-linux-gnu/libpcl_octree.so  
-- Found PCL_SEARCH: /usr/lib/x86_64-linux-gnu/libpcl_search.so  
-- Found PCL_SAMPLE_CONSENSUS: /usr/lib/x86_64-linux-gnu/libpcl_sample_consensus.so  
-- Found PCL_FILTERS: /usr/lib/x86_64-linux-gnu/libpcl_filters.so  
-- Found PCL_2D: /usr/include/pcl-1.14  
-- Found PCL_GEOMETRY: /usr/include/pcl-1.14  
-- Found PCL_IO: /usr/lib/x86_64-linux-gnu/libpcl_io.so  
-- Found PCL_FEATURES: /usr/lib/x86_64-linux-gnu/libpcl_features.so  
-- Found PCL_ML: /usr/lib/x86_64-linux-gnu/libpcl_ml.so  
-- Found PCL_SEGMENTATION: /usr/lib/x86_64-linux-gnu/libpcl_segmentation.so  
-- Found PCL_VISUALIZATION: /usr/lib/x86_64-linux-gnu/libpcl_visualization.so  
-- Found PCL_SURFACE: /usr/lib/x86_64-linux-gnu/libpcl_surface.so  
-- Found PCL_REGISTRATION: /usr/lib/x86_64-linux-gnu/libpcl_registration.so  
-- Found PCL_KEYPOINTS: /usr/lib/x86_64-linux-gnu/libpcl_keypoints.so  
-- Found PCL_TRACKING: /usr/lib/x86_64-linux-gnu/libpcl_tracking.so  
-- Found PCL_RECOGNITION: /usr/lib/x86_64-linux-gnu/libpcl_recognition.so  
-- Found PCL_STEREO: /usr/lib/x86_64-linux-gnu/libpcl_stereo.so  
-- Found PCL_APPS: /usr/lib/x86_64-linux-gnu/libpcl_apps.so  
-- Found PCL_IN_HAND_SCANNER: /usr/include/pcl-1.14  
-- Found PCL_MODELER: /usr/include/pcl-1.14  
-- Found PCL_POINT_CLOUD_EDITOR: /usr/include/pcl-1.14  
-- Found PCL_OUTOFCORE: /usr/lib/x86_64-linux-gnu/libpcl_outofcore.so  
-- Found PCL_PEOPLE: /usr/lib/x86_64-linux-gnu/libpcl_people.so  
-- Found eigen3_cmake_module: 0.3.0 (/opt/ros/jazzy/share/eigen3_cmake_module/cmake)
-- Found Eigen3: TRUE (found version "3.4.0") 
-- Ensuring Eigen3 include directory is part of orocos-kdl CMake target
-- Found ament_lint_auto: 0.17.4 (/opt/ros/jazzy/share/ament_lint_auto/cmake)
-- Added test 'copyright' to check source files copyright and LICENSE
-- Added test 'cppcheck' to perform static code analysis on C / C++ code
-- Configured cppcheck include dirs: /home/student31/leo_ws/src/leo_lidar_sim/include
-- Configured cppcheck exclude dirs and/or files: 
-- Added test 'cpplint' to check C / C++ code against the Google style
-- Configured cpplint exclude dirs and/or files: 
-- Added test 'flake8' to check Python code syntax and style conventions
-- Configured 'flake8' exclude dirs and/or files: 
-- Added test 'lint_cmake' to check CMake code style
-- Added test 'pep257' to check Python code against some of the docstring style conventions in PEP 257
-- Added test 'uncrustify' to check C / C++ code style
-- Configured uncrustify additional arguments: 
-- Added test 'xmllint' to check XML markup files
-- Configuring done (12.9s)
-- Generating done (0.0s)
-- Build files have been written to: /home/student31/leo_ws/src/leo_lidar_sim/build/leo_lidar_sim
-- Install configuration: ""
-- Installing: /home/student31/leo_ws/src/leo_lidar_sim/install/leo_lidar_sim/lib/leo_lidar_sim/simple_object_detector.py
-- Installing: /home/student31/leo_ws/src/leo_lidar_sim/install/leo_lidar_sim/lib/leo_lidar_sim/odom_to_tf.py
-- Installing: /home/student31/leo_ws/src/leo_lidar_sim/install/leo_lidar_sim/lib/leo_lidar_sim/camera_info_publisher.py
-- Installing: /home/student31/leo_ws/src/leo_lidar_sim/install/leo_lidar_sim/lib/leo_lidar_sim/scan_health_checker.py
-- Installing: /home/student31/leo_ws/src/leo_lidar_sim/install/leo_lidar_sim/lib/leo_lidar_sim/scan_corruptor.py
-- Installing: /home/student31/leo_ws/src/leo_lidar_sim/install/leo_lidar_sim/lib/leo_lidar_sim/simple_arm_controller.py
-- Installing: /home/student31/leo_ws/src/leo_lidar_sim/install/leo_lidar_sim/lib/leo_lidar_sim/detection_node.py
-- Installing: /home/student31/leo_ws/src/leo_lidar_sim/install/leo_lidar_sim/lib/leo_lidar_sim/adapter.py
-- Installing: /home/student31/leo_ws/src/leo_lidar_sim/install/leo_lidar_sim/lib/leo_lidar_sim/vision_to_navigation.py
-- Installing: /home/student31/leo_ws/src/leo_lidar_sim/install/leo_lidar_sim/share/leo_lidar_sim/launch
-- Installing: /home/student31/leo_ws/src/leo_lidar_sim/install/leo_lidar_sim/share/leo_lidar_sim/launch/ekf.launch.py
-- Installing: /home/student31/leo_ws/src/leo_lidar_sim/install/leo_lidar_sim/share/leo_lidar_sim/launch/robot_state.launch.py
-- Installing: /home/student31/leo_ws/src/leo_lidar_sim/install/leo_lidar_sim/share/leo_lidar_sim/launch/sim_fixed.launch.py
-- Installing: /home/student31/leo_ws/src/leo_lidar_sim/install/leo_lidar_sim/share/leo_lidar_sim/launch/complete_system.launch.py
-- Installing: /home/student31/leo_ws/src/leo_lidar_sim/install/leo_lidar_sim/share/leo_lidar_sim/launch/slam.launch.py
-- Installing: /home/student31/leo_ws/src/leo_lidar_sim/install/leo_lidar_sim/share/leo_lidar_sim/launch/sim_robot_pillars.launch.py
-- Installing: /home/student31/leo_ws/src/leo_lidar_sim/install/leo_lidar_sim/share/leo_lidar_sim/launch/nav2.launch.py
-- Installing: /home/student31/leo_ws/src/leo_lidar_sim/install/leo_lidar_sim/share/leo_lidar_sim/launch/leo_with_camera.launch.py
-- Installing: /home/student31/leo_ws/src/leo_lidar_sim/install/leo_lidar_sim/share/leo_lidar_sim/launch/sim.launch.py
-- Installing: /home/student31/leo_ws/src/leo_lidar_sim/install/leo_lidar_sim/share/leo_lidar_sim/launch/object_detection.launch.py
-- Installing: /home/student31/leo_ws/src/leo_lidar_sim/install/leo_lidar_sim/share/leo_lidar_sim/launch/sorting_room_complete.launch.py
-- Installing: /home/student31/leo_ws/src/leo_lidar_sim/install/leo_lidar_sim/share/leo_lidar_sim/launch/vision_system.launch.py
-- Installing: /home/student31/leo_ws/src/leo_lidar_sim/install/leo_lidar_sim/share/leo_lidar_sim/launch/navigation.launch.py
-- Installing: /home/student31/leo_ws/src/leo_lidar_sim/install/leo_lidar_sim/share/leo_lidar_sim/config
-- Installing: /home/student31/leo_ws/src/leo_lidar_sim/install/leo_lidar_sim/share/leo_lidar_sim/config/mapper_params_online_async.yaml
-- Installing: /home/student31/leo_ws/src/leo_lidar_sim/install/leo_lidar_sim/share/leo_lidar_sim/config/ekf.yaml
-- Installing: /home/student31/leo_ws/src/leo_lidar_sim/install/leo_lidar_sim/share/leo_lidar_sim/config/slam_toolbox.yaml
-- Installing: /home/student31/leo_ws/src/leo_lidar_sim/install/leo_lidar_sim/share/leo_lidar_sim/config/nav2_params.yaml
-- Installing: /home/student31/leo_ws/src/leo_lidar_sim/install/leo_lidar_sim/share/leo_lidar_sim/urdf
-- Installing: /home/student31/leo_ws/src/leo_lidar_sim/install/leo_lidar_sim/share/leo_lidar_sim/urdf/leo_rover_with_pillars.urdf.xacro
-- Installing: /home/student31/leo_ws/src/leo_lidar_sim/install/leo_lidar_sim/share/leo_lidar_sim/urdf/leo_complete.urdf.xacro
-- Installing: /home/student31/leo_ws/src/leo_lidar_sim/install/leo_lidar_sim/share/leo_lidar_sim/urdf/leo_rover.urdf.xacro
-- Installing: /home/student31/leo_ws/src/leo_lidar_sim/install/leo_lidar_sim/share/leo_lidar_sim/urdf/leo_with_arm_camera.urdf.xacro
-- Installing: /home/student31/leo_ws/src/leo_lidar_sim/install/leo_lidar_sim/share/leo_lidar_sim/urdf/leo_sim_lidar.urdf.xacro
-- Installing: /home/student31/leo_ws/src/leo_lidar_sim/install/leo_lidar_sim/share/leo_lidar_sim/urdf/leo_with_lidar.urdf.xacro
-- Installing: /home/student31/leo_ws/src/leo_lidar_sim/install/leo_lidar_sim/share/leo_lidar_sim/urdf/leo_with_visible_arm.urdf.xacro
-- Installing: /home/student31/leo_ws/src/leo_lidar_sim/install/leo_lidar_sim/share/leo_lidar_sim/worlds
-- Installing: /home/student31/leo_ws/src/leo_lidar_sim/install/leo_lidar_sim/share/leo_lidar_sim/worlds/leo_world.sdf
-- Installing: /home/student31/leo_ws/src/leo_lidar_sim/install/leo_lidar_sim/share/leo_lidar_sim/worlds/leo_world_simple.sdf
-- Installing: /home/student31/leo_ws/src/leo_lidar_sim/install/leo_lidar_sim/share/leo_lidar_sim/worlds/sorting_room.sdf
-- Installing: /home/student31/leo_ws/src/leo_lidar_sim/install/leo_lidar_sim/share/leo_lidar_sim/worlds/sorting_room_FIXED.sdf
-- Installing: /home/student31/leo_ws/src/leo_lidar_sim/install/leo_lidar_sim/share/leo_lidar_sim/rviz
-- Installing: /home/student31/leo_ws/src/leo_lidar_sim/install/leo_lidar_sim/share/leo_lidar_sim/rviz/leo_sim.rviz
-- Installing: /home/student31/leo_ws/src/leo_lidar_sim/install/leo_lidar_sim/share/leo_lidar_sim/rviz/leo_with_arm.rviz
-- Installing: /home/student31/leo_ws/src/leo_lidar_sim/install/leo_lidar_sim/share/leo_lidar_sim/maps
-- Installing: /home/student31/leo_ws/src/leo_lidar_sim/install/leo_lidar_sim/share/leo_lidar_sim/maps/map.yaml
-- Installing: /home/student31/leo_ws/src/leo_lidar_sim/install/leo_lidar_sim/share/leo_lidar_sim/models
-- Installing: /home/student31/leo_ws/src/leo_lidar_sim/install/leo_lidar_sim/share/leo_lidar_sim/models/mycobot_arm
-- Installing: /home/student31/leo_ws/src/leo_lidar_sim/install/leo_lidar_sim/share/leo_lidar_sim/models/mycobot_arm/model.config
-- Installing: /home/student31/leo_ws/src/leo_lidar_sim/install/leo_lidar_sim/share/leo_lidar_sim/models/mycobot_arm/model.sdf
-- Installing: /home/student31/leo_ws/src/leo_lidar_sim/install/leo_lidar_sim/share/leo_lidar_sim/models/lidar_sensor
-- Installing: /home/student31/leo_ws/src/leo_lidar_sim/install/leo_lidar_sim/share/leo_lidar_sim/models/lidar_sensor/model.config
-- Installing: /home/student31/leo_ws/src/leo_lidar_sim/install/leo_lidar_sim/share/leo_lidar_sim/models/lidar_sensor/model.sdf
-- Installing: /home/student31/leo_ws/src/leo_lidar_sim/install/leo_lidar_sim/share/leo_lidar_sim/scripts
-- Installing: /home/student31/leo_ws/src/leo_lidar_sim/install/leo_lidar_sim/share/leo_lidar_sim/scripts/scan_filter.py
-- Installing: /home/student31/leo_ws/src/leo_lidar_sim/install/leo_lidar_sim/share/leo_lidar_sim/scripts/adapter.py
-- Installing: /home/student31/leo_ws/src/leo_lidar_sim/install/leo_lidar_sim/share/leo_lidar_sim/scripts/__pycache__
-- Installing: /home/student31/leo_ws/src/leo_lidar_sim/install/leo_lidar_sim/share/leo_lidar_sim/scripts/__pycache__/detectionClass.cpython-312.pyc
-- Installing: /home/student31/leo_ws/src/leo_lidar_sim/install/leo_lidar_sim/share/leo_lidar_sim/scripts/simple_tf_start.sh
-- Installing: /home/student31/leo_ws/src/leo_lidar_sim/install/leo_lidar_sim/share/leo_lidar_sim/scripts/vision_to_navigation.py
-- Installing: /home/student31/leo_ws/src/leo_lidar_sim/install/leo_lidar_sim/share/leo_lidar_sim/scripts/start_all_tf.sh
-- Installing: /home/student31/leo_ws/src/leo_lidar_sim/install/leo_lidar_sim/share/leo_lidar_sim/scripts/simple_object_detector.py
-- Installing: /home/student31/leo_ws/src/leo_lidar_sim/install/leo_lidar_sim/share/leo_lidar_sim/scripts/simple_arm_controller.py
-- Installing: /home/student31/leo_ws/src/leo_lidar_sim/install/leo_lidar_sim/share/leo_lidar_sim/scripts/generate_leo_with_arm.sh
-- Installing: /home/student31/leo_ws/src/leo_lidar_sim/install/leo_lidar_sim/share/leo_lidar_sim/scripts/detectionClass.py
-- Installing: /home/student31/leo_ws/src/leo_lidar_sim/install/leo_lidar_sim/share/leo_lidar_sim/scripts/scan_health_checker.py
-- Installing: /home/student31/leo_ws/src/leo_lidar_sim/install/leo_lidar_sim/share/leo_lidar_sim/scripts/record_rosbag.sh
-- Installing: /home/student31/leo_ws/src/leo_lidar_sim/install/leo_lidar_sim/share/leo_lidar_sim/scripts/scan_corruptor.py
-- Installing: /home/student31/leo_ws/src/leo_lidar_sim/install/leo_lidar_sim/share/leo_lidar_sim/scripts/camera_info_publisher.py
-- Installing: /home/student31/leo_ws/src/leo_lidar_sim/install/leo_lidar_sim/share/leo_lidar_sim/scripts/detection_node.py
-- Installing: /home/student31/leo_ws/src/leo_lidar_sim/install/leo_lidar_sim/share/leo_lidar_sim/scripts/odom_to_tf.py
-- Installing: /home/student31/leo_ws/src/leo_lidar_sim/install/leo_lidar_sim/share/ament_index/resource_index/package_run_dependencies/leo_lidar_sim
-- Installing: /home/student31/leo_ws/src/leo_lidar_sim/install/leo_lidar_sim/share/ament_index/resource_index/parent_prefix_path/leo_lidar_sim
-- Installing: /home/student31/leo_ws/src/leo_lidar_sim/install/leo_lidar_sim/share/leo_lidar_sim/environment/ament_prefix_path.sh
-- Installing: /home/student31/leo_ws/src/leo_lidar_sim/install/leo_lidar_sim/share/leo_lidar_sim/environment/ament_prefix_path.dsv
-- Installing: /home/student31/leo_ws/src/leo_lidar_sim/install/leo_lidar_sim/share/leo_lidar_sim/environment/path.sh
-- Installing: /home/student31/leo_ws/src/leo_lidar_sim/install/leo_lidar_sim/share/leo_lidar_sim/environment/path.dsv
-- Installing: /home/student31/leo_ws/src/leo_lidar_sim/install/leo_lidar_sim/share/leo_lidar_sim/local_setup.bash
-- Installing: /home/student31/leo_ws/src/leo_lidar_sim/install/leo_lidar_sim/share/leo_lidar_sim/local_setup.sh
-- Installing: /home/student31/leo_ws/src/leo_lidar_sim/install/leo_lidar_sim/share/leo_lidar_sim/local_setup.zsh
-- Installing: /home/student31/leo_ws/src/leo_lidar_sim/install/leo_lidar_sim/share/leo_lidar_sim/local_setup.dsv
-- Installing: /home/student31/leo_ws/src/leo_lidar_sim/install/leo_lidar_sim/share/leo_lidar_sim/package.dsv
-- Installing: /home/student31/leo_ws/src/leo_lidar_sim/install/leo_lidar_sim/share/ament_index/resource_index/packages/leo_lidar_sim
-- Installing: /home/student31/leo_ws/src/leo_lidar_sim/install/leo_lidar_sim/share/leo_lidar_sim/cmake/leo_lidar_simConfig.cmake
-- Installing: /home/student31/leo_ws/src/leo_lidar_sim/install/leo_lidar_sim/share/leo_lidar_sim/cmake/leo_lidar_simConfig-version.cmake
-- Installing: /home/student31/leo_ws/src/leo_lidar_sim/install/leo_lidar_sim/share/leo_lidar_sim/package.xml
